Component: ARM Compiler 5.05 update 1 (build 106) Tool: armlink [4d0efa]

==============================================================================

Section Cross References

    startup_stm32f407xx.o(STACK) refers (Special) to heapauxi.o(.text) for __use_two_region_memory
    startup_stm32f407xx.o(HEAP) refers (Special) to heapauxi.o(.text) for __use_two_region_memory
    startup_stm32f407xx.o(RESET) refers (Special) to heapauxi.o(.text) for __use_two_region_memory
    startup_stm32f407xx.o(RESET) refers to startup_stm32f407xx.o(STACK) for __initial_sp
    startup_stm32f407xx.o(RESET) refers to startup_stm32f407xx.o(.text) for Reset_Handler
    startup_stm32f407xx.o(RESET) refers to stm32f4xx_it.o(i.NMI_Handler) for NMI_Handler
    startup_stm32f407xx.o(RESET) refers to stm32f4xx_it.o(i.HardFault_Handler) for HardFault_Handler
    startup_stm32f407xx.o(RESET) refers to stm32f4xx_it.o(i.MemManage_Handler) for MemManage_Handler
    startup_stm32f407xx.o(RESET) refers to stm32f4xx_it.o(i.BusFault_Handler) for BusFault_Handler
    startup_stm32f407xx.o(RESET) refers to stm32f4xx_it.o(i.UsageFault_Handler) for UsageFault_Handler
    startup_stm32f407xx.o(RESET) refers to port.o(.emb_text) for SVC_Handler
    startup_stm32f407xx.o(RESET) refers to stm32f4xx_it.o(i.DebugMon_Handler) for DebugMon_Handler
    startup_stm32f407xx.o(RESET) refers to stm32f4xx_it.o(i.SysTick_Handler) for SysTick_Handler
    startup_stm32f407xx.o(RESET) refers to stm32f4xx_it.o(i.DMA1_Stream5_IRQHandler) for DMA1_Stream5_IRQHandler
    startup_stm32f407xx.o(RESET) refers to stm32f4xx_it.o(i.CAN1_RX0_IRQHandler) for CAN1_RX0_IRQHandler
    startup_stm32f407xx.o(RESET) refers to stm32f4xx_it.o(i.TIM1_UP_TIM10_IRQHandler) for TIM1_UP_TIM10_IRQHandler
    startup_stm32f407xx.o(RESET) refers to stm32f4xx_it.o(i.TIM2_IRQHandler) for TIM2_IRQHandler
    startup_stm32f407xx.o(RESET) refers to stm32f4xx_it.o(i.TIM3_IRQHandler) for TIM3_IRQHandler
    startup_stm32f407xx.o(RESET) refers to stm32f4xx_it.o(i.USART1_IRQHandler) for USART1_IRQHandler
    startup_stm32f407xx.o(RESET) refers to stm32f4xx_it.o(i.TIM5_IRQHandler) for TIM5_IRQHandler
    startup_stm32f407xx.o(RESET) refers to stm32f4xx_it.o(i.DMA2_Stream0_IRQHandler) for DMA2_Stream0_IRQHandler
    startup_stm32f407xx.o(RESET) refers to stm32f4xx_it.o(i.DMA2_Stream1_IRQHandler) for DMA2_Stream1_IRQHandler
    startup_stm32f407xx.o(RESET) refers to stm32f4xx_it.o(i.DMA2_Stream2_IRQHandler) for DMA2_Stream2_IRQHandler
    startup_stm32f407xx.o(RESET) refers to stm32f4xx_it.o(i.DMA2_Stream7_IRQHandler) for DMA2_Stream7_IRQHandler
    startup_stm32f407xx.o(.text) refers (Special) to heapauxi.o(.text) for __use_two_region_memory
    startup_stm32f407xx.o(.text) refers to system_stm32f4xx.o(i.SystemInit) for SystemInit
    startup_stm32f407xx.o(.text) refers to __main.o(!!!main) for __main
    startup_stm32f407xx.o(.text) refers to startup_stm32f407xx.o(HEAP) for Heap_Mem
    startup_stm32f407xx.o(.text) refers to startup_stm32f407xx.o(STACK) for Stack_Mem
    stm32f4xx_hal_adc.o(i.ADC_DMAConvCplt) refers to main.o(i.HAL_ADC_ConvCpltCallback) for HAL_ADC_ConvCpltCallback
    stm32f4xx_hal_adc.o(i.ADC_DMAError) refers to stm32f4xx_hal_adc.o(i.HAL_ADC_ErrorCallback) for HAL_ADC_ErrorCallback
    stm32f4xx_hal_adc.o(i.ADC_DMAHalfConvCplt) refers to main.o(i.HAL_ADC_ConvHalfCpltCallback) for HAL_ADC_ConvHalfCpltCallback
    stm32f4xx_hal_adc.o(i.HAL_ADC_ConfigChannel) refers to system_stm32f4xx.o(.data) for SystemCoreClock
    stm32f4xx_hal_adc.o(i.HAL_ADC_DeInit) refers to adc.o(i.HAL_ADC_MspDeInit) for HAL_ADC_MspDeInit
    stm32f4xx_hal_adc.o(i.HAL_ADC_IRQHandler) refers to main.o(i.HAL_ADC_ConvCpltCallback) for HAL_ADC_ConvCpltCallback
    stm32f4xx_hal_adc.o(i.HAL_ADC_IRQHandler) refers to stm32f4xx_hal_adc_ex.o(i.HAL_ADCEx_InjectedConvCpltCallback) for HAL_ADCEx_InjectedConvCpltCallback
    stm32f4xx_hal_adc.o(i.HAL_ADC_IRQHandler) refers to stm32f4xx_hal_adc.o(i.HAL_ADC_LevelOutOfWindowCallback) for HAL_ADC_LevelOutOfWindowCallback
    stm32f4xx_hal_adc.o(i.HAL_ADC_IRQHandler) refers to stm32f4xx_hal_adc.o(i.HAL_ADC_ErrorCallback) for HAL_ADC_ErrorCallback
    stm32f4xx_hal_adc.o(i.HAL_ADC_Init) refers to adc.o(i.HAL_ADC_MspInit) for HAL_ADC_MspInit
    stm32f4xx_hal_adc.o(i.HAL_ADC_Init) refers to stm32f4xx_hal_adc.o(i.ADC_Init) for ADC_Init
    stm32f4xx_hal_adc.o(i.HAL_ADC_PollForConversion) refers to stm32f4xx_hal.o(i.HAL_GetTick) for HAL_GetTick
    stm32f4xx_hal_adc.o(i.HAL_ADC_PollForEvent) refers to stm32f4xx_hal.o(i.HAL_GetTick) for HAL_GetTick
    stm32f4xx_hal_adc.o(i.HAL_ADC_Start) refers to system_stm32f4xx.o(.data) for SystemCoreClock
    stm32f4xx_hal_adc.o(i.HAL_ADC_Start_DMA) refers to stm32f4xx_hal_dma.o(i.HAL_DMA_Start_IT) for HAL_DMA_Start_IT
    stm32f4xx_hal_adc.o(i.HAL_ADC_Start_DMA) refers to system_stm32f4xx.o(.data) for SystemCoreClock
    stm32f4xx_hal_adc.o(i.HAL_ADC_Start_DMA) refers to stm32f4xx_hal_adc.o(i.ADC_DMAConvCplt) for ADC_DMAConvCplt
[...]
    HAL_ADC_ErrorCallback                    0x08000c71   Thumb Code     2  stm32f4xx_hal_adc.o(i.HAL_ADC_ErrorCallback)
    HAL_ADC_Init                             0x08000c73   Thumb Code    84  stm32f4xx_hal_adc.o(i.HAL_ADC_Init)
    HAL_ADC_MspInit                          0x08000cc9   Thumb Code   108  adc.o(i.HAL_ADC_MspInit)
    HAL_ADC_Start_DMA                        0x08000d59   Thumb Code   230  stm32f4xx_hal_adc.o(i.HAL_ADC_Start_DMA)
    HAL_ADC_Stop_DMA                         0x08000e5d   Thumb Code    88  stm32f4xx_hal_adc.o(i.HAL_ADC_Stop_DMA)
    HAL_CAN_ConfigFilter                     0x08000eb5   Thumb Code   244  stm32f4xx_hal_can.o(i.HAL_CAN_ConfigFilter)
    HAL_CAN_ErrorCallback                    0x08000fad   Thumb Code     2  stm32f4xx_hal_can.o(i.HAL_CAN_ErrorCallback)
    HAL_CAN_IRQHandler                       0x08000fb1   Thumb Code   548  stm32f4xx_hal_can.o(i.HAL_CAN_IRQHandler)
    HAL_CAN_Init                             0x080011e5   Thumb Code   332  stm32f4xx_hal_can.o(i.HAL_CAN_Init)
    HAL_CAN_MspInit                          0x08001331   Thumb Code    80  can.o(i.HAL_CAN_MspInit)
    HAL_CAN_Receive_IT                       0x0800138d   Thumb Code   184  stm32f4xx_hal_can.o(i.HAL_CAN_Receive_IT)
    HAL_CAN_RxCpltCallback                   0x08001445   Thumb Code   272  freertos.o(i.HAL_CAN_RxCpltCallback)
    HAL_CAN_Transmit                         0x08001569   Thumb Code   428  stm32f4xx_hal_can.o(i.HAL_CAN_Transmit)
    HAL_CAN_TxCpltCallback                   0x08001721   Thumb Code     2  stm32f4xx_hal_can.o(i.HAL_CAN_TxCpltCallback)
    HAL_DACEx_ConvCpltCallbackCh2            0x08001723   Thumb Code     2  stm32f4xx_hal_dac_ex.o(i.HAL_DACEx_ConvCpltCallbackCh2)
    HAL_DACEx_ConvHalfCpltCallbackCh2        0x08001725   Thumb Code     2  stm32f4xx_hal_dac_ex.o(i.HAL_DACEx_ConvHalfCpltCallbackCh2)
    HAL_DACEx_ErrorCallbackCh2               0x08001727   Thumb Code     2  stm32f4xx_hal_dac_ex.o(i.HAL_DACEx_ErrorCallbackCh2)
    HAL_DAC_ConfigChannel                    0x08001729   Thumb Code    66  stm32f4xx_hal_dac.o(i.HAL_DAC_ConfigChannel)
    HAL_DAC_ConvCpltCallbackCh1              0x0800176d   Thumb Code    52  main.o(i.HAL_DAC_ConvCpltCallbackCh1)
    HAL_DAC_ConvHalfCpltCallbackCh1          0x080017b1   Thumb Code     2  main.o(i.HAL_DAC_ConvHalfCpltCallbackCh1)
    HAL_DAC_ErrorCallbackCh1                 0x080017b3   Thumb Code     2  stm32f4xx_hal_dac.o(i.HAL_DAC_ErrorCallbackCh1)
    HAL_DAC_Init                             0x080017b5   Thumb Code    40  stm32f4xx_hal_dac.o(i.HAL_DAC_Init)
    HAL_DAC_MspInit                          0x080017dd   Thumb Code   114  dac.o(i.HAL_DAC_MspInit)
    HAL_DAC_Start_DMA                        0x08001875   Thumb Code   230  stm32f4xx_hal_dac.o(i.HAL_DAC_Start_DMA)
    HAL_DMA_Abort                            0x08001975   Thumb Code   142  stm32f4xx_hal_dma.o(i.HAL_DMA_Abort)
    HAL_DMA_Abort_IT                         0x08001a03   Thumb Code    36  stm32f4xx_hal_dma.o(i.HAL_DMA_Abort_IT)
    HAL_DMA_IRQHandler                       0x08001a29   Thumb Code   416  stm32f4xx_hal_dma.o(i.HAL_DMA_IRQHandler)
    HAL_DMA_Init                             0x08001bd1   Thumb Code   206  stm32f4xx_hal_dma.o(i.HAL_DMA_Init)
    HAL_DMA_Start_IT                         0x08001ca5   Thumb Code   120  stm32f4xx_hal_dma.o(i.HAL_DMA_Start_IT)
    HAL_GPIO_Init                            0x08001d1d   Thumb Code   402  stm32f4xx_hal_gpio.o(i.HAL_GPIO_Init)
    HAL_GPIO_ReadPin                         0x08001edd   Thumb Code    10  stm32f4xx_hal_gpio.o(i.HAL_GPIO_ReadPin)
    HAL_GPIO_TogglePin                       0x08001ee7   Thumb Code     8  stm32f4xx_hal_gpio.o(i.HAL_GPIO_TogglePin)
    HAL_GPIO_WritePin                        0x08001eef   Thumb Code    10  stm32f4xx_hal_gpio.o(i.HAL_GPIO_WritePin)
    HAL_GetTick                              0x08001ef9   Thumb Code     6  stm32f4xx_hal.o(i.HAL_GetTick)
    HAL_IncTick                              0x08001f05   Thumb Code    10  stm32f4xx_hal.o(i.HAL_IncTick)
    HAL_Init                                 0x08001f15   Thumb Code    48  stm32f4xx_hal.o(i.HAL_Init)
    HAL_InitTick                             0x08001f49   Thumb Code   100  stm32f4xx_hal_timebase_tim.o(i.HAL_InitTick)
    HAL_MspInit                              0x08001fbd   Thumb Code    88  stm32f4xx_hal_msp.o(i.HAL_MspInit)
    HAL_NVIC_EnableIRQ                       0x08002015   Thumb Code    22  stm32f4xx_hal_cortex.o(i.HAL_NVIC_EnableIRQ)
    HAL_NVIC_SetPriority                     0x0800202d   Thumb Code    60  stm32f4xx_hal_cortex.o(i.HAL_NVIC_SetPriority)
    HAL_NVIC_SetPriorityGrouping             0x0800206d   Thumb Code    26  stm32f4xx_hal_cortex.o(i.HAL_NVIC_SetPriorityGrouping)
    HAL_RCC_ClockConfig                      0x08002091   Thumb Code   356  stm32f4xx_hal_rcc.o(i.HAL_RCC_ClockConfig)
    HAL_RCC_GetClockConfig                   0x08002205   Thumb Code    54  stm32f4xx_hal_rcc.o(i.HAL_RCC_GetClockConfig)
    HAL_RCC_GetHCLKFreq                      0x08002245   Thumb Code     6  stm32f4xx_hal_rcc.o(i.HAL_RCC_GetHCLKFreq)
    HAL_RCC_GetPCLK1Freq                     0x08002251   Thumb Code    34  stm32f4xx_hal_rcc.o(i.HAL_RCC_GetPCLK1Freq)
    HAL_RCC_GetPCLK2Freq                     0x08002281   Thumb Code    34  stm32f4xx_hal_rcc.o(i.HAL_RCC_GetPCLK2Freq)
    HAL_RCC_GetSysClockFreq                  0x080022b1   Thumb Code   104  stm32f4xx_hal_rcc.o(i.HAL_RCC_GetSysClockFreq)
    HAL_RCC_OscConfig                        0x08002321   Thumb Code   766  stm32f4xx_hal_rcc.o(i.HAL_RCC_OscConfig)
    HAL_SYSTICK_CLKSourceConfig              0x08002635   Thumb Code    24  stm32f4xx_hal_cortex.o(i.HAL_SYSTICK_CLKSourceConfig)
    HAL_SYSTICK_Config                       0x0800264d   Thumb Code    40  stm32f4xx_hal_cortex.o(i.HAL_SYSTICK_Config)
    HAL_TIMEx_BreakCallback                  0x08002675   Thumb Code     2  stm32f4xx_hal_tim_ex.o(i.HAL_TIMEx_BreakCallback)
    HAL_TIMEx_CommutationCallback            0x08002677   Thumb Code     2  stm32f4xx_hal_tim_ex.o(i.HAL_TIMEx_CommutationCallback)
    HAL_TIMEx_MasterConfigSynchronization    0x08002679   Thumb Code    80  stm32f4xx_hal_tim_ex.o(i.HAL_TIMEx_MasterConfigSynchronization)
    HAL_TIM_Base_Init                        0x080026c9   Thumb Code    54  stm32f4xx_hal_tim.o(i.HAL_TIM_Base_Init)
    HAL_TIM_Base_MspInit                     0x08002701   Thumb Code   122  tim.o(i.HAL_TIM_Base_MspInit)
    HAL_TIM_Base_Start_IT                    0x08002789   Thumb Code    24  stm32f4xx_hal_tim.o(i.HAL_TIM_Base_Start_IT)
    HAL_TIM_ConfigClockSource                0x080027a1   Thumb Code   240  stm32f4xx_hal_tim.o(i.HAL_TIM_ConfigClockSource)
    HAL_TIM_IC_CaptureCallback               0x08002891   Thumb Code     2  stm32f4xx_hal_tim.o(i.HAL_TIM_IC_CaptureCallback)
    HAL_TIM_IRQHandler                       0x08002893   Thumb Code   358  stm32f4xx_hal_tim.o(i.HAL_TIM_IRQHandler)
    HAL_TIM_OC_DelayElapsedCallback          0x080029f9   Thumb Code     2  stm32f4xx_hal_tim.o(i.HAL_TIM_OC_DelayElapsedCallback)
    HAL_TIM_PWM_PulseFinishedCallback        0x080029fb   Thumb Code     2  stm32f4xx_hal_tim.o(i.HAL_TIM_PWM_PulseFinishedCallback)
    HAL_TIM_PeriodElapsedCallback            0x080029fd   Thumb Code    14  main.o(i.HAL_TIM_PeriodElapsedCallback)
    HAL_TIM_TriggerCallback                  0x08002a11   Thumb Code     2  stm32f4xx_hal_tim.o(i.HAL_TIM_TriggerCallback)
    HAL_UART_ErrorCallback                   0x08002a13   Thumb Code     2  stm32f4xx_hal_uart.o(i.HAL_UART_ErrorCallback)
    HAL_UART_IRQHandler                      0x08002a15   Thumb Code   266  stm32f4xx_hal_uart.o(i.HAL_UART_IRQHandler)
    HAL_UART_Init                            0x08002b25   Thumb Code    98  stm32f4xx_hal_uart.o(i.HAL_UART_Init)
    HAL_UART_MspInit                         0x08002b89   Thumb Code   136  usart.o(i.HAL_UART_MspInit)
    HAL_UART_RxCpltCallback                  0x08002c35   Thumb Code     2  stm32f4xx_hal_uart.o(i.HAL_UART_RxCpltCallback)
    HAL_UART_Transmit_DMA                    0x08002c39   Thumb Code   116  stm32f4xx_hal_uart.o(i.HAL_UART_Transmit_DMA)
    HAL_UART_TxCpltCallback                  0x08002cb9   Thumb Code     2  stm32f4xx_hal_uart.o(i.HAL_UART_TxCpltCallback)
    HAL_UART_TxHalfCpltCallback              0x08002cbb   Thumb Code     2  stm32f4xx_hal_uart.o(i.HAL_UART_TxHalfCpltCallback)
    HardFault_Handler                        0x08002cbd   Thumb Code     2  stm32f4xx_it.o(i.HardFault_Handler)
    KEY_Init                                 0x08002cc1   Thumb Code    82  key.o(i.KEY_Init)
    KEY_Scan                                 0x08002d21   Thumb Code   186  key.o(i.KEY_Scan)
    MX_ADC1_Init                             0x08002de9   Thumb Code    86  adc.o(i.MX_ADC1_Init)
    MX_CAN1_Init                             0x08002e59   Thumb Code    64  can.o(i.MX_CAN1_Init)
    MX_DAC_Init                              0x08002eb1   Thumb Code    56  dac.o(i.MX_DAC_Init)
    MX_DMA_Init                              0x08002f01   Thumb Code   250  dma.o(i.MX_DMA_Init)
    MX_FREERTOS_Init                         0x08003019   Thumb Code   248  freertos.o(i.MX_FREERTOS_Init)
    MX_GPIO_Init                             0x08003119   Thumb Code   164  gpio.o(i.MX_GPIO_Init)
    MX_TIM2_Init                             0x080031c9   Thumb Code    96  tim.o(i.MX_TIM2_Init)
    MX_TIM3_Init                             0x0800323d   Thumb Code    94  tim.o(i.MX_TIM3_Init)
    MX_TIM5_Init                             0x080032b5   Thumb Code    92  tim.o(i.MX_TIM5_Init)
    MX_USART1_UART_Init                      0x08003329   Thumb Code    52  usart.o(i.MX_USART1_UART_Init)
    MemManage_Handler                        0x08003375   Thumb Code     2  stm32f4xx_it.o(i.MemManage_Handler)
    MyWrapper                                0x08003379   Thumb Code   290  queue.o(i.MyWrapper)
    NMI_Handler                              0x080034a1   Thumb Code     2  stm32f4xx_it.o(i.NMI_Handler)
    SEGGER_RTT_Write                         0x080034c5   Thumb Code    50  segger_rtt.o(i.SEGGER_RTT_Write)
    SEGGER_RTT_WriteNoLock                   0x080034fd   Thumb Code    86  segger_rtt.o(i.SEGGER_RTT_WriteNoLock)
    StartDefaultTask                         0x08003559   Thumb Code    26  freertos.o(i.StartDefaultTask)
    StartTask02                              0x08003579   Thumb Code    20  freertos.o(i.StartTask02)
    StartTaskCanBusSend                      0x080035a1   Thumb Code   144  freertos.o(i.StartTaskCanBusSend)
    StartTaskCanRecvPreProcess               0x08003641   Thumb Code    44  freertos.o(i.StartTaskCanRecvPreProcess)
    StartTaskSpeexDec                        0x08003685   Thumb Code   186  freertos.o(i.StartTaskSpeexDec)
    StartTaskSpeexEnc                        0x0800376d   Thumb Code   102  freertos.o(i.StartTaskSpeexEnc)
    StartTaskUI                              0x080037fd   Thumb Code   592  freertos.o(i.StartTaskUI)
    SysTick_Handler                          0x08003a95   Thumb Code    20  stm32f4xx_it.o(i.SysTick_Handler)
    SystemClock_Config                       0x08003aa9   Thumb Code   152  main.o(i.SystemClock_Config)
    SystemInit                               0x08003b49   Thumb Code    66  system_stm32f4xx.o(i.SystemInit)
    TIM1_UP_TIM10_IRQHandler                 0x08003b9d   Thumb Code     6  stm32f4xx_it.o(i.TIM1_UP_TIM10_IRQHandler)
    TIM2_IRQHandler                          0x08003ba9   Thumb Code     6  stm32f4xx_it.o(i.TIM2_IRQHandler)
    TIM3_IRQHandler                          0x08003bb5   Thumb Code     6  stm32f4xx_it.o(i.TIM3_IRQHandler)
    TIM5_IRQHandler                          0x08003bc1   Thumb Code    18  stm32f4xx_it.o(i.TIM5_IRQHandler)
    TIM_Base_SetConfig                       0x08003bdd   Thumb Code   148  stm32f4xx_hal_tim.o(i.TIM_Base_SetConfig)
    USART1_IRQHandler                        0x08004165   Thumb Code    58  stm32f4xx_it.o(i.USART1_IRQHandler)
    UsageFault_Handler                       0x080041b5   Thumb Code     2  stm32f4xx_it.o(i.UsageFault_Handler)
    _Error_Handler                           0x08004221   Thumb Code     2  main.o(i._Error_Handler)
    _speex_fatal                             0x080042d5   Thumb Code     2  main.o(i._speex_fatal)
    _spx_autocorr                            0x080042d7   Thumb Code   116  lpc.o(i._spx_autocorr)
    _spx_lpc                                 0x0800434b   Thumb Code   160  lpc.o(i._spx_lpc)
    bw_lpc                                   0x080043eb   Thumb Code    46  filters.o(i.bw_lpc)
    compute_impulse_response                 0x0800447d   Thumb Code   258  filters.o(i.compute_impulse_response)
    compute_rms                              0x080045dd   Thumb Code   128  filters.o(i.compute_rms)
    compute_rms16                            0x0800465d   Thumb Code   214  filters.o(i.compute_rms16)
    filter_mem16                             0x080047c1   Thumb Code   148  filters.o(i.filter_mem16)
    fir_mem16                                0x08004859   Thumb Code   120  filters.o(i.fir_mem16)
    forced_pitch_quant                       0x080048d5   Thumb Code   222  ltp.o(i.forced_pitch_quant)
    forced_pitch_unquant                     0x080049b3   Thumb Code    70  ltp.o(i.forced_pitch_unquant)
    highpass                                 0x080049f9   Thumb Code   198  filters.o(i.highpass)
    iir_mem16                                0x08004ac9   Thumb Code   124  filters.o(i.iir_mem16)
    inner_prod                               0x08004b49   Thumb Code    70  ltp.o(i.inner_prod)
    lpc_to_lsp                               0x08004cb5   Thumb Code   514  lsp.o(i.lpc_to_lsp)
    lsp_interpolate                          0x08004eb7   Thumb Code   174  lsp.o(i.lsp_interpolate)
    lsp_quant_lbr                            0x08004fcd   Thumb Code   216  quant_lsp.o(i.lsp_quant_lbr)
    lsp_quant_nb                             0x080050b1   Thumb Code   304  quant_lsp.o(i.lsp_quant_nb)
    lsp_to_lpc                               0x080051f5   Thumb Code   786  lsp.o(i.lsp_to_lpc)
    lsp_unquant_lbr                          0x0800550d   Thumb Code   152  quant_lsp.o(i.lsp_unquant_lbr)
    lsp_unquant_nb                           0x080055b1   Thumb Code   236  quant_lsp.o(i.lsp_unquant_nb)
    main                                     0x08005735   Thumb Code   160  main.o(i.main)
    multicomb                                0x080057f9   Thumb Code   762  filters.o(i.multicomb)
    my_mem_free                              0x08005af5   Thumb Code    80  malloc.o(i.my_mem_free)
    my_mem_init                              0x08005b4d   Thumb Code    52  malloc.o(i.my_mem_init)
    my_mem_malloc                            0x08005b89   Thumb Code   132  malloc.o(i.my_mem_malloc)
    my_mem_perused                           0x08005c15   Thumb Code    48  malloc.o(i.my_mem_perused)
    myfree                                   0x08005c4d   Thumb Code    20  malloc.o(i.myfree)
    mymalloc                                 0x08005c65   Thumb Code    28  malloc.o(i.mymalloc)
    mymemcpy                                 0x08005c85   Thumb Code    16  malloc.o(i.mymemcpy)
    mymemset                                 0x08005c95   Thumb Code    12  malloc.o(i.mymemset)
    myrealloc                                0x08005ca1   Thumb Code    56  malloc.o(i.myrealloc)
    nb_decode                                0x08005cdd   Thumb Code  2650  nb_celp.o(i.nb_decode)
    nb_decoder_ctl                           0x0800689d   Thumb Code   408  nb_celp.o(i.nb_decoder_ctl)
    nb_decoder_destroy                       0x08006a35   Thumb Code    24  nb_celp.o(i.nb_decoder_destroy)
    nb_decoder_init                          0x08006a4d   Thumb Code   178  nb_celp.o(i.nb_decoder_init)
    nb_encode                                0x08006b05   Thumb Code  2870  nb_celp.o(i.nb_encode)
    nb_encoder_ctl                           0x08007699   Thumb Code   518  nb_celp.o(i.nb_encoder_ctl)
    nb_encoder_destroy                       0x0800789f   Thumb Code    24  nb_celp.o(i.nb_encoder_destroy)
    nb_encoder_init                          0x080078b9   Thumb Code   158  nb_celp.o(i.nb_encoder_init)
    nb_mode_query                            0x08007961   Thumb Code    46  speex.o(i.nb_mode_query)
    noise_codebook_quant                     0x0800798f   Thumb Code    90  cb_search.o(i.noise_codebook_quant)
    noise_codebook_unquant                   0x080079e9   Thumb Code    46  cb_search.o(i.noise_codebook_unquant)
    normalize16                              0x08007a21   Thumb Code    66  filters.o(i.normalize16)
    open_loop_nbest_pitch                    0x08007a63   Thumb Code   738  ltp.o(i.open_loop_nbest_pitch)
    osDelay                                  0x08007d45   Thumb Code    14  cmsis_os.o(i.osDelay)
    osKernelStart                            0x08007d53   Thumb Code    10  cmsis_os.o(i.osKernelStart)
    osSemaphoreCreate                        0x08007d5d   Thumb Code    38  cmsis_os.o(i.osSemaphoreCreate)
    osThreadCreate                           0x08007d83   Thumb Code    46  cmsis_os.o(i.osThreadCreate)
    pitch_search_3tap                        0x08008279   Thumb Code   596  ltp.o(i.pitch_search_3tap)
    pitch_unquant_3tap                       0x080084cd   Thumb Code   348  ltp.o(i.pitch_unquant_3tap)
    prvIsNewTCB                              0x08008a15   Thumb Code    18  trckernelport.o(i.prvIsNewTCB)
    prvTraceError                            0x08008bf9   Thumb Code    38  trcstreamingrecorder.o(i.prvTraceError)
    prvTraceGetCurrentTaskHandle             0x08008c4d   Thumb Code     4  trckernelport.o(i.prvTraceGetCurrentTaskHandle)
    prvTraceGetObjectNumberHigh16            0x08008c51   Thumb Code    10  trckernelport.o(i.prvTraceGetObjectNumberHigh16)
    prvTraceGetQueueNumber                   0x08008c5b   Thumb Code     4  trckernelport.o(i.prvTraceGetQueueNumber)
    prvTraceGetTaskNumberHigh16              0x08008c5f   Thumb Code    10  trckernelport.o(i.prvTraceGetTaskNumberHigh16)
    prvTraceSaveObjectData                   0x08008c69   Thumb Code    92  trcstreamingrecorder.o(i.prvTraceSaveObjectData)
    prvTraceSaveSymbol                       0x08008ccd   Thumb Code   126  trcstreamingrecorder.o(i.prvTraceSaveSymbol)
    prvTraceSetObjectNumberHigh16            0x08008d55   Thumb Code    26  trckernelport.o(i.prvTraceSetObjectNumberHigh16)
    prvTraceSetTaskNumberHigh16              0x08008d6f   Thumb Code    26  trckernelport.o(i.prvTraceSetTaskNumberHigh16)
    prvTraceStoreEvent                       0x08008d89   Thumb Code   120  trcstreamingrecorder.o(i.prvTraceStoreEvent)
    prvTraceStoreEvent1                      0x08008e09   Thumb Code    84  trcstreamingrecorder.o(i.prvTraceStoreEvent1)
    prvTraceStoreEvent2                      0x08008e65   Thumb Code    88  trcstreamingrecorder.o(i.prvTraceStoreEvent2)
    prvTraceStoreEvent3                      0x08008ec5   Thumb Code    92  trcstreamingrecorder.o(i.prvTraceStoreEvent3)
    prvTraceStoreSimpleStringEventHelper     0x08008f29   Thumb Code   196  trcstreamingrecorder.o(i.prvTraceStoreSimpleStringEventHelper)
    prvTraceStoreStringEvent                 0x08008ff5   Thumb Code    26  trcstreamingrecorder.o(i.prvTraceStoreStringEvent)
    prvTraceWarning                          0x08009139   Thumb Code    16  trcstreamingrecorder.o(i.prvTraceWarning)
    pvPortMalloc                             0x080091b9   Thumb Code   236  heap_4.o(i.pvPortMalloc)
    pvTaskIncrementMutexHeldCount            0x080092ad   Thumb Code    18  tasks.o(i.pvTaskIncrementMutexHeldCount)
    pxPortInitialiseStack                    0x080092c5   Thumb Code    40  port.o(i.pxPortInitialiseStack)
    residue_percep_zero16                    0x080092f1   Thumb Code   100  filters.o(i.residue_percep_zero16)
    sanitize_values32                        0x08009355   Thumb Code    52  filters.o(i.sanitize_values32)
    scal_quant                               0x08009389   Thumb Code    28  vq.o(i.scal_quant)
    scal_quant32                             0x080093a5   Thumb Code    26  vq.o(i.scal_quant32)
    signal_div                               0x080093bf   Thumb Code   162  filters.o(i.signal_div)
    signal_mul                               0x08009461   Thumb Code    46  filters.o(i.signal_mul)
    speex_bits_advance                       0x0800948f   Thumb Code    44  bits.o(i.speex_bits_advance)
    speex_bits_init                          0x080094bb   Thumb Code    40  bits.o(i.speex_bits_init)
    speex_bits_insert_terminator             0x080094e3   Thumb Code    34  bits.o(i.speex_bits_insert_terminator)
    speex_bits_pack                          0x08009505   Thumb Code   126  bits.o(i.speex_bits_pack)
    speex_bits_read_from                     0x08009583   Thumb Code    70  bits.o(i.speex_bits_read_from)
    speex_bits_remaining                     0x080095c9   Thumb Code    24  bits.o(i.speex_bits_remaining)
    speex_bits_reset                         0x080095e1   Thumb Code    16  bits.o(i.speex_bits_reset)
    speex_bits_unpack_unsigned               0x080095f1   Thumb Code    84  bits.o(i.speex_bits_unpack_unsigned)
    speex_bits_write                         0x08009645   Thumb Code    60  bits.o(i.speex_bits_write)
    speex_decode_int                         0x08009681   Thumb Code     6  speex.o(i.speex_decode_int)
    speex_decoder_ctl                        0x08009687   Thumb Code     6  speex.o(i.speex_decoder_ctl)
    speex_decoder_init                       0x0800968d   Thumb Code     4  speex.o(i.speex_decoder_init)
    speex_default_user_handler               0x08009691   Thumb Code    26  speex_callbacks.o(i.speex_default_user_handler)
    speex_encode_int                         0x080096ab   Thumb Code     6  speex.o(i.speex_encode_int)
    speex_encoder_ctl                        0x080096b1   Thumb Code     6  speex.o(i.speex_encoder_ctl)
    speex_encoder_init                       0x080096b7   Thumb Code     4  speex.o(i.speex_encoder_init)
    speex_inband_handler                     0x080096bb   Thumb Code    92  speex_callbacks.o(i.speex_inband_handler)
    split_cb_search_shape_sign               0x0800974b   Thumb Code  1434  cb_search.o(i.split_cb_search_shape_sign)
    split_cb_shape_sign_unquant              0x08009f37   Thumb Code   186  cb_search.o(i.split_cb_shape_sign_unquant)
    syn_percep_zero16                        0x0800a233   Thumb Code   102  filters.o(i.syn_percep_zero16)
    uxListRemove                             0x0800a2bf   Thumb Code    36  list.o(i.uxListRemove)
    uxQueueGetQueueNumber                    0x0800a2e3   Thumb Code     4  queue.o(i.uxQueueGetQueueNumber)
    uxTaskGetTaskNumber                      0x0800a2e7   Thumb Code     8  tasks.o(i.uxTaskGetTaskNumber)
    vListInitialise                          0x0800a2ef   Thumb Code    22  list.o(i.vListInitialise)
    vListInitialiseItem                      0x0800a305   Thumb Code     6  list.o(i.vListInitialiseItem)
    vListInsert                              0x0800a30b   Thumb Code    48  list.o(i.vListInsert)
    vListInsertEnd                           0x0800a33b   Thumb Code    24  list.o(i.vListInsertEnd)
    vPortEnterCritical                       0x0800a355   Thumb Code    54  port.o(i.vPortEnterCritical)
    vPortExitCritical                        0x0800a395   Thumb Code    34  port.o(i.vPortExitCritical)
    vPortFree                                0x0800a3bd   Thumb Code   116  heap_4.o(i.vPortFree)
    vPortSetupTimerInterrupt                 0x0800a439   Thumb Code    26  port.o(i.vPortSetupTimerInterrupt)
    vPortValidateInterruptPriority           0x0800a459   Thumb Code    74  port.o(i.vPortValidateInterruptPriority)
    vQueueSetQueueNumber                     0x0800a4ad   Thumb Code     4  queue.o(i.vQueueSetQueueNumber)
    vTaskDelay                               0x0800a4b1   Thumb Code    90  tasks.o(i.vTaskDelay)
    vTaskMissedYield                         0x0800a519   Thumb Code     8  tasks.o(i.vTaskMissedYield)
    vTaskPlaceOnEventList                    0x0800a525   Thumb Code    44  tasks.o(i.vTaskPlaceOnEventList)
    vTaskPriorityInherit                     0x0800a555   Thumb Code   200  tasks.o(i.vTaskPriorityInherit)
    vTaskSetTaskNumber                       0x0800a629   Thumb Code     8  tasks.o(i.vTaskSetTaskNumber)
    vTaskSetTimeOutState                     0x0800a631   Thumb Code    30  tasks.o(i.vTaskSetTimeOutState)
    vTaskStartScheduler                      0x0800a655   Thumb Code    86  tasks.o(i.vTaskStartScheduler)
    vTaskSuspendAll                          0x0800a6bd   Thumb Code    10  tasks.o(i.vTaskSuspendAll)
    vTaskSwitchContext                       0x0800a6cd   Thumb Code   124  tasks.o(i.vTaskSwitchContext)
    vTracePrint                              0x0800a755   Thumb Code     4  trcstreamingrecorder.o(i.vTracePrint)
    vTracePrintF                             0x0800a759   Thumb Code    74  trcstreamingrecorder.o(i.vTracePrintF)
    vq_nbest                                 0x0800a7a3   Thumb Code   144  vq.o(i.vq_nbest)
    vq_nbest_sign                            0x0800a833   Thumb Code   166  vq.o(i.vq_nbest_sign)
    writeToRTT                               0x0800a8d9   Thumb Code    34  trcstreamingport.o(i.writeToRTT)
    xPortStartScheduler                      0x0800a8fd   Thumb Code   208  port.o(i.xPortStartScheduler)
    xPortSysTickHandler                      0x0800a9e1   Thumb Code    38  port.o(i.xPortSysTickHandler)
    xQueueGenericCreate                      0x0800aa0d   Thumb Code   124  queue.o(i.xQueueGenericCreate)
    xQueueGenericReceive                     0x0800aa8d   Thumb Code   794  queue.o(i.xQueueGenericReceive)
    xQueueGenericReset                       0x0800adb1   Thumb Code   132  queue.o(i.xQueueGenericReset)
    xQueueGenericSend                        0x0800ae39   Thumb Code   666  queue.o(i.xQueueGenericSend)
    xQueueGiveFromISR                        0x0800b0dd   Thumb Code     6  queue.o(i.xQueueGiveFromISR)
    xTaskCheckForTimeOut                     0x0800b0e5   Thumb Code   102  tasks.o(i.xTaskCheckForTimeOut)
    xTaskCreate                              0x0800b151   Thumb Code    86  tasks.o(i.xTaskCreate)
    xTaskGetCurrentTaskHandle                0x0800b1a9   Thumb Code     6  tasks.o(i.xTaskGetCurrentTaskHandle)
    xTaskGetSchedulerState                   0x0800b1b5   Thumb Code    22  tasks.o(i.xTaskGetSchedulerState)
    xTaskIncrementTick                       0x0800b1d1   Thumb Code   246  tasks.o(i.xTaskIncrementTick)
    xTaskPriorityDisinherit                  0x0800b2d9   Thumb Code   208  tasks.o(i.xTaskPriorityDisinherit)
    xTaskRemoveFromEventList                 0x0800b3b5   Thumb Code   130  tasks.o(i.xTaskRemoveFromEventList)
    xTaskResumeAll                           0x0800b445   Thumb Code   208  tasks.o(i.xTaskResumeAll)
    xTraceGetLastError                       0x0800b525   Thumb Code    88  trcstreamingrecorder.o(i.xTraceGetLastError)
    _fp_init                                 0x0800b7a5   Thumb Code    10  fpinit.o(x$fpl$fpinit)
    __fplib_config_fpu_vfp                   0x0800b7ad   Thumb Code     0  fpinit.o(x$fpl$fpinit)
    __fplib_config_pureend_doubles           0x0800b7ad   Thumb Code     0  fpinit.o(x$fpl$fpinit)
    AHBPrescTable                            0x0800b7b6   Data          16  system_stm32f4xx.o(.constdata)
    APBPrescTable                            0x0800b7c6   Data           8  system_stm32f4xx.o(.constdata)
    memtblsize                               0x0800b7d0   Data          12  malloc.o(.constdata)
    memblksize                               0x0800b7dc   Data          12  malloc.o(.constdata)
    memsize                                  0x0800b7e8   Data          12  malloc.o(.constdata)
    exc_5_64_table                           0x0800b7f4   Data         320  exc_5_64_table.o(.constdata)
    exc_5_256_table                          0x0800b934   Data        1280  exc_5_256_table.o(.constdata)
    exc_8_128_table                          0x0800be34   Data        1024  exc_8_128_table.o(.constdata)
    exc_10_16_table                          0x0800c234   Data         160  exc_10_16_table.o(.constdata)
    exc_10_32_table                          0x0800c2d4   Data         320  exc_10_32_table.o(.constdata)
    exc_20_32_table                          0x0800c414   Data         640  exc_20_32_table.o(.constdata)
    shift_filt                               0x0800c694   Data          42  filters.o(.constdata)
    gain_cdbk_nb                             0x0800c6fe   Data         512  gain_table.o(.constdata)
    gain_cdbk_lbr                            0x0800c8fe   Data         128  gain_table_lbr.o(.constdata)
    cdbk_nb                                  0x0800c97e   Data         640  lsp_tables_nb.o(.constdata)
    cdbk_nb_low1                             0x0800cbfe   Data         320  lsp_tables_nb.o(.constdata)
    cdbk_nb_low2                             0x0800cd3e   Data         320  lsp_tables_nb.o(.constdata)
    cdbk_nb_high1                            0x0800ce7e   Data         320  lsp_tables_nb.o(.constdata)
    cdbk_nb_high2                            0x0800cfbe   Data         320  lsp_tables_nb.o(.constdata)
    speex_nb_mode                            0x0800d3f4   Data          52  modes.o(.constdata)
    attenuation                              0x0800d4ce   Data          20  nb_celp.o(.constdata)
    lag_window                               0x0800d504   Data          22  window.o(.constdata)
    lpc_window                               0x0800d51a   Data         400  window.o(.constdata)
    male_voice                               0x0800d6b0   Data        6000  freertos.o(.constdata)
    Region$$Table$$Base                      0x0800ef28   Number         0  anon$$obj.o(Region$$Table)
    Region$$Table$$Limit                     0x0800ef48   Number         0  anon$$obj.o(Region$$Table)
    mem3base                                 0x10000000   Data       61440  malloc.o(.ARM.__AT_0x10000000)
    mem3mapbase                              0x1000f000   Data        3840  malloc.o(.ARM.__AT_0x1000F000)
    uwTick                                   0x20000000   Data           4  stm32f4xx_hal.o(.data)
    SystemCoreClock                          0x20000004   Data           4  system_stm32f4xx.o(.data)
    mallco_dev                               0x2000000c   Data          36  malloc.o(.data)
    trcWarningChannel                        0x20000048   Data           4  trckernelport.o(.data)
    CurrentFilterMask                        0x20000050   Data           2  trcstreamingrecorder.o(.data)
    CurrentFilterGroup                       0x20000052   Data           2  trcstreamingrecorder.o(.data)
    RecorderEnabled                          0x20000064   Data           4  trcstreamingrecorder.o(.data)
    isPendingContextSwitch                   0x20000070   Data           4  trcstreamingrecorder.o(.data)
    uiTraceTickCount                         0x20000074   Data           4  trcstreamingrecorder.o(.data)
    timestampFrequency                       0x20000078   Data           4  trcstreamingrecorder.o(.data)
    DroppedEventCounter                      0x2000007c   Data           4  trcstreamingrecorder.o(.data)
    TotalBytesRemaining_LowWaterMark         0x20000080   Data           4  trcstreamingrecorder.o(.data)
    TotalBytesRemaining                      0x20000084   Data           4  trcstreamingrecorder.o(.data)
    EventBuffer                              0x20000088   Data           4  trcstreamingrecorder.o(.data)
    NoRoomForSymbol                          0x2000008c   Data           4  trcstreamingrecorder.o(.data)
    NoRoomForObjectData                      0x20000090   Data           4  trcstreamingrecorder.o(.data)
    LongestSymbolName                        0x20000094   Data           4  trcstreamingrecorder.o(.data)
    MaxBytesTruncated                        0x20000098   Data           4  trcstreamingrecorder.o(.data)
    quality                                  0x200000a0   Data           4  main.o(.data)
    complexity                               0x200000a4   Data           4  main.o(.data)
    vbr                                      0x200000a8   Data           4  main.o(.data)
    enh                                      0x200000ac   Data           4  main.o(.data)
    enc_state                                0x200000b0   Data           4  main.o(.data)
    dec_state                                0x200000b4   Data           4  main.o(.data)
    dec_in_buffer_1_dec_busy                 0x200000b8   Data           1  main.o(.data)
    can_recv_buf                             0x200000b9   Data           8  can.o(.data)
    Start_Decoding                           0x200000c8   Data           1  freertos.o(.data)
    Playing_buf                              0x200000c9   Data           1  freertos.o(.data)
    defaultTaskHandle                        0x200000cc   Data           4  freertos.o(.data)
    myTask02Handle                           0x200000d0   Data           4  freertos.o(.data)
    myTaskSpeexEncHandle                     0x200000d4   Data           4  freertos.o(.data)
    myTaskSpeexDecHandle                     0x200000d8   Data           4  freertos.o(.data)
    myTaskUIHandle                           0x200000dc   Data           4  freertos.o(.data)
    myTaskCanBusSendHandle                   0x200000e0   Data           4  freertos.o(.data)
    myTaskCanRecvPreProcessHandle            0x200000e4   Data           4  freertos.o(.data)
    myBinarySemDMAFinishedHandle             0x200000e8   Data           4  freertos.o(.data)
    myBinarySemADCCpltHandle                 0x200000ec   Data           4  freertos.o(.data)
    myBinarySemADCHalfCpltHandle             0x200000f0   Data           4  freertos.o(.data)
    myBinarySemTestHandle                    0x200000f4   Data           4  freertos.o(.data)
    myBinarySemDecInBufferReadyHandle        0x200000f8   Data           4  freertos.o(.data)
    myBinarySemEncodCpltHandle               0x200000fc   Data           4  freertos.o(.data)
    myBinarySemCanRecvCpltHandle             0x20000100   Data           4  freertos.o(.data)
    pxCurrentTCB                             0x2000012c   Data           4  tasks.o(.data)
    mem1base                                 0x20000180   Data       81920  malloc.o(.bss)
    mem1mapbase                              0x20014180   Data        5120  malloc.o(.bss)
    PageInfo                                 0x20015be0   Data          16  trcstreamingrecorder.o(.bss)
    _SEGGER_RTT                              0x20015bf0   Data         168  segger_rtt.o(.bss)
    buffer                                   0x20015ce8   Data         640  main.o(.bss)
    SPEEX_ENC_IN_BUFFER                      0x20015f68   Data         320  main.o(.bss)
    SPEEX_DEC_OUT_Buffer_1_U                 0x200160a8   Data         320  main.o(.bss)
    SPEEX_DEC_OUT_Buffer_2_U                 0x200161e8   Data         320  main.o(.bss)
    bits                                     0x20016328   Data          36  main.o(.bss)
    decBits                                  0x2001634c   Data          36  main.o(.bss)
    dec_in_buffer_1                          0x20016370   Data          20  main.o(.bss)
    dec_in_buffer_2                          0x20016384   Data          20  main.o(.bss)
    SPEEX_DEC_OUT_Buffer_1                   0x20016398   Data         320  main.o(.bss)
    SPEEX_DEC_OUT_Buffer_2                   0x200164d8   Data         320  main.o(.bss)
    out_bytes                                0x20016618   Data          20  main.o(.bss)
    can_bus_encoded_buf                      0x2001662c   Data          20  main.o(.bss)
    can_bus_buf                              0x20016640   Data          20  main.o(.bss)
    hadc1                                    0x20016654   Data          72  adc.o(.bss)
    hdma_adc1                                0x2001669c   Data          96  adc.o(.bss)
    TxMessage                                0x200166fc   Data          28  can.o(.bss)
    RxMessage                                0x20016718   Data          36  can.o(.bss)
    hcan1                                    0x2001673c   Data          68  can.o(.bss)
    hdac                                     0x20016780   Data          20  dac.o(.bss)
    hdma_dac1                                0x20016794   Data          96  dac.o(.bss)
    hdma_memtomem_dma2_stream1               0x200167f4   Data          96  dma.o(.bss)
    hdma_memtomem_dma2_stream2               0x20016854   Data          96  dma.o(.bss)
    htim2                                    0x200168b4   Data          60  tim.o(.bss)
    htim3                                    0x200168f0   Data          60  tim.o(.bss)
    htim5                                    0x2001692c   Data          60  tim.o(.bss)
    huart1                                   0x20016968   Data          64  usart.o(.bss)
    hdma_usart1_tx                           0x200169a8   Data          96  usart.o(.bss)
    htim1                                    0x20016a08   Data          60  stm32f4xx_hal_timebase_tim.o(.bss)
    __libspace_start                         0x2001a734   Data          96  libspace.o(.bss)
    __temporary_stack_top$libspace           0x2001a794   Data           0  libspace.o(.bss)
    mem2base                                 0x68000000   Data       983040  malloc.o(.ARM.__AT_0x68000000)
    mem2mapbase                              0x680f0000   Data       61440  malloc.o(.ARM.__AT_0x680F0000)



==============================================================================

Memory Map of the image

  Image Entry point : 0x08000189

  Load Region LR_IROM1 (Base: 0x08000000, Size: 0x0000f0b0, Max: 0x00100000, ABSOLUTE, COMPRESSED[0x0000ef94])

    Execution Region ER_IROM1 (Base: 0x08000000, Size: 0x0000ef48, Max: 0x00100000, ABSOLUTE)

    Base Addr    Size         Type   Attr      Idx    E Section Name        Object

    0x08000000   0x00000188   Data   RO            3    RESET               startup_stm32f407xx.o
    0x08000188   0x00000008   Code   RO         7318  * !!!main             c_w.l(__main.o)
    0x08000190   0x00000034   Code   RO         7586    !!!scatter          c_w.l(__scatter.o)
    0x080001c4   0x0000003a   Code   RO         7584    !!dczerorl          c_w.l(__dczerorl.o)
    0x080001fe   0x00000002   PAD
    0x08000200   0x0000001c   Code   RO         7588    !!handler_zi        c_w.l(__scatter_zi.o)
    0x0800021c   0x00000002   Code   RO         7458    .ARM.Collect$$libinit$$00000000  c_w.l(libinit.o)
    0x0800021e   0x00000004   Code   RO         7461    .ARM.Collect$$libinit$$00000001  c_w.l(libinit2.o)
    0x08000222   0x00000000   Code   RO         7464    .ARM.Collect$$libinit$$00000004  c_w.l(libinit2.o)
    0x08000222   0x00000000   Code   RO         7467    .ARM.Collect$$libinit$$0000000A  c_w.l(libinit2.o)
    0x08000222   0x00000000   Code   RO         7469    .ARM.Collect$$libinit$$0000000C  c_w.l(libinit2.o)
    0x08000222   0x00000000   Code   RO         7471    .ARM.Collect$$libinit$$0000000E  c_w.l(libinit2.o)
    0x08000222   0x00000000   Code   RO         7474    .ARM.Collect$$libinit$$00000011  c_w.l(libinit2.o)
    0x08000222   0x00000000   Code   RO         7476    .ARM.Collect$$libinit$$00000013  c_w.l(libinit2.o)
    0x08000222   0x00000000   Code   RO         7478    .ARM.Collect$$libinit$$00000015  c_w.l(libinit2.o)
    0x08000222   0x00000000   Code   RO         7480    .ARM.Collect$$libinit$$00000017  c_w.l(libinit2.o)
    0x08000222   0x00000000   Code   RO         7482    .ARM.Collect$$libinit$$00000019  c_w.l(libinit2.o)
    0x08000222   0x00000000   Code   RO         7484    .ARM.Collect$$libinit$$0000001B  c_w.l(libinit2.o)
    0x08000222   0x00000000   Code   RO         7486    .ARM.Collect$$libinit$$0000001D  c_w.l(libinit2.o)
    0x08000222   0x00000000   Code   RO         7488    .ARM.Collect$$libinit$$0000001F  c_w.l(libinit2.o)
    0x08000222   0x00000000   Code   RO         7490    .ARM.Collect$$libinit$$00000021  c_w.l(libinit2.o)
    0x08000222   0x00000000   Code   RO         7492    .ARM.Collect$$libinit$$00000023  c_w.l(libinit2.o)
    0x08000222   0x00000000   Code   RO         7494    .ARM.Collect$$libinit$$00000025  c_w.l(libinit2.o)
    0x08000222   0x00000000   Code   RO         7498    .ARM.Collect$$libinit$$0000002C  c_w.l(libinit2.o)
    0x08000222   0x00000000   Code   RO         7500    .ARM.Collect$$libinit$$0000002E  c_w.l(libinit2.o)
    0x08000222   0x00000000   Code   RO         7502    .ARM.Collect$$libinit$$00000030  c_w.l(libinit2.o)
    0x08000222   0x00000000   Code   RO         7504    .ARM.Collect$$libinit$$00000032  c_w.l(libinit2.o)
    0x08000222   0x00000002   Code   RO         7505    .ARM.Collect$$libinit$$00000033  c_w.l(libinit2.o)
    0x08000224   0x00000002   Code   RO         7525    .ARM.Collect$$libshutdown$$00000000  c_w.l(libshutdown.o)
    0x08000226   0x00000000   Code   RO         7539    .ARM.Collect$$libshutdown$$00000003  c_w.l(libshutdown2.o)
    0x08000226   0x00000000   Code   RO         7542    .ARM.Collect$$libshutdown$$00000006  c_w.l(libshutdown2.o)
    0x08000226   0x00000000   Code   RO         7545    .ARM.Collect$$libshutdown$$00000009  c_w.l(libshutdown2.o)
    0x08000226   0x00000000   Code   RO         7547    .ARM.Collect$$libshutdown$$0000000B  c_w.l(libshutdown2.o)
    0x08000226   0x00000000   Code   RO         7550    .ARM.Collect$$libshutdown$$0000000E  c_w.l(libshutdown2.o)
    0x08000226   0x00000002   Code   RO         7551    .ARM.Collect$$libshutdown$$0000000F  c_w.l(libshutdown2.o)
    0x08000228   0x00000000   Code   RO         7348    .ARM.Collect$$rtentry$$00000000  c_w.l(__rtentry.o)
    0x08000228   0x00000000   Code   RO         7393    .ARM.Collect$$rtentry$$00000002  c_w.l(__rtentry2.o)
    0x08000228   0x00000006   Code   RO         7405    .ARM.Collect$$rtentry$$00000004  c_w.l(__rtentry4.o)
    0x0800022e   0x00000000   Code   RO         7395    .ARM.Collect$$rtentry$$00000009  c_w.l(__rtentry2.o)
    0x0800022e   0x00000004   Code   RO         7396    .ARM.Collect$$rtentry$$0000000A  c_w.l(__rtentry2.o)
    0x08000232   0x00000000   Code   RO         7398    .ARM.Collect$$rtentry$$0000000C  c_w.l(__rtentry2.o)
    0x08000232   0x00000008   Code   RO         7399    .ARM.Collect$$rtentry$$0000000D  c_w.l(__rtentry2.o)
    0x0800023a   0x00000002   Code   RO         7459    .ARM.Collect$$rtexit$$00000000  c_w.l(rtexit.o)
    0x0800023c   0x00000000   Code   RO         7507    .ARM.Collect$$rtexit$$00000002  c_w.l(rtexit2.o)
    0x0800023c   0x00000004   Code   RO         7508    .ARM.Collect$$rtexit$$00000003  c_w.l(rtexit2.o)
    0x08000240   0x00000006   Code   RO         7509    .ARM.Collect$$rtexit$$00000004  c_w.l(rtexit2.o)
    0x08000246   0x00000002   PAD
    0x08000248   0x000000ba   Code   RO         6151    .emb_text           port.o
    0x08000302   0x00000002   PAD
    0x08000304   0x00000040   Code   RO            4    .text               startup_stm32f407xx.o
    0x08000344   0x00000048   Code   RO         7306    .text               c_w.l(strcpy.o)
    0x0800038c   0x0000008a   Code   RO         7310    .text               c_w.l(rt_memcpy_v6.o)
    0x08000416   0x00000064   Code   RO         7312    .text               c_w.l(rt_memcpy_w.o)
    0x0800047a   0x00000010   Code   RO         7314    .text               c_w.l(aeabi_memset.o)
    0x0800048a   0x00000006   Code   RO         7316    .text               c_w.l(heapauxi.o)
    0x08000490   0x00000044   Code   RO         7351    .text               c_w.l(rt_memclr.o)
    0x080004d4   0x0000004e   Code   RO         7412    .text               c_w.l(rt_memclr_w.o)
    0x08000522   0x00000002   PAD
    0x08000524   0x00000008   Code   RO         7446    .text               c_w.l(libspace.o)
    0x0800052c   0x0000004a   Code   RO         7449    .text               c_w.l(sys_stackheap_outer.o)
    0x08000576   0x0000000c   Code   RO         7451    .text               c_w.l(exit.o)
    0x08000582   0x00000002   PAD
    0x08000584   0x0000000c   Code   RO         7517    .text               c_w.l(sys_exit.o)
    0x08000590   0x00000002   Code   RO         7528    .text               c_w.l(use_no_semi.o)
    0x08000592   0x00000000   Code   RO         7530    .text               c_w.l(indicate_semi.o)
    0x08000592   0x00000062   Code   RO           13    i.ADC_DMAConvCplt   stm32f4xx_hal_adc.o
    0x080005f4   0x00000016   Code   RO           14    i.ADC_DMAError      stm32f4xx_hal_adc.o
    0x0800060a   0x0000000a   Code   RO           15    i.ADC_DMAHalfConvCplt  stm32f4xx_hal_adc.o
    0x08000614   0x0000012c   Code   RO           16    i.ADC_Init          stm32f4xx_hal_adc.o
    0x08000740   0x00000002   Code   RO         5870    i.BusFault_Handler  stm32f4xx_it.o
    0x08000742   0x00000002   PAD
    0x08000744   0x0000000c   Code   RO         5871    i.CAN1_RX0_IRQHandler  stm32f4xx_it.o
    0x08000750   0x00000044   Code   RO         5563    i.CAN1_Send_Msg     can.o
    0x08000794   0x00000044   Code   RO         5564    i.CAN1_USER_CONFIG  can.o
    0x080007d8   0x00000124   Code   RO          397    i.CAN_Receive_IT    stm32f4xx_hal_can.o
    0x080008fc   0x00000010   Code   RO          522    i.DAC_DMAConvCpltCh1  stm32f4xx_hal_dac.o
    0x0800090c   0x00000010   Code   RO          663    i.DAC_DMAConvCpltCh2  stm32f4xx_hal_dac_ex.o
    0x0800091c   0x00000018   Code   RO          523    i.DAC_DMAErrorCh1   stm32f4xx_hal_dac.o
    0x08000934   0x00000018   Code   RO          664    i.DAC_DMAErrorCh2   stm32f4xx_hal_dac_ex.o
    0x0800094c   0x0000000a   Code   RO          524    i.DAC_DMAHalfConvCpltCh1  stm32f4xx_hal_dac.o
    0x08000956   0x0000000a   Code   RO          665    i.DAC_DMAHalfConvCpltCh2  stm32f4xx_hal_dac_ex.o
    0x08000960   0x0000000c   Code   RO         5872    i.DMA1_Stream5_IRQHandler  stm32f4xx_it.o
    0x0800096c   0x00000020   Code   RO         5873    i.DMA2_Stream0_IRQHandler  stm32f4xx_it.o
    0x0800098c   0x00000020   Code   RO         5874    i.DMA2_Stream1_IRQHandler  stm32f4xx_it.o
    0x080009ac   0x00000030   Code   RO         5875    i.DMA2_Stream2_IRQHandler  stm32f4xx_it.o
    0x080009dc   0x0000000c   Code   RO         5876    i.DMA2_Stream7_IRQHandler  stm32f4xx_it.o
    0x080009e8   0x00000028   Code   RO         2390    i.DMA_CalcBaseAndBitshift  stm32f4xx_hal_dma.o
    0x08000a10   0x00000054   Code   RO         2391    i.DMA_CheckFifoParam  stm32f4xx_hal_dma.o
    0x08000a64   0x00000028   Code   RO         2392    i.DMA_SetConfig     stm32f4xx_hal_dma.o
    0x08000a8c   0x00000002   Code   RO         5877    i.DebugMon_Handler  stm32f4xx_it.o
    0x08000a8e   0x00000002   PAD
    0x08000a90   0x0000014c   Code   RO           18    i.HAL_ADC_ConfigChannel  stm32f4xx_hal_adc.o
    0x08000bdc   0x00000058   Code   RO         5361    i.HAL_ADC_ConvCpltCallback  main.o
    0x08000c34   0x0000003c   Code   RO         5362    i.HAL_ADC_ConvHalfCpltCallback  main.o
    0x08000c70   0x00000002   Code   RO           22    i.HAL_ADC_ErrorCallback  stm32f4xx_hal_adc.o
    0x08000c72   0x00000054   Code   RO           27    i.HAL_ADC_Init      stm32f4xx_hal_adc.o
    0x08000cc6   0x00000002   PAD
    0x08000cc8   0x00000090   Code   RO         5522    i.HAL_ADC_MspInit   adc.o
    0x08000d58   0x00000104   Code   RO           34    i.HAL_ADC_Start_DMA  stm32f4xx_hal_adc.o
    0x08000e5c   0x00000058   Code   RO           37    i.HAL_ADC_Stop_DMA  stm32f4xx_hal_adc.o
    0x08000eb4   0x000000f8   Code   RO          398    i.HAL_CAN_ConfigFilter  stm32f4xx_hal_can.o
    0x08000fac   0x00000002   Code   RO          400    i.HAL_CAN_ErrorCallback  stm32f4xx_hal_can.o
    0x08000fae   0x00000002   PAD
    0x08000fb0   0x00000234   Code   RO          403    i.HAL_CAN_IRQHandler  stm32f4xx_hal_can.o
    0x080011e4   0x0000014c   Code   RO          404    i.HAL_CAN_Init      stm32f4xx_hal_can.o
    0x08001330   0x0000005c   Code   RO         5566    i.HAL_CAN_MspInit   can.o
    0x0800138c   0x000000b8   Code   RO          408    i.HAL_CAN_Receive_IT  stm32f4xx_hal_can.o
    0x08001444   0x00000124   Code   RO         5690    i.HAL_CAN_RxCpltCallback  freertos.o
    0x08001568   0x000001b8   Code   RO          411    i.HAL_CAN_Transmit  stm32f4xx_hal_can.o
    0x08001720   0x00000002   Code   RO          413    i.HAL_CAN_TxCpltCallback  stm32f4xx_hal_can.o
    0x08001722   0x00000002   Code   RO          666    i.HAL_DACEx_ConvCpltCallbackCh2  stm32f4xx_hal_dac_ex.o
    0x08001724   0x00000002   Code   RO          667    i.HAL_DACEx_ConvHalfCpltCallbackCh2  stm32f4xx_hal_dac_ex.o
    0x08001726   0x00000002   Code   RO          671    i.HAL_DACEx_ErrorCallbackCh2  stm32f4xx_hal_dac_ex.o
    0x08001728   0x00000042   Code   RO          525    i.HAL_DAC_ConfigChannel  stm32f4xx_hal_dac.o
    0x0800176a   0x00000002   PAD
    0x0800176c   0x00000044   Code   RO         5363    i.HAL_DAC_ConvCpltCallbackCh1  main.o
    0x080017b0   0x00000002   Code   RO         5364    i.HAL_DAC_ConvHalfCpltCallbackCh1  main.o
    0x080017b2   0x00000002   Code   RO          530    i.HAL_DAC_ErrorCallbackCh1  stm32f4xx_hal_dac.o
    0x080017b4   0x00000028   Code   RO          535    i.HAL_DAC_Init      stm32f4xx_hal_dac.o
    0x080017dc   0x00000098   Code   RO         5619    i.HAL_DAC_MspInit   dac.o
    0x08001874   0x00000100   Code   RO          540    i.HAL_DAC_Start_DMA  stm32f4xx_hal_dac.o
    0x08001974   0x0000008e   Code   RO         2393    i.HAL_DMA_Abort     stm32f4xx_hal_dma.o
    0x08001a02   0x00000024   Code   RO         2394    i.HAL_DMA_Abort_IT  stm32f4xx_hal_dma.o
    0x08001a26   0x00000002   PAD
    0x08001a28   0x000001a8   Code   RO         2398    i.HAL_DMA_IRQHandler  stm32f4xx_hal_dma.o
    0x08001bd0   0x000000d4   Code   RO         2399    i.HAL_DMA_Init      stm32f4xx_hal_dma.o
    0x08001ca4   0x00000078   Code   RO         2403    i.HAL_DMA_Start_IT  stm32f4xx_hal_dma.o
    0x08001d1c   0x000001c0   Code   RO         2286    i.HAL_GPIO_Init     stm32f4xx_hal_gpio.o
    0x08001edc   0x0000000a   Code   RO         2288    i.HAL_GPIO_ReadPin  stm32f4xx_hal_gpio.o
    0x08001ee6   0x00000008   Code   RO         2289    i.HAL_GPIO_TogglePin  stm32f4xx_hal_gpio.o
    0x08001eee   0x0000000a   Code   RO         2290    i.HAL_GPIO_WritePin  stm32f4xx_hal_gpio.o
    0x08001ef8   0x0000000c   Code   RO         2818    i.HAL_GetTick       stm32f4xx_hal.o
    0x08001f04   0x00000010   Code   RO         2820    i.HAL_IncTick       stm32f4xx_hal.o
    0x08001f14   0x00000034   Code   RO         2821    i.HAL_Init          stm32f4xx_hal.o
    0x08001f48   0x00000074   Code   RO         6028    i.HAL_InitTick      stm32f4xx_hal_timebase_tim.o
    0x08001fbc   0x00000058   Code   RO         6004    i.HAL_MspInit       stm32f4xx_hal_msp.o
    0x08002014   0x00000016   Code   RO         2675    i.HAL_NVIC_EnableIRQ  stm32f4xx_hal_cortex.o
    0x0800202a   0x00000002   PAD
    0x0800202c   0x00000040   Code   RO         2681    i.HAL_NVIC_SetPriority  stm32f4xx_hal_cortex.o
    0x0800206c   0x00000024   Code   RO         2682    i.HAL_NVIC_SetPriorityGrouping  stm32f4xx_hal_cortex.o
    0x08002090   0x00000174   Code   RO         1944    i.HAL_RCC_ClockConfig  stm32f4xx_hal_rcc.o
    0x08002204   0x00000040   Code   RO         1948    i.HAL_RCC_GetClockConfig  stm32f4xx_hal_rcc.o
    0x08002244   0x0000000c   Code   RO         1949    i.HAL_RCC_GetHCLKFreq  stm32f4xx_hal_rcc.o
    0x08002250   0x00000030   Code   RO         1951    i.HAL_RCC_GetPCLK1Freq  stm32f4xx_hal_rcc.o
    0x08002280   0x00000030   Code   RO         1952    i.HAL_RCC_GetPCLK2Freq  stm32f4xx_hal_rcc.o
    0x080022b0   0x00000070   Code   RO         1953    i.HAL_RCC_GetSysClockFreq  stm32f4xx_hal_rcc.o
    0x08002320   0x00000314   Code   RO         1956    i.HAL_RCC_OscConfig  stm32f4xx_hal_rcc.o
    0x08002634   0x00000018   Code   RO         2684    i.HAL_SYSTICK_CLKSourceConfig  stm32f4xx_hal_cortex.o
    0x0800264c   0x00000028   Code   RO         2686    i.HAL_SYSTICK_Config  stm32f4xx_hal_cortex.o
    0x08002674   0x00000002   Code   RO         1378    i.HAL_TIMEx_BreakCallback  stm32f4xx_hal_tim_ex.o
    0x08002676   0x00000002   Code   RO         1379    i.HAL_TIMEx_CommutationCallback  stm32f4xx_hal_tim_ex.o
    0x08002678   0x00000050   Code   RO         1395    i.HAL_TIMEx_MasterConfigSynchronization  stm32f4xx_hal_tim_ex.o
    0x080026c8   0x00000036   Code   RO          749    i.HAL_TIM_Base_Init  stm32f4xx_hal_tim.o
    0x080026fe   0x00000002   PAD
    0x08002700   0x00000088   Code   RO         5775    i.HAL_TIM_Base_MspInit  tim.o
    0x08002788   0x00000018   Code   RO          754    i.HAL_TIM_Base_Start_IT  stm32f4xx_hal_tim.o
    0x080027a0   0x000000f0   Code   RO          758    i.HAL_TIM_ConfigClockSource  stm32f4xx_hal_tim.o
    0x08002890   0x00000002   Code   RO          778    i.HAL_TIM_IC_CaptureCallback  stm32f4xx_hal_tim.o
    0x08002892   0x00000166   Code   RO          791    i.HAL_TIM_IRQHandler  stm32f4xx_hal_tim.o
    0x080029f8   0x00000002   Code   RO          794    i.HAL_TIM_OC_DelayElapsedCallback  stm32f4xx_hal_tim.o
    0x080029fa   0x00000002   Code   RO          821    i.HAL_TIM_PWM_PulseFinishedCallback  stm32f4xx_hal_tim.o
    0x080029fc   0x00000014   Code   RO         5365    i.HAL_TIM_PeriodElapsedCallback  main.o
    0x08002a10   0x00000002   Code   RO          832    i.HAL_TIM_TriggerCallback  stm32f4xx_hal_tim.o
    0x08002a12   0x00000002   Code   RO         1638    i.HAL_UART_ErrorCallback  stm32f4xx_hal_uart.o
    0x08002a14   0x00000110   Code   RO         1641    i.HAL_UART_IRQHandler  stm32f4xx_hal_uart.o
    0x08002b24   0x00000062   Code   RO         1642    i.HAL_UART_Init     stm32f4xx_hal_uart.o
    0x08002b86   0x00000002   PAD
    0x08002b88   0x000000ac   Code   RO         5829    i.HAL_UART_MspInit  usart.o
    0x08002c34   0x00000002   Code   RO         1648    i.HAL_UART_RxCpltCallback  stm32f4xx_hal_uart.o
    0x08002c36   0x00000002   PAD
    0x08002c38   0x00000080   Code   RO         1651    i.HAL_UART_Transmit_DMA  stm32f4xx_hal_uart.o
    0x08002cb8   0x00000002   Code   RO         1653    i.HAL_UART_TxCpltCallback  stm32f4xx_hal_uart.o
    0x08002cba   0x00000002   Code   RO         1654    i.HAL_UART_TxHalfCpltCallback  stm32f4xx_hal_uart.o
    0x08002cbc   0x00000002   Code   RO         5878    i.HardFault_Handler  stm32f4xx_it.o
    0x08002cbe   0x00000002   PAD
    0x08002cc0   0x00000060   Code   RO         2996    i.KEY_Init          key.o
    0x08002d20   0x000000c8   Code   RO         2997    i.KEY_Scan          key.o
    0x08002de8   0x00000070   Code   RO         5523    i.MX_ADC1_Init      adc.o
    0x08002e58   0x00000058   Code   RO         5567    i.MX_CAN1_Init      can.o
    0x08002eb0   0x00000050   Code   RO         5620    i.MX_DAC_Init       dac.o
    0x08002f00   0x00000118   Code   RO         5660    i.MX_DMA_Init       dma.o
    0x08003018   0x00000100   Code   RO         5691    i.MX_FREERTOS_Init  freertos.o
    0x08003118   0x000000b0   Code   RO         5497    i.MX_GPIO_Init      gpio.o
    0x080031c8   0x00000074   Code   RO         5776    i.MX_TIM2_Init      tim.o
    0x0800323c   0x00000078   Code   RO         5777    i.MX_TIM3_Init      tim.o
    0x080032b4   0x00000074   Code   RO         5778    i.MX_TIM5_Init      tim.o
    0x08003328   0x0000004c   Code   RO         5830    i.MX_USART1_UART_Init  usart.o
    0x08003374   0x00000002   Code   RO         5879    i.MemManage_Handler  stm32f4xx_it.o
    0x08003376   0x00000002   PAD
    0x08003378   0x00000128   Code   RO         6407    i.MyWrapper         queue.o
    0x080034a0   0x00000002   Code   RO         5880    i.NMI_Handler       stm32f4xx_it.o
    0x080034a2   0x00000020   Code   RO         2688    i.NVIC_SetPriority  stm32f4xx_hal_cortex.o
    0x080034c2   0x00000002   PAD
    0x080034c4   0x00000038   Code   RO         5176    i.SEGGER_RTT_Write  segger_rtt.o
    0x080034fc   0x0000005c   Code   RO         5177    i.SEGGER_RTT_WriteNoLock  segger_rtt.o
    0x08003558   0x00000020   Code   RO         5692    i.StartDefaultTask  freertos.o
    0x08003578   0x00000028   Code   RO         5693    i.StartTask02       freertos.o
    0x080035a0   0x000000a0   Code   RO         5694    i.StartTaskCanBusSend  freertos.o
    0x08003640   0x00000044   Code   RO         5695    i.StartTaskCanRecvPreProcess  freertos.o
    0x08003684   0x000000e8   Code   RO         5696    i.StartTaskSpeexDec  freertos.o
    0x0800376c   0x00000090   Code   RO         5697    i.StartTaskSpeexEnc  freertos.o
    0x080037fc   0x00000298   Code   RO         5698    i.StartTaskUI       freertos.o
    0x08003a94   0x00000014   Code   RO         5881    i.SysTick_Handler   stm32f4xx_it.o
    0x08003aa8   0x000000a0   Code   RO         5366    i.SystemClock_Config  main.o
    0x08003b48   0x00000054   Code   RO         2959    i.SystemInit        system_stm32f4xx.o
    0x08003b9c   0x0000000c   Code   RO         5882    i.TIM1_UP_TIM10_IRQHandler  stm32f4xx_it.o
    0x08003ba8   0x0000000c   Code   RO         5883    i.TIM2_IRQHandler   stm32f4xx_it.o
    0x08003bb4   0x0000000c   Code   RO         5884    i.TIM3_IRQHandler   stm32f4xx_it.o
    0x08003bc0   0x0000001c   Code   RO         5885    i.TIM5_IRQHandler   stm32f4xx_it.o
    0x08003bdc   0x000000c0   Code   RO          833    i.TIM_Base_SetConfig  stm32f4xx_hal_tim.o
    0x08003c9c   0x00000014   Code   RO          840    i.TIM_ETR_SetConfig  stm32f4xx_hal_tim.o
    0x08003cb0   0x00000010   Code   RO          841    i.TIM_ITRx_SetConfig  stm32f4xx_hal_tim.o
    0x08003cc0   0x00000022   Code   RO          847    i.TIM_TI1_ConfigInputStage  stm32f4xx_hal_tim.o
    0x08003ce2   0x00000024   Code   RO          849    i.TIM_TI2_ConfigInputStage  stm32f4xx_hal_tim.o
    0x08003d06   0x00000010   Code   RO         1655    i.UART_DMAAbortOnError  stm32f4xx_hal_uart.o
    0x08003d16   0x0000004a   Code   RO         1656    i.UART_DMAError     stm32f4xx_hal_uart.o
    0x08003d60   0x0000002e   Code   RO         1661    i.UART_DMATransmitCplt  stm32f4xx_hal_uart.o
    0x08003d8e   0x0000000a   Code   RO         1663    i.UART_DMATxHalfCplt  stm32f4xx_hal_uart.o
    0x08003d98   0x0000001c   Code   RO         1665    i.UART_EndRxTransfer  stm32f4xx_hal_uart.o
    0x08003db4   0x00000012   Code   RO         1666    i.UART_EndTxTransfer  stm32f4xx_hal_uart.o
    0x08003dc6   0x0000008c   Code   RO         1667    i.UART_Receive_IT   stm32f4xx_hal_uart.o
    0x08003e52   0x00000002   PAD
    0x08003e54   0x000002ac   Code   RO         1668    i.UART_SetConfig    stm32f4xx_hal_uart.o
    0x08004100   0x00000062   Code   RO         1669    i.UART_Transmit_IT  stm32f4xx_hal_uart.o
    0x08004162   0x00000002   PAD
    0x08004164   0x00000050   Code   RO         5886    i.USART1_IRQHandler  stm32f4xx_it.o
    0x080041b4   0x00000002   Code   RO         5887    i.UsageFault_Handler  stm32f4xx_it.o
    0x080041b6   0x00000002   PAD
    0x080041b8   0x00000068   Code   RO         5181    i._DoInit           segger_rtt.o
    0x08004220   0x00000002   Code   RO         5367    i._Error_Handler    main.o
    0x08004222   0x00000016   Code   RO         5182    i._GetAvailWriteSpace  segger_rtt.o
    0x08004238   0x0000005a   Code   RO         5184    i._WriteBlocking    segger_rtt.o
    0x08004292   0x00000042   Code   RO         5185    i._WriteNoCheck     segger_rtt.o
    0x080042d4   0x00000002   Code   RO         5368    i._speex_fatal      main.o
    0x080042d6   0x00000074   Code   RO         3741    i._spx_autocorr     lpc.o
    0x0800434a   0x000000a0   Code   RO         3742    i._spx_lpc          lpc.o
    0x080043ea   0x0000002e   Code   RO         3401    i.bw_lpc            filters.o
    0x08004418   0x00000064   Code   RO         3762    i.cheb_poly_eva     lsp.o
    0x0800447c   0x00000102   Code   RO         3402    i.compute_impulse_response  filters.o
    0x0800457e   0x0000005e   Code   RO         4049    i.compute_quant_weights  quant_lsp.o
    0x080045dc   0x00000080   Code   RO         3403    i.compute_rms       filters.o
    0x0800465c   0x000000d6   Code   RO         3404    i.compute_rms16     filters.o
    0x08004732   0x0000008c   Code   RO         3287    i.compute_weighted_codebook  cb_search.o
    0x080047be   0x00000002   PAD
    0x080047c0   0x00000098   Code   RO         3405    i.filter_mem16      filters.o
    0x08004858   0x0000007c   Code   RO         3406    i.fir_mem16         filters.o
    0x080048d4   0x000000de   Code   RO         3816    i.forced_pitch_quant  ltp.o
    0x080049b2   0x00000046   Code   RO         3817    i.forced_pitch_unquant  ltp.o
    0x080049f8   0x000000d0   Code   RO         3407    i.highpass          filters.o
    0x08004ac8   0x00000080   Code   RO         3408    i.iir_mem16         filters.o
    0x08004b48   0x00000046   Code   RO         3818    i.inner_prod        ltp.o
    0x08004b8e   0x00000002   PAD
    0x08004b90   0x00000124   Code   RO         3409    i.interp_pitch      filters.o
    0x08004cb4   0x00000202   Code   RO         3763    i.lpc_to_lsp        lsp.o
    0x08004eb6   0x000000ae   Code   RO         3764    i.lsp_interpolate   lsp.o
    0x08004f64   0x00000066   Code   RO         4050    i.lsp_quant         quant_lsp.o
    0x08004fca   0x00000002   PAD
    0x08004fcc   0x000000e4   Code   RO         4052    i.lsp_quant_lbr     quant_lsp.o
    0x080050b0   0x00000144   Code   RO         4053    i.lsp_quant_nb      quant_lsp.o
    0x080051f4   0x00000318   Code   RO         3765    i.lsp_to_lpc        lsp.o
    0x0800550c   0x000000a4   Code   RO         4055    i.lsp_unquant_lbr   quant_lsp.o
    0x080055b0   0x00000100   Code   RO         4056    i.lsp_unquant_nb    quant_lsp.o
    0x080056b0   0x00000082   Code   RO         4057    i.lsp_weight_quant  quant_lsp.o
    0x08005732   0x00000002   PAD
    0x08005734   0x000000b8   Code   RO         5370    i.main              main.o
    0x080057ec   0x0000000c   Code   RO         6927    i.makeFreeRtosPriority  cmsis_os.o
    0x080057f8   0x000002fa   Code   RO         3410    i.multicomb         filters.o
    0x08005af2   0x00000002   PAD
    0x08005af4   0x00000058   Code   RO         3030    i.my_mem_free       malloc.o
    0x08005b4c   0x0000003c   Code   RO         3031    i.my_mem_init       malloc.o
    0x08005b88   0x0000008c   Code   RO         3032    i.my_mem_malloc     malloc.o
    0x08005c14   0x00000038   Code   RO         3033    i.my_mem_perused    malloc.o
    0x08005c4c   0x00000018   Code   RO         3034    i.myfree            malloc.o
    0x08005c64   0x00000020   Code   RO         3035    i.mymalloc          malloc.o
    0x08005c84   0x00000010   Code   RO         3036    i.mymemcpy          malloc.o
    0x08005c94   0x0000000c   Code   RO         3037    i.mymemset          malloc.o
    0x08005ca0   0x0000003c   Code   RO         3038    i.myrealloc         malloc.o
    0x08005cdc   0x00000a5a   Code   RO         3948    i.nb_decode         nb_celp.o
    0x08006736   0x00000002   PAD
    0x08006738   0x00000164   Code   RO         3949    i.nb_decode_lost    nb_celp.o
    0x0800689c   0x00000198   Code   RO         3950    i.nb_decoder_ctl    nb_celp.o
    0x08006a34   0x00000018   Code   RO         3951    i.nb_decoder_destroy  nb_celp.o
    0x08006a4c   0x000000b8   Code   RO         3952    i.nb_decoder_init   nb_celp.o
    0x08006b04   0x00000b94   Code   RO         3953    i.nb_encode         nb_celp.o
    0x08007698   0x00000206   Code   RO         3954    i.nb_encoder_ctl    nb_celp.o
    0x0800789e   0x00000018   Code   RO         3955    i.nb_encoder_destroy  nb_celp.o
    0x080078b6   0x00000002   PAD
    0x080078b8   0x000000a8   Code   RO         3956    i.nb_encoder_init   nb_celp.o
    0x08007960   0x0000002e   Code   RO         4311    i.nb_mode_query     speex.o
    0x0800798e   0x0000005a   Code   RO         3288    i.noise_codebook_quant  cb_search.o
    0x080079e8   0x00000038   Code   RO         3289    i.noise_codebook_unquant  cb_search.o
    0x08007a20   0x00000042   Code   RO         3411    i.normalize16       filters.o
    0x08007a62   0x000002e2   Code   RO         3819    i.open_loop_nbest_pitch  ltp.o
    0x08007d44   0x0000000e   Code   RO         6929    i.osDelay           cmsis_os.o
    0x08007d52   0x0000000a   Code   RO         6932    i.osKernelStart     cmsis_os.o
    0x08007d5c   0x00000026   Code   RO         6958    i.osSemaphoreCreate  cmsis_os.o
    0x08007d82   0x0000002e   Code   RO         6966    i.osThreadCreate    cmsis_os.o
    0x08007db0   0x000003f8   Code   RO         3820    i.pitch_gain_search_3tap  ltp.o
    0x080081a8   0x000000d0   Code   RO         3821    i.pitch_gain_search_3tap_vq  ltp.o
    0x08008278   0x00000254   Code   RO         3822    i.pitch_search_3tap  ltp.o
    0x080084cc   0x0000015c   Code   RO         3823    i.pitch_unquant_3tap  ltp.o
    0x08008628   0x00000070   Code   RO         6582    i.prvAddCurrentTaskToDelayedList  tasks.o
    0x08008698   0x00000124   Code   RO         6583    i.prvAddNewTaskToReadyList  tasks.o
    0x080087bc   0x00000054   Code   RO         6584    i.prvCheckTasksWaitingTermination  tasks.o
    0x08008810   0x00000026   Code   RO         6409    i.prvCopyDataFromQueue  queue.o
    0x08008836   0x0000006c   Code   RO         6410    i.prvCopyDataToQueue  queue.o
    0x080088a2   0x00000014   Code   RO         6585    i.prvDeleteTCB      tasks.o
    0x080088b6   0x00000002   PAD
    0x080088b8   0x0000004c   Code   RO         6068    i.prvHeapInit       heap_4.o
    0x08008904   0x00000028   Code   RO         6586    i.prvIdleTask       tasks.o
    0x0800892c   0x0000009c   Code   RO         6587    i.prvInitialiseNewTask  tasks.o
    0x080089c8   0x0000004c   Code   RO         6069    i.prvInsertBlockIntoFreeList  heap_4.o
    0x08008a14   0x00000018   Code   RO         4651    i.prvIsNewTCB       trckernelport.o
    0x08008a2c   0x0000001a   Code   RO         6411    i.prvIsQueueEmpty   queue.o
    0x08008a46   0x00000002   PAD
    0x08008a48   0x00000020   Code   RO         6589    i.prvResetNextTaskUnblockTime  tasks.o
    0x08008a68   0x00000168   Code   RO         4903    i.prvSetRecorderEnabled  trcstreamingrecorder.o
    0x08008bd0   0x00000028   Code   RO         6152    i.prvTaskExitError  port.o
    0x08008bf8   0x00000054   Code   RO         4906    i.prvTraceError     trcstreamingrecorder.o
    0x08008c4c   0x00000004   Code   RO         4652    i.prvTraceGetCurrentTaskHandle  trckernelport.o
    0x08008c50   0x0000000a   Code   RO         4654    i.prvTraceGetObjectNumberHigh16  trckernelport.o
    0x08008c5a   0x00000004   Code   RO         4657    i.prvTraceGetQueueNumber  trckernelport.o
    0x08008c5e   0x0000000a   Code   RO         4658    i.prvTraceGetTaskNumberHigh16  trckernelport.o
    0x08008c68   0x00000064   Code   RO         4908    i.prvTraceSaveObjectData  trcstreamingrecorder.o
    0x08008ccc   0x00000088   Code   RO         4909    i.prvTraceSaveSymbol  trcstreamingrecorder.o
    0x08008d54   0x0000001a   Code   RO         4661    i.prvTraceSetObjectNumberHigh16  trckernelport.o
    0x08008d6e   0x0000001a   Code   RO         4663    i.prvTraceSetTaskNumberHigh16  trckernelport.o
    0x08008d88   0x00000080   Code   RO         4910    i.prvTraceStoreEvent  trcstreamingrecorder.o
    0x08008e08   0x0000005c   Code   RO         4912    i.prvTraceStoreEvent1  trcstreamingrecorder.o
    0x08008e64   0x00000060   Code   RO         4913    i.prvTraceStoreEvent2  trcstreamingrecorder.o
    0x08008ec4   0x00000064   Code   RO         4914    i.prvTraceStoreEvent3  trcstreamingrecorder.o
    0x08008f28   0x000000cc   Code   RO         4915    i.prvTraceStoreSimpleStringEventHelper  trcstreamingrecorder.o
    0x08008ff4   0x0000001a   Code   RO         4916    i.prvTraceStoreStringEvent  trcstreamingrecorder.o
    0x0800900e   0x00000002   PAD
    0x08009010   0x00000100   Code   RO         4917    i.prvTraceStoreStringEventHelper  trcstreamingrecorder.o
    0x08009110   0x00000028   Code   RO         4918    i.prvTraceStoreWarnings  trcstreamingrecorder.o
    0x08009138   0x00000014   Code   RO         4919    i.prvTraceWarning   trcstreamingrecorder.o
    0x0800914c   0x0000006a   Code   RO         6412    i.prvUnlockQueue    queue.o
    0x080091b6   0x00000002   PAD
    0x080091b8   0x000000f4   Code   RO         6070    i.pvPortMalloc      heap_4.o
    0x080092ac   0x00000018   Code   RO         6591    i.pvTaskIncrementMutexHeldCount  tasks.o
    0x080092c4   0x0000002c   Code   RO         6153    i.pxPortInitialiseStack  port.o
    0x080092f0   0x00000064   Code   RO         3414    i.residue_percep_zero16  filters.o
    0x08009354   0x00000034   Code   RO         3415    i.sanitize_values32  filters.o
    0x08009388   0x0000001c   Code   RO         4606    i.scal_quant        vq.o
    0x080093a4   0x0000001a   Code   RO         4607    i.scal_quant32      vq.o
    0x080093be   0x000000a2   Code   RO         3416    i.signal_div        filters.o
    0x08009460   0x0000002e   Code   RO         3417    i.signal_mul        filters.o
    0x0800948e   0x0000002c   Code   RO         3116    i.speex_bits_advance  bits.o
    0x080094ba   0x00000028   Code   RO         3118    i.speex_bits_init   bits.o
    0x080094e2   0x00000022   Code   RO         3120    i.speex_bits_insert_terminator  bits.o
    0x08009504   0x0000007e   Code   RO         3122    i.speex_bits_pack   bits.o
    0x08009582   0x00000046   Code   RO         3125    i.speex_bits_read_from  bits.o
    0x080095c8   0x00000018   Code   RO         3127    i.speex_bits_remaining  bits.o
    0x080095e0   0x00000010   Code   RO         3128    i.speex_bits_reset  bits.o
    0x080095f0   0x00000054   Code   RO         3132    i.speex_bits_unpack_unsigned  bits.o
    0x08009644   0x0000003c   Code   RO         3133    i.speex_bits_write  bits.o
    0x08009680   0x00000006   Code   RO         4312    i.speex_decode_int  speex.o
    0x08009686   0x00000006   Code   RO         4314    i.speex_decoder_ctl  speex.o
    0x0800968c   0x00000004   Code   RO         4316    i.speex_decoder_init  speex.o
    0x08009690   0x0000001a   Code   RO         4404    i.speex_default_user_handler  speex_callbacks.o
    0x080096aa   0x00000006   Code   RO         4317    i.speex_encode_int  speex.o
    0x080096b0   0x00000006   Code   RO         4319    i.speex_encoder_ctl  speex.o
    0x080096b6   0x00000004   Code   RO         4321    i.speex_encoder_init  speex.o
    0x080096ba   0x0000005c   Code   RO         4405    i.speex_inband_handler  speex_callbacks.o
    0x08009716   0x00000002   PAD
    0x08009718   0x00000028   Code   RO         3957    i.speex_rand        nb_celp.o
    0x08009740   0x0000000a   Code   RO         3135    i.speex_realloc     bits.o
    0x0800974a   0x0000059a   Code   RO         3290    i.split_cb_search_shape_sign  cb_search.o
    0x08009ce4   0x00000252   Code   RO         3291    i.split_cb_search_shape_sign_N1  cb_search.o
    0x08009f36   0x000000ba   Code   RO         3292    i.split_cb_shape_sign_unquant  cb_search.o
    0x08009ff0   0x000000c8   Code   RO         3766    i.spx_acos          lsp.o
    0x0800a0b8   0x0000007e   Code   RO         3418    i.spx_sqrt          filters.o
    0x0800a136   0x0000007e   Code   RO         3824    i.spx_sqrt          ltp.o
    0x0800a1b4   0x0000007e   Code   RO         3958    i.spx_sqrt          nb_celp.o
    0x0800a232   0x00000066   Code   RO         3419    i.syn_percep_zero16  filters.o
    0x0800a298   0x00000026   Code   RO         3293    i.target_update     cb_search.o
    0x0800a2be   0x00000024   Code   RO         6359    i.uxListRemove      list.o
    0x0800a2e2   0x00000004   Code   RO         6414    i.uxQueueGetQueueNumber  queue.o
    0x0800a2e6   0x00000008   Code   RO         6595    i.uxTaskGetTaskNumber  tasks.o
    0x0800a2ee   0x00000016   Code   RO         6360    i.vListInitialise   list.o
    0x0800a304   0x00000006   Code   RO         6361    i.vListInitialiseItem  list.o
    0x0800a30a   0x00000030   Code   RO         6362    i.vListInsert       list.o
    0x0800a33a   0x00000018   Code   RO         6363    i.vListInsertEnd    list.o
    0x0800a352   0x00000002   PAD
    0x0800a354   0x00000040   Code   RO         6155    i.vPortEnterCritical  port.o
    0x0800a394   0x00000028   Code   RO         6156    i.vPortExitCritical  port.o
    0x0800a3bc   0x0000007c   Code   RO         6071    i.vPortFree         heap_4.o
    0x0800a438   0x00000020   Code   RO         6157    i.vPortSetupTimerInterrupt  port.o
    0x0800a458   0x00000054   Code   RO         6158    i.vPortValidateInterruptPriority  port.o
    0x0800a4ac   0x00000004   Code   RO         6420    i.vQueueSetQueueNumber  queue.o
    0x0800a4b0   0x00000068   Code   RO         6599    i.vTaskDelay        tasks.o
    0x0800a518   0x0000000c   Code   RO         6603    i.vTaskMissedYield  tasks.o
    0x0800a524   0x00000030   Code   RO         6605    i.vTaskPlaceOnEventList  tasks.o
    0x0800a554   0x000000d4   Code   RO         6607    i.vTaskPriorityInherit  tasks.o
    0x0800a628   0x00000008   Code   RO         6610    i.vTaskSetTaskNumber  tasks.o
    0x0800a630   0x00000024   Code   RO         6611    i.vTaskSetTimeOutState  tasks.o
    0x0800a654   0x00000068   Code   RO         6612    i.vTaskStartScheduler  tasks.o
    0x0800a6bc   0x00000010   Code   RO         6614    i.vTaskSuspendAll   tasks.o
    0x0800a6cc   0x00000088   Code   RO         6615    i.vTaskSwitchContext  tasks.o
    0x0800a754   0x00000004   Code   RO         4923    i.vTracePrint       trcstreamingrecorder.o
    0x0800a758   0x0000004a   Code   RO         4924    i.vTracePrintF      trcstreamingrecorder.o
    0x0800a7a2   0x00000090   Code   RO         4608    i.vq_nbest          vq.o
    0x0800a832   0x000000a6   Code   RO         4609    i.vq_nbest_sign     vq.o
    0x0800a8d8   0x00000022   Code   RO         5332    i.writeToRTT        trcstreamingport.o
    0x0800a8fa   0x00000002   PAD
    0x0800a8fc   0x000000e4   Code   RO         6159    i.xPortStartScheduler  port.o
    0x0800a9e0   0x0000002c   Code   RO         6160    i.xPortSysTickHandler  port.o
    0x0800aa0c   0x00000080   Code   RO         6423    i.xQueueGenericCreate  queue.o
    0x0800aa8c   0x00000324   Code   RO         6424    i.xQueueGenericReceive  queue.o
    0x0800adb0   0x00000088   Code   RO         6425    i.xQueueGenericReset  queue.o
    0x0800ae38   0x000002a4   Code   RO         6426    i.xQueueGenericSend  queue.o
    0x0800b0dc   0x00000006   Code   RO         6428    i.xQueueGiveFromISR  queue.o
    0x0800b0e2   0x00000002   PAD
    0x0800b0e4   0x0000006c   Code   RO         6616    i.xTaskCheckForTimeOut  tasks.o
    0x0800b150   0x00000056   Code   RO         6617    i.xTaskCreate       tasks.o
    0x0800b1a6   0x00000002   PAD
    0x0800b1a8   0x0000000c   Code   RO         6620    i.xTaskGetCurrentTaskHandle  tasks.o
    0x0800b1b4   0x0000001c   Code   RO         6621    i.xTaskGetSchedulerState  tasks.o
    0x0800b1d0   0x00000108   Code   RO         6624    i.xTaskIncrementTick  tasks.o
    0x0800b2d8   0x000000dc   Code   RO         6627    i.xTaskPriorityDisinherit  tasks.o
    0x0800b3b4   0x00000090   Code   RO         6628    i.xTaskRemoveFromEventList  tasks.o
    0x0800b444   0x000000e0   Code   RO         6630    i.xTaskResumeAll    tasks.o
    0x0800b524   0x00000280   Code   RO         4932    i.xTraceGetLastError  trcstreamingrecorder.o
    0x0800b7a4   0x0000000a   Code   RO         7515    x$fpl$fpinit        fz_wm.l(fpinit.o)
    0x0800b7ae   0x00000008   Data   RO         2405    .constdata          stm32f4xx_hal_dma.o
    0x0800b7b6   0x00000010   Data   RO         2960    .constdata          system_stm32f4xx.o
    0x0800b7c6   0x00000008   Data   RO         2961    .constdata          system_stm32f4xx.o
    0x0800b7ce   0x00000002   PAD
    0x0800b7d0   0x00000024   Data   RO         3045    .constdata          malloc.o
    0x0800b7f4   0x00000140   Data   RO         3359    .constdata          exc_5_64_table.o
    0x0800b934   0x00000500   Data   RO         3366    .constdata          exc_5_256_table.o
    0x0800be34   0x00000400   Data   RO         3373    .constdata          exc_8_128_table.o
    0x0800c234   0x000000a0   Data   RO         3380    .constdata          exc_10_16_table.o
    0x0800c2d4   0x00000140   Data   RO         3387    .constdata          exc_10_32_table.o
    0x0800c414   0x00000280   Data   RO         3394    .constdata          exc_20_32_table.o
    0x0800c694   0x0000006a   Data   RO         3420    .constdata          filters.o
    0x0800c6fe   0x00000200   Data   RO         3538    .constdata          gain_table.o
    0x0800c8fe   0x00000080   Data   RO         3545    .constdata          gain_table_lbr.o
    0x0800c97e   0x00000280   Data   RO         3802    .constdata          lsp_tables_nb.o
    0x0800cbfe   0x00000140   Data   RO         3803    .constdata          lsp_tables_nb.o
    0x0800cd3e   0x00000140   Data   RO         3804    .constdata          lsp_tables_nb.o
    0x0800ce7e   0x00000140   Data   RO         3805    .constdata          lsp_tables_nb.o
    0x0800cfbe   0x00000140   Data   RO         3806    .constdata          lsp_tables_nb.o
    0x0800d0fe   0x00000002   PAD
    0x0800d100   0x0000000c   Data   RO         3883    .constdata          modes.o
    0x0800d10c   0x0000000c   Data   RO         3884    .constdata          modes.o
    0x0800d118   0x0000000c   Data   RO         3885    .constdata          modes.o
    0x0800d124   0x0000000c   Data   RO         3886    .constdata          modes.o
    0x0800d130   0x00000014   Data   RO         3887    .constdata          modes.o
    0x0800d144   0x00000014   Data   RO         3888    .constdata          modes.o
    0x0800d158   0x00000014   Data   RO         3889    .constdata          modes.o
    0x0800d16c   0x00000014   Data   RO         3890    .constdata          modes.o
    0x0800d180   0x00000014   Data   RO         3891    .constdata          modes.o
    0x0800d194   0x00000014   Data   RO         3892    .constdata          modes.o
    0x0800d1a8   0x00000038   Data   RO         3893    .constdata          modes.o
    0x0800d1e0   0x00000038   Data   RO         3894    .constdata          modes.o
    0x0800d218   0x00000038   Data   RO         3895    .constdata          modes.o
    0x0800d250   0x00000038   Data   RO         3896    .constdata          modes.o
    0x0800d288   0x00000038   Data   RO         3897    .constdata          modes.o
    0x0800d2c0   0x00000038   Data   RO         3898    .constdata          modes.o
    0x0800d2f8   0x00000038   Data   RO         3899    .constdata          modes.o
    0x0800d330   0x00000038   Data   RO         3900    .constdata          modes.o
    0x0800d368   0x0000008c   Data   RO         3901    .constdata          modes.o
    0x0800d3f4   0x00000034   Data   RO         3902    .constdata          modes.o
    0x0800d428   0x000000dc   Data   RO         3959    .constdata          nb_celp.o
    0x0800d504   0x00000016   Data   RO         4636    .constdata          window.o
    0x0800d51a   0x00000190   Data   RO         4637    .constdata          window.o
    0x0800d6aa   0x00000002   PAD
    0x0800d6ac   0x00001800   Data   RO         5699    .constdata          freertos.o
    0x0800eeac   0x0000000b   Data   RO         3903    .conststring        modes.o
    0x0800eeb7   0x00000001   PAD
    0x0800eeb8   0x00000070   Data   RO         5700    .conststring        freertos.o
    0x0800ef28   0x00000020   Data   RO         7582    Region$$Table       anon$$obj.o


    Execution Region RW_IRAM1 (Base: 0x20000000, Size: 0x0001ad98, Max: 0x00020000, ABSOLUTE, COMPRESSED[0x0000004c])

    Base Addr    Size         Type   Attr      Idx    E Section Name        Object

    0x20000000   0x00000004   Data   RW         2827    .data               stm32f4xx_hal.o
    0x20000004   0x00000004   Data   RW         2962    .data               system_stm32f4xx.o
    0x20000008   0x00000001   Data   RW         2998    .data               key.o
    0x20000009   0x00000003   PAD
    0x2000000c   0x00000024   Data   RW         3046    .data               malloc.o
    0x20000030   0x0000001c   Data   RW         4670    .data               trckernelport.o
    0x2000004c   0x00000054   Data   RW         4937    .data               trcstreamingrecorder.o
    0x200000a0   0x00000018   Data   RW         5384    .data               main.o
    0x200000b8   0x00000001   Data   RW         5385    .data               main.o
    0x200000b9   0x00000008   Data   RW         5569    .data               can.o
    0x200000c1   0x00000003   PAD
    0x200000c4   0x00000040   Data   RW         5701    .data               freertos.o
    0x20000104   0x00000001   Data   RW         5889    .data               stm32f4xx_it.o
    0x20000105   0x00000003   PAD
    0x20000108   0x00000018   Data   RW         6076    .data               heap_4.o
    0x20000120   0x0000000c   Data   RW         6161    .data               port.o
    0x2000012c   0x0000003c   Data   RW         6633    .data               tasks.o
    0x20000168   0x00000018   PAD
    0x20000180   0x00014000   Zero   RW         3043    .bss                malloc.o
    0x20014180   0x00001400   Zero   RW         3044    .bss                malloc.o
    0x20015580   0x00000670   Zero   RW         4936    .bss                trcstreamingrecorder.o
    0x20015bf0   0x000000f8   Zero   RW         5186    .bss                segger_rtt.o
    0x20015ce8   0x00000688   Zero   RW         5371    .bss                main.o
    0x20016370   0x00000014   Zero   RW         5373    .bss                main.o
    0x20016384   0x00000014   Zero   RW         5374    .bss                main.o
    0x20016398   0x00000140   Zero   RW         5376    .bss                main.o
    0x200164d8   0x00000140   Zero   RW         5377    .bss                main.o
    0x20016618   0x00000014   Zero   RW         5378    .bss                main.o
    0x2001662c   0x00000014   Zero   RW         5380    .bss                main.o
    0x20016640   0x00000014   Zero   RW         5381    .bss                main.o
    0x20016654   0x000000a8   Zero   RW         5524    .bss                adc.o
    0x200166fc   0x00000084   Zero   RW         5568    .bss                can.o
    0x20016780   0x00000074   Zero   RW         5621    .bss                dac.o
    0x200167f4   0x000000c0   Zero   RW         5661    .bss                dma.o
    0x200168b4   0x000000b4   Zero   RW         5779    .bss                tim.o
    0x20016968   0x000000a0   Zero   RW         5831    .bss                usart.o
    0x20016a08   0x0000003c   Zero   RW         6031    .bss                stm32f4xx_hal_timebase_tim.o
    0x20016a44   0x00003c00   Zero   RW         6075    .bss                heap_4.o
    0x2001a644   0x000000f0   Zero   RW         6632    .bss                tasks.o
    0x2001a734   0x00000060   Zero   RW         7447    .bss                c_w.l(libspace.o)
    0x2001a794   0x00000004   PAD
    0x2001a798   0x00000200   Zero   RW            2    HEAP                startup_stm32f407xx.o
    0x2001a998   0x00000400   Zero   RW            1    STACK               startup_stm32f407xx.o



  Load Region LR$$.ARM.__AT_0x10000000 (Base: 0x10000000, Size: 0x00000000, Max: 0x0000f000, ABSOLUTE)

    Execution Region ER$$.ARM.__AT_0x10000000 (Base: 0x10000000, Size: 0x0000f000, Max: 0x0000f000, ABSOLUTE, UNINIT)

    Base Addr    Size         Type   Attr      Idx    E Section Name        Object

    0x10000000   0x0000f000   Zero   RW         3039    .ARM.__AT_0x10000000  malloc.o



  Load Region LR$$.ARM.__AT_0x1000F000 (Base: 0x1000f000, Size: 0x00000000, Max: 0x00000f00, ABSOLUTE)

    Execution Region ER$$.ARM.__AT_0x1000F000 (Base: 0x1000f000, Size: 0x00000f00, Max: 0x00000f00, ABSOLUTE, UNINIT)

    Base Addr    Size         Type   Attr      Idx    E Section Name        Object

    0x1000f000   0x00000f00   Zero   RW         3040    .ARM.__AT_0x1000F000  malloc.o



  Load Region LR$$.ARM.__AT_0x68000000 (Base: 0x68000000, Size: 0x00000000, Max: 0x000f0000, ABSOLUTE)

    Execution Region ER$$.ARM.__AT_0x68000000 (Base: 0x68000000, Size: 0x000f0000, Max: 0x000f0000, ABSOLUTE, UNINIT)

    Base Addr    Size         Type   Attr      Idx    E Section Name        Object

    0x68000000   0x000f0000   Zero   RW         3041    .ARM.__AT_0x68000000  malloc.o



  Load Region LR$$.ARM.__AT_0x680F0000 (Base: 0x680f0000, Size: 0x00000000, Max: 0x0000f000, ABSOLUTE)

    Execution Region ER$$.ARM.__AT_0x680F0000 (Base: 0x680f0000, Size: 0x0000f000, Max: 0x0000f000, ABSOLUTE, UNINIT)

    Base Addr    Size         Type   Attr      Idx    E Section Name        Object

    0x680f0000   0x0000f000   Zero   RW         3042    .ARM.__AT_0x680F0000  malloc.o


==============================================================================

Image component sizes


      Code (inc. data)   RO Data    RW Data    ZI Data      Debug   Object Name

       256         62          0          0        168       1675   adc.o
       508          0          0          0          0       9863   bits.o
       316         46          0          8        132       2905   can.o
      2538         10          0          0          0      10099   cb_search.o
       120          0          0          0          0      13245   cmsis_os.o
       232         62          0          0        116       1653   dac.o
       280         30          0          0        192       1230   dma.o
         0          0          0          0          0       8052   event_groups.o
         0          0        160          0          0        438   exc_10_16_table.o
         0          0        320          0          0        438   exc_10_32_table.o
         0          0        640          0          0        438   exc_20_32_table.o
         0          0       1280          0          0        438   exc_5_256_table.o
         0          0        320          0          0        429   exc_5_64_table.o
         0          0       1024          0          0        438   exc_8_128_table.o
      2966         26        106          0          0      16081   filters.o
      1888        254       6256         64          0       9992   freertos.o
         0          0        512          0          0        419   gain_table.o
         0          0        128          0          0        428   gain_table_lbr.o
       176         12          0          0          0        959   gpio.o
       520         30          0         24      15360       7111   heap_4.o
       296         28          0          1          0       1650   key.o
         0          0          0          0          0       1472   kiss_fft.o
       136          0          0          0          0       3354   list.o
       276          0          0          0          0       1791   lpc.o
      1780         12          0          0          0       6612   lsp.o
         0          0       1920          0          0        632   lsp_tables_nb.o
      3394          6          0          0          0      11046   ltp.o
       586         86          0         25       2412      15163   main.o
       488         44         36         36    1196800       7513   malloc.o
         0          0        819          0          0       7099   modes.o
      7462        374        220          0          0      24079   nb_celp.o
       762         82          0         12          0      11837   port.o
      1298         64          0          0          0       5989   quant_lsp.o
      2332         88          0          0          0      13017   queue.o
       430         42          0          0        248       8510   segger_rtt.o
        78          0          0          0          0       4264   speex.o
       118          0          0          0          0       2756   speex_callbacks.o
        64         26        392          0       1536        844   startup_stm32f407xx.o
        80         16          0          4          0       3200   stm32f4xx_hal.o
      1196         54          0          0          0     707538   stm32f4xx_hal_adc.o
      2064         32          0          0          0       7144   stm32f4xx_hal_can.o
       218         14          0          0          0      30645   stm32f4xx_hal_cortex.o
       414         26          0          0          0       4826   stm32f4xx_hal_dac.o
        56          0          0          0          0       3853   stm32f4xx_hal_dac_ex.o
      1098         20          8          0          0       6574   stm32f4xx_hal_dma.o
       476         46          0          0          0       3392   stm32f4xx_hal_gpio.o
        88          0          0          0          0        522   stm32f4xx_hal_msp.o
      1444         90          0          0          0       6089   stm32f4xx_hal_rcc.o
       982         44          0          0          0       9335   stm32f4xx_hal_tim.o
        84          0          0          0          0       2358   stm32f4xx_hal_tim_ex.o
       116         16          0          0         60       1428   stm32f4xx_hal_timebase_tim.o
      1620         26          0          0          0      10633   stm32f4xx_hal_uart.o
       324        100          0          1          0       8656   stm32f4xx_it.o
        84         18         24          4          0       1159   system_stm32f4xx.o
      2530        216          0         60        240      23353   tasks.o
       488         84          0          0        180       3016   tim.o
       104          6          0         28          0      20243   trckernelport.o
        34          0          0          0          0       1193   trcstreamingport.o
      2360        706          0         84       1648      24788   trcstreamingrecorder.o
       248         60          0          0        160       1725   usart.o
       364          0          0          0          0       3123   vq.o
         0          0        422          0          0        580   window.o

    ----------------------------------------------------------------------
     45838       2958      14626        360    1219276    1099332   Object Totals
         0          0         32          0          0          0   (incl. Generated)
        66          0          7          9         24          0   (incl. Padding)

    ----------------------------------------------------------------------

      Code (inc. data)   RO Data    RW Data    ZI Data      Debug   Library Member Name

        58          0          0          0          0          0   __dczerorl.o
         8          0          0          0          0         68   __main.o
         0          0          0          0          0          0   __rtentry.o
        12          0          0          0          0          0   __rtentry2.o
         6          0          0          0          0          0   __rtentry4.o
        52          8          0          0          0          0   __scatter.o
        28          0          0          0          0          0   __scatter_zi.o
        16          0          0          0          0         68   aeabi_memset.o
        12          0          0          0          0         72   exit.o
         6          0          0          0          0        152   heapauxi.o
         0          0          0          0          0          0   indicate_semi.o
         2          0          0          0          0          0   libinit.o
         6          0          0          0          0          0   libinit2.o
         2          0          0          0          0          0   libshutdown.o
         2          0          0          0          0          0   libshutdown2.o
         8          4          0          0         96         68   libspace.o
        68          0          0          0          0         68   rt_memclr.o
        78          0          0          0          0         80   rt_memclr_w.o
       138          0          0          0          0         68   rt_memcpy_v6.o
       100          0          0          0          0         80   rt_memcpy_w.o
         2          0          0          0          0          0   rtexit.o
        10          0          0          0          0          0   rtexit2.o
        72          0          0          0          0         80   strcpy.o
        12          4          0          0          0         68   sys_exit.o
        74          0          0          0          0         80   sys_stackheap_outer.o
         2          0          0          0          0         68   use_no_semi.o
        10          0          0          0          0        116   fpinit.o

    ----------------------------------------------------------------------
       792         16          0          0        100       1136   Library Totals
         8          0          0          0          4          0   (incl. Padding)

    ----------------------------------------------------------------------

      Code (inc. data)   RO Data    RW Data    ZI Data      Debug   Library Name

       774         16          0          0         96       1020   c_w.l
        10          0          0          0          0        116   fz_wm.l

    ----------------------------------------------------------------------
       792         16          0          0        100       1136   Library Totals

    ----------------------------------------------------------------------

==============================================================================


      Code (inc. data)   RO Data    RW Data    ZI Data      Debug   

     46630       2974      14626        360    1219376    1067900   Grand Totals
     46630       2974      14626         76    1219376    1067900   ELF Image Totals (compressed)
     46630       2974      14626         76          0          0   ROM Totals

==============================================================================

    Total RO  Size (Code + RO Data)                61256 (  59.82kB)
    Total RW  Size (RW Data + ZI Data)           1219736 (1191.15kB)
    Total ROM Size (Code + RO Data + RW Data)      61332 (  59.89kB)

==============================================================================

