Component: ARM Compiler 5.06 update 1 (build 61) Tool: armlink [4d35a8]

==============================================================================

Section Cross References

    startup_stm32f407xx.o(STACK) refers (Special) to heapauxi.o(.text) for __use_two_region_memory
    startup_stm32f407xx.o(HEAP) refers (Special) to heapauxi.o(.text) for __use_two_region_memory
    startup_stm32f407xx.o(RESET) refers (Special) to heapauxi.o(.text) for __use_two_region_memory
    startup_stm32f407xx.o(RESET) refers to startup_stm32f407xx.o(STACK) for __initial_sp
    startup_stm32f407xx.o(RESET) refers to startup_stm32f407xx.o(.text) for Reset_Handler
    startup_stm32f407xx.o(RESET) refers to stm32f4xx_it.o(i.NMI_Handler) for NMI_Handler
    startup_stm32f407xx.o(RESET) refers to stm32f4xx_it.o(i.HardFault_Handler) for HardFault_Handler
    startup_stm32f407xx.o(RESET) refers to stm32f4xx_it.o(i.MemManage_Handler) for MemManage_Handler
    startup_stm32f407xx.o(RESET) refers to stm32f4xx_it.o(i.BusFault_Handler) for BusFault_Handler
    startup_stm32f407xx.o(RESET) refers to stm32f4xx_it.o(i.UsageFault_Handler) for UsageFault_Handler
    startup_stm32f407xx.o(RESET) refers to port.o(.emb_text) for SVC_Handler
    startup_stm32f407xx.o(RESET) refers to stm32f4xx_it.o(i.DebugMon_Handler) for DebugMon_Handler
    startup_stm32f407xx.o(RESET) refers to stm32f4xx_it.o(i.SysTick_Handler) for SysTick_Handler
    startup_stm32f407xx.o(RESET) refers to stm32f4xx_it.o(i.DMA1_Stream5_IRQHandler) for DMA1_Stream5_IRQHandler
    startup_stm32f407xx.o(RESET) refers to stm32f4xx_it.o(i.CAN1_RX0_IRQHandler) for CAN1_RX0_IRQHandler
    startup_stm32f407xx.o(RESET) refers to stm32f4xx_it.o(i.TIM1_UP_TIM10_IRQHandler) for TIM1_UP_TIM10_IRQHandler
    startup_stm32f407xx.o(RESET) refers to stm32f4xx_it.o(i.TIM2_IRQHandler) for TIM2_IRQHandler
    startup_stm32f407xx.o(RESET) refers to stm32f4xx_it.o(i.TIM3_IRQHandler) for TIM3_IRQHandler
    startup_stm32f407xx.o(RESET) refers to stm32f4xx_it.o(i.USART1_IRQHandler) for USART1_IRQHandler
    startup_stm32f407xx.o(RESET) refers to stm32f4xx_it.o(i.TIM5_IRQHandler) for TIM5_IRQHandler
    startup_stm32f407xx.o(RESET) refers to stm32f4xx_it.o(i.DMA2_Stream0_IRQHandler) for DMA2_Stream0_IRQHandler
    startup_stm32f407xx.o(RESET) refers to stm32f4xx_it.o(i.DMA2_Stream1_IRQHandler) for DMA2_Stream1_IRQHandler
    startup_stm32f407xx.o(RESET) refers to stm32f4xx_it.o(i.DMA2_Stream2_IRQHandler) for DMA2_Stream2_IRQHandler
    startup_stm32f407xx.o(RESET) refers to stm32f4xx_it.o(i.DMA2_Stream7_IRQHandler) for DMA2_Stream7_IRQHandler
    startup_stm32f407xx.o(.text) refers (Special) to heapauxi.o(.text) for __use_two_region_memory
    startup_stm32f407xx.o(.text) refers to system_stm32f4xx.o(i.SystemInit) for SystemInit
    startup_stm32f407xx.o(.text) refers to __main.o(!!!main) for __main
    startup_stm32f407xx.o(.text) refers to startup_stm32f407xx.o(HEAP) for Heap_Mem
    startup_stm32f407xx.o(.text) refers to startup_stm32f407xx.o(STACK) for Stack_Mem
    stm32f4xx_hal_rcc.o(i.HAL_RCC_ClockConfig) refers to stm32f4xx_hal.o(i.HAL_GetTick) for HAL_GetTick
    stm32f4xx_hal_rcc.o(i.HAL_RCC_ClockConfig) refers to stm32f4xx_hal_rcc.o(i.HAL_RCC_GetSysClockFreq) for HAL_RCC_GetSysClockFreq
    stm32f4xx_hal_rcc.o(i.HAL_RCC_ClockConfig) refers to stm32f4xx_hal_timebase_tim.o(i.HAL_InitTick) for HAL_InitTick
    stm32f4xx_hal_rcc.o(i.HAL_RCC_ClockConfig) refers to system_stm32f4xx.o(.constdata) for AHBPrescTable
    stm32f4xx_hal_rcc.o(i.HAL_RCC_ClockConfig) refers to system_stm32f4xx.o(.data) for SystemCoreClock
    stm32f4xx_hal_rcc.o(i.HAL_RCC_GetHCLKFreq) refers to system_stm32f4xx.o(.data) for SystemCoreClock
    stm32f4xx_hal_rcc.o(i.HAL_RCC_GetPCLK1Freq) refers to system_stm32f4xx.o(.data) for SystemCoreClock
    stm32f4xx_hal_rcc.o(i.HAL_RCC_GetPCLK1Freq) refers to system_stm32f4xx.o(.constdata) for APBPrescTable
    stm32f4xx_hal_rcc.o(i.HAL_RCC_GetPCLK2Freq) refers to system_stm32f4xx.o(.data) for SystemCoreClock
    stm32f4xx_hal_rcc.o(i.HAL_RCC_GetPCLK2Freq) refers to system_stm32f4xx.o(.constdata) for APBPrescTable
    stm32f4xx_hal_rcc.o(i.HAL_RCC_MCOConfig) refers to stm32f4xx_hal_gpio.o(i.HAL_GPIO_Init) for HAL_GPIO_Init
    stm32f4xx_hal_rcc.o(i.HAL_RCC_NMI_IRQHandler) refers to stm32f4xx_hal_rcc.o(i.HAL_RCC_CSSCallback) for HAL_RCC_CSSCallback
    stm32f4xx_hal_rcc.o(i.HAL_RCC_OscConfig) refers to stm32f4xx_hal.o(i.HAL_GetTick) for HAL_GetTick
    stm32f4xx_hal_pwr.o(i.HAL_PWR_PVD_IRQHandler) refers to stm32f4xx_hal_pwr.o(i.HAL_PWR_PVDCallback) for HAL_PWR_PVDCallback
    stm32f4xx_hal_flash_ex.o(i.HAL_FLASHEx_Erase) refers to stm32f4xx_hal_flash.o(i.FLASH_WaitForLastOperation) for FLASH_WaitForLastOperation
    stm32f4xx_hal_flash_ex.o(i.HAL_FLASHEx_Erase) refers to stm32f4xx_hal_flash_ex.o(i.FLASH_MassErase) for FLASH_MassErase
    stm32f4xx_hal_flash_ex.o(i.HAL_FLASHEx_Erase) refers to stm32f4xx_hal_flash_ex.o(i.FLASH_Erase_Sector) for FLASH_Erase_Sector
[...]
    HAL_ADC_Init                             0x08000c97   Thumb Code    84  stm32f4xx_hal_adc.o(i.HAL_ADC_Init)
    HAL_ADC_MspInit                          0x08000ced   Thumb Code   108  adc.o(i.HAL_ADC_MspInit)
    HAL_ADC_Start_DMA                        0x08000d7d   Thumb Code   230  stm32f4xx_hal_adc.o(i.HAL_ADC_Start_DMA)
    HAL_ADC_Stop_DMA                         0x08000e81   Thumb Code    88  stm32f4xx_hal_adc.o(i.HAL_ADC_Stop_DMA)
    HAL_CAN_ConfigFilter                     0x08000ed9   Thumb Code   244  stm32f4xx_hal_can.o(i.HAL_CAN_ConfigFilter)
    HAL_CAN_ErrorCallback                    0x08000fd1   Thumb Code     2  stm32f4xx_hal_can.o(i.HAL_CAN_ErrorCallback)
    HAL_CAN_IRQHandler                       0x08000fd5   Thumb Code   548  stm32f4xx_hal_can.o(i.HAL_CAN_IRQHandler)
    HAL_CAN_Init                             0x08001209   Thumb Code   332  stm32f4xx_hal_can.o(i.HAL_CAN_Init)
    HAL_CAN_MspInit                          0x08001355   Thumb Code    80  can.o(i.HAL_CAN_MspInit)
    HAL_CAN_Receive_IT                       0x080013b1   Thumb Code   184  stm32f4xx_hal_can.o(i.HAL_CAN_Receive_IT)
    HAL_CAN_RxCpltCallback                   0x08001469   Thumb Code   272  freertos.o(i.HAL_CAN_RxCpltCallback)
    HAL_CAN_Transmit                         0x0800158d   Thumb Code   428  stm32f4xx_hal_can.o(i.HAL_CAN_Transmit)
    HAL_CAN_TxCpltCallback                   0x08001745   Thumb Code     2  stm32f4xx_hal_can.o(i.HAL_CAN_TxCpltCallback)
    HAL_DACEx_ConvCpltCallbackCh2            0x08001747   Thumb Code     2  stm32f4xx_hal_dac_ex.o(i.HAL_DACEx_ConvCpltCallbackCh2)
    HAL_DACEx_ConvHalfCpltCallbackCh2        0x08001749   Thumb Code     2  stm32f4xx_hal_dac_ex.o(i.HAL_DACEx_ConvHalfCpltCallbackCh2)
    HAL_DACEx_ErrorCallbackCh2               0x0800174b   Thumb Code     2  stm32f4xx_hal_dac_ex.o(i.HAL_DACEx_ErrorCallbackCh2)
    HAL_DAC_ConfigChannel                    0x0800174d   Thumb Code    66  stm32f4xx_hal_dac.o(i.HAL_DAC_ConfigChannel)
    HAL_DAC_ConvCpltCallbackCh1              0x08001791   Thumb Code    52  main.o(i.HAL_DAC_ConvCpltCallbackCh1)
    HAL_DAC_ConvHalfCpltCallbackCh1          0x080017d5   Thumb Code     2  main.o(i.HAL_DAC_ConvHalfCpltCallbackCh1)
    HAL_DAC_ErrorCallbackCh1                 0x080017d7   Thumb Code     2  stm32f4xx_hal_dac.o(i.HAL_DAC_ErrorCallbackCh1)
    HAL_DAC_Init                             0x080017d9   Thumb Code    40  stm32f4xx_hal_dac.o(i.HAL_DAC_Init)
    HAL_DAC_MspInit                          0x08001801   Thumb Code   114  dac.o(i.HAL_DAC_MspInit)
    HAL_DAC_Start_DMA                        0x08001899   Thumb Code   230  stm32f4xx_hal_dac.o(i.HAL_DAC_Start_DMA)
    HAL_DMA_Abort                            0x08001999   Thumb Code   142  stm32f4xx_hal_dma.o(i.HAL_DMA_Abort)
    HAL_DMA_Abort_IT                         0x08001a27   Thumb Code    36  stm32f4xx_hal_dma.o(i.HAL_DMA_Abort_IT)
    HAL_DMA_IRQHandler                       0x08001a4d   Thumb Code   416  stm32f4xx_hal_dma.o(i.HAL_DMA_IRQHandler)
    HAL_DMA_Init                             0x08001bf5   Thumb Code   206  stm32f4xx_hal_dma.o(i.HAL_DMA_Init)
    HAL_DMA_Start_IT                         0x08001cc9   Thumb Code   120  stm32f4xx_hal_dma.o(i.HAL_DMA_Start_IT)
    HAL_GPIO_Init                            0x08001d41   Thumb Code   402  stm32f4xx_hal_gpio.o(i.HAL_GPIO_Init)
    HAL_GPIO_ReadPin                         0x08001f01   Thumb Code    10  stm32f4xx_hal_gpio.o(i.HAL_GPIO_ReadPin)
    HAL_GPIO_TogglePin                       0x08001f0b   Thumb Code     8  stm32f4xx_hal_gpio.o(i.HAL_GPIO_TogglePin)
    HAL_GPIO_WritePin                        0x08001f13   Thumb Code    10  stm32f4xx_hal_gpio.o(i.HAL_GPIO_WritePin)
    HAL_GetTick                              0x08001f1d   Thumb Code     6  stm32f4xx_hal.o(i.HAL_GetTick)
    HAL_IncTick                              0x08001f29   Thumb Code    10  stm32f4xx_hal.o(i.HAL_IncTick)
    HAL_Init                                 0x08001f39   Thumb Code    48  stm32f4xx_hal.o(i.HAL_Init)
    HAL_InitTick                             0x08001f6d   Thumb Code   100  stm32f4xx_hal_timebase_tim.o(i.HAL_InitTick)
    HAL_MspInit                              0x08001fe1   Thumb Code    88  stm32f4xx_hal_msp.o(i.HAL_MspInit)
    HAL_NVIC_EnableIRQ                       0x08002039   Thumb Code    22  stm32f4xx_hal_cortex.o(i.HAL_NVIC_EnableIRQ)
    HAL_NVIC_SetPriority                     0x08002051   Thumb Code    60  stm32f4xx_hal_cortex.o(i.HAL_NVIC_SetPriority)
    HAL_NVIC_SetPriorityGrouping             0x08002091   Thumb Code    26  stm32f4xx_hal_cortex.o(i.HAL_NVIC_SetPriorityGrouping)
    HAL_RCC_ClockConfig                      0x080020b5   Thumb Code   356  stm32f4xx_hal_rcc.o(i.HAL_RCC_ClockConfig)
    HAL_RCC_GetClockConfig                   0x08002229   Thumb Code    54  stm32f4xx_hal_rcc.o(i.HAL_RCC_GetClockConfig)
    HAL_RCC_GetHCLKFreq                      0x08002269   Thumb Code     6  stm32f4xx_hal_rcc.o(i.HAL_RCC_GetHCLKFreq)
    HAL_RCC_GetPCLK1Freq                     0x08002275   Thumb Code    34  stm32f4xx_hal_rcc.o(i.HAL_RCC_GetPCLK1Freq)
    HAL_RCC_GetPCLK2Freq                     0x080022a5   Thumb Code    34  stm32f4xx_hal_rcc.o(i.HAL_RCC_GetPCLK2Freq)
    HAL_RCC_GetSysClockFreq                  0x080022d5   Thumb Code   104  stm32f4xx_hal_rcc.o(i.HAL_RCC_GetSysClockFreq)
    HAL_RCC_OscConfig                        0x08002345   Thumb Code   766  stm32f4xx_hal_rcc.o(i.HAL_RCC_OscConfig)
    HAL_SYSTICK_CLKSourceConfig              0x08002659   Thumb Code    24  stm32f4xx_hal_cortex.o(i.HAL_SYSTICK_CLKSourceConfig)
    HAL_SYSTICK_Config                       0x08002671   Thumb Code    40  stm32f4xx_hal_cortex.o(i.HAL_SYSTICK_Config)
    HAL_TIMEx_BreakCallback                  0x08002699   Thumb Code     2  stm32f4xx_hal_tim_ex.o(i.HAL_TIMEx_BreakCallback)
    HAL_TIMEx_CommutationCallback            0x0800269b   Thumb Code     2  stm32f4xx_hal_tim_ex.o(i.HAL_TIMEx_CommutationCallback)
    HAL_TIMEx_MasterConfigSynchronization    0x0800269d   Thumb Code    80  stm32f4xx_hal_tim_ex.o(i.HAL_TIMEx_MasterConfigSynchronization)
    HAL_TIM_Base_Init                        0x080026ed   Thumb Code    54  stm32f4xx_hal_tim.o(i.HAL_TIM_Base_Init)
    HAL_TIM_Base_MspInit                     0x08002725   Thumb Code   122  tim.o(i.HAL_TIM_Base_MspInit)
    HAL_TIM_Base_Start_IT                    0x080027ad   Thumb Code    24  stm32f4xx_hal_tim.o(i.HAL_TIM_Base_Start_IT)
    HAL_TIM_ConfigClockSource                0x080027c5   Thumb Code   240  stm32f4xx_hal_tim.o(i.HAL_TIM_ConfigClockSource)
    HAL_TIM_IC_CaptureCallback               0x080028b5   Thumb Code     2  stm32f4xx_hal_tim.o(i.HAL_TIM_IC_CaptureCallback)
    HAL_TIM_IRQHandler                       0x080028b7   Thumb Code   358  stm32f4xx_hal_tim.o(i.HAL_TIM_IRQHandler)
    HAL_TIM_OC_DelayElapsedCallback          0x08002a1d   Thumb Code     2  stm32f4xx_hal_tim.o(i.HAL_TIM_OC_DelayElapsedCallback)
    HAL_TIM_PWM_PulseFinishedCallback        0x08002a1f   Thumb Code     2  stm32f4xx_hal_tim.o(i.HAL_TIM_PWM_PulseFinishedCallback)
    HAL_TIM_PeriodElapsedCallback            0x08002a21   Thumb Code    14  main.o(i.HAL_TIM_PeriodElapsedCallback)
    HAL_TIM_TriggerCallback                  0x08002a35   Thumb Code     2  stm32f4xx_hal_tim.o(i.HAL_TIM_TriggerCallback)
    HAL_UART_ErrorCallback                   0x08002a37   Thumb Code     2  stm32f4xx_hal_uart.o(i.HAL_UART_ErrorCallback)
    HAL_UART_IRQHandler                      0x08002a39   Thumb Code   266  stm32f4xx_hal_uart.o(i.HAL_UART_IRQHandler)
    HAL_UART_Init                            0x08002b49   Thumb Code    98  stm32f4xx_hal_uart.o(i.HAL_UART_Init)
    HAL_UART_MspInit                         0x08002bad   Thumb Code   136  usart.o(i.HAL_UART_MspInit)
    HAL_UART_RxCpltCallback                  0x08002c59   Thumb Code     2  stm32f4xx_hal_uart.o(i.HAL_UART_RxCpltCallback)
    HAL_UART_Transmit_DMA                    0x08002c5d   Thumb Code   116  stm32f4xx_hal_uart.o(i.HAL_UART_Transmit_DMA)
    HAL_UART_TxCpltCallback                  0x08002cdd   Thumb Code     2  stm32f4xx_hal_uart.o(i.HAL_UART_TxCpltCallback)
    HAL_UART_TxHalfCpltCallback              0x08002cdf   Thumb Code     2  stm32f4xx_hal_uart.o(i.HAL_UART_TxHalfCpltCallback)
    HardFault_Handler                        0x08002ce1   Thumb Code     2  stm32f4xx_it.o(i.HardFault_Handler)
    KEY_Init                                 0x08002ce5   Thumb Code    82  key.o(i.KEY_Init)
    KEY_Scan                                 0x08002d45   Thumb Code   186  key.o(i.KEY_Scan)
    MX_ADC1_Init                             0x08002e0d   Thumb Code    86  adc.o(i.MX_ADC1_Init)
    MX_CAN1_Init                             0x08002e7d   Thumb Code    64  can.o(i.MX_CAN1_Init)
    MX_DAC_Init                              0x08002ed5   Thumb Code    56  dac.o(i.MX_DAC_Init)
    MX_DMA_Init                              0x08002f25   Thumb Code   250  dma.o(i.MX_DMA_Init)
    MX_FREERTOS_Init                         0x0800303d   Thumb Code   248  freertos.o(i.MX_FREERTOS_Init)
    MX_GPIO_Init                             0x0800313d   Thumb Code   164  gpio.o(i.MX_GPIO_Init)
    MX_TIM2_Init                             0x080031ed   Thumb Code    96  tim.o(i.MX_TIM2_Init)
    MX_TIM3_Init                             0x08003261   Thumb Code    94  tim.o(i.MX_TIM3_Init)
    MX_TIM5_Init                             0x080032d9   Thumb Code    92  tim.o(i.MX_TIM5_Init)
    MX_USART1_UART_Init                      0x0800334d   Thumb Code    52  usart.o(i.MX_USART1_UART_Init)
    MemManage_Handler                        0x08003399   Thumb Code     2  stm32f4xx_it.o(i.MemManage_Handler)
    MyWrapper                                0x0800339d   Thumb Code   290  queue.o(i.MyWrapper)
    NMI_Handler                              0x080034c5   Thumb Code     2  stm32f4xx_it.o(i.NMI_Handler)
    SEGGER_RTT_Write                         0x080034e9   Thumb Code    50  segger_rtt.o(i.SEGGER_RTT_Write)
    SEGGER_RTT_WriteNoLock                   0x08003521   Thumb Code    86  segger_rtt.o(i.SEGGER_RTT_WriteNoLock)
    StartDefaultTask                         0x0800357d   Thumb Code    26  freertos.o(i.StartDefaultTask)
    StartTask02                              0x0800359d   Thumb Code    20  freertos.o(i.StartTask02)
    StartTaskCanBusSend                      0x080035c5   Thumb Code   144  freertos.o(i.StartTaskCanBusSend)
    StartTaskCanRecvPreProcess               0x08003665   Thumb Code    44  freertos.o(i.StartTaskCanRecvPreProcess)
    StartTaskSpeexDec                        0x080036a9   Thumb Code   186  freertos.o(i.StartTaskSpeexDec)
    StartTaskSpeexEnc                        0x08003791   Thumb Code    78  freertos.o(i.StartTaskSpeexEnc)
    StartTaskUI                              0x080037f9   Thumb Code   592  freertos.o(i.StartTaskUI)
    SysTick_Handler                          0x08003a91   Thumb Code     4  stm32f4xx_it.o(i.SysTick_Handler)
    SystemClock_Config                       0x08003a95   Thumb Code   152  main.o(i.SystemClock_Config)
    SystemInit                               0x08003b35   Thumb Code    66  system_stm32f4xx.o(i.SystemInit)
    TIM1_UP_TIM10_IRQHandler                 0x08003b89   Thumb Code     6  stm32f4xx_it.o(i.TIM1_UP_TIM10_IRQHandler)
    TIM2_IRQHandler                          0x08003b95   Thumb Code     6  stm32f4xx_it.o(i.TIM2_IRQHandler)
    TIM3_IRQHandler                          0x08003ba1   Thumb Code     6  stm32f4xx_it.o(i.TIM3_IRQHandler)
    TIM5_IRQHandler                          0x08003bad   Thumb Code    18  stm32f4xx_it.o(i.TIM5_IRQHandler)
    TIM_Base_SetConfig                       0x08003bc9   Thumb Code   148  stm32f4xx_hal_tim.o(i.TIM_Base_SetConfig)
    USART1_IRQHandler                        0x08004151   Thumb Code    58  stm32f4xx_it.o(i.USART1_IRQHandler)
    UsageFault_Handler                       0x080041a1   Thumb Code     2  stm32f4xx_it.o(i.UsageFault_Handler)
    _Error_Handler                           0x0800420d   Thumb Code     2  main.o(i._Error_Handler)
    _speex_fatal                             0x080042c1   Thumb Code     2  main.o(i._speex_fatal)
    _spx_autocorr                            0x080042c3   Thumb Code   116  lpc.o(i._spx_autocorr)
    _spx_lpc                                 0x08004337   Thumb Code   160  lpc.o(i._spx_lpc)
    bw_lpc                                   0x080043d7   Thumb Code    46  filters.o(i.bw_lpc)
    compute_impulse_response                 0x08004469   Thumb Code   258  filters.o(i.compute_impulse_response)
    compute_rms                              0x080045c9   Thumb Code   128  filters.o(i.compute_rms)
    compute_rms16                            0x08004649   Thumb Code   214  filters.o(i.compute_rms16)
    filter_mem16                             0x080047ad   Thumb Code   148  filters.o(i.filter_mem16)
    fir_mem16                                0x08004845   Thumb Code   120  filters.o(i.fir_mem16)
    forced_pitch_quant                       0x080048c1   Thumb Code   222  ltp.o(i.forced_pitch_quant)
    forced_pitch_unquant                     0x0800499f   Thumb Code    70  ltp.o(i.forced_pitch_unquant)
    highpass                                 0x080049e5   Thumb Code   198  filters.o(i.highpass)
    iir_mem16                                0x08004ab5   Thumb Code   124  filters.o(i.iir_mem16)
    inner_prod                               0x08004b35   Thumb Code    70  ltp.o(i.inner_prod)
    lpc_to_lsp                               0x08004ca1   Thumb Code   514  lsp.o(i.lpc_to_lsp)
    lsp_interpolate                          0x08004ea3   Thumb Code   174  lsp.o(i.lsp_interpolate)
    lsp_quant_lbr                            0x08004fb9   Thumb Code   216  quant_lsp.o(i.lsp_quant_lbr)
    lsp_quant_nb                             0x0800509d   Thumb Code   304  quant_lsp.o(i.lsp_quant_nb)
    lsp_to_lpc                               0x080051e1   Thumb Code   786  lsp.o(i.lsp_to_lpc)
    lsp_unquant_lbr                          0x080054f9   Thumb Code   152  quant_lsp.o(i.lsp_unquant_lbr)
    lsp_unquant_nb                           0x0800559d   Thumb Code   236  quant_lsp.o(i.lsp_unquant_nb)
    main                                     0x08005721   Thumb Code   160  main.o(i.main)
    multicomb                                0x080057e5   Thumb Code   762  filters.o(i.multicomb)
    my_mem_free                              0x08005ae1   Thumb Code    80  malloc.o(i.my_mem_free)
    my_mem_init                              0x08005b39   Thumb Code    52  malloc.o(i.my_mem_init)
    my_mem_malloc                            0x08005b75   Thumb Code   132  malloc.o(i.my_mem_malloc)
    my_mem_perused                           0x08005c01   Thumb Code    48  malloc.o(i.my_mem_perused)
    myfree                                   0x08005c39   Thumb Code    20  malloc.o(i.myfree)
    mymalloc                                 0x08005c51   Thumb Code    28  malloc.o(i.mymalloc)
    mymemcpy                                 0x08005c71   Thumb Code    16  malloc.o(i.mymemcpy)
    mymemset                                 0x08005c81   Thumb Code    12  malloc.o(i.mymemset)
    myrealloc                                0x08005c8d   Thumb Code    56  malloc.o(i.myrealloc)
    nb_decode                                0x08005cc9   Thumb Code  2650  nb_celp.o(i.nb_decode)
    nb_decoder_ctl                           0x08006889   Thumb Code   408  nb_celp.o(i.nb_decoder_ctl)
    nb_decoder_destroy                       0x08006a21   Thumb Code    24  nb_celp.o(i.nb_decoder_destroy)
    nb_decoder_init                          0x08006a39   Thumb Code   178  nb_celp.o(i.nb_decoder_init)
    nb_encode                                0x08006af1   Thumb Code  2870  nb_celp.o(i.nb_encode)
    nb_encoder_ctl                           0x08007685   Thumb Code   518  nb_celp.o(i.nb_encoder_ctl)
    nb_encoder_destroy                       0x0800788b   Thumb Code    24  nb_celp.o(i.nb_encoder_destroy)
    nb_encoder_init                          0x080078a5   Thumb Code   158  nb_celp.o(i.nb_encoder_init)
    nb_mode_query                            0x0800794d   Thumb Code    46  speex.o(i.nb_mode_query)
    noise_codebook_quant                     0x0800797b   Thumb Code    90  cb_search.o(i.noise_codebook_quant)
    noise_codebook_unquant                   0x080079d5   Thumb Code    46  cb_search.o(i.noise_codebook_unquant)
    normalize16                              0x08007a0d   Thumb Code    66  filters.o(i.normalize16)
    open_loop_nbest_pitch                    0x08007a4f   Thumb Code   738  ltp.o(i.open_loop_nbest_pitch)
    osDelay                                  0x08007d31   Thumb Code    14  cmsis_os.o(i.osDelay)
    osKernelStart                            0x08007d3f   Thumb Code    10  cmsis_os.o(i.osKernelStart)
    osSemaphoreCreate                        0x08007d49   Thumb Code    38  cmsis_os.o(i.osSemaphoreCreate)
    osSystickHandler                         0x08007d6f   Thumb Code    20  cmsis_os.o(i.osSystickHandler)
    osThreadCreate                           0x08007d83   Thumb Code    46  cmsis_os.o(i.osThreadCreate)
    pitch_search_3tap                        0x08008279   Thumb Code   596  ltp.o(i.pitch_search_3tap)
    pitch_unquant_3tap                       0x080084cd   Thumb Code   348  ltp.o(i.pitch_unquant_3tap)
    prvIsNewTCB                              0x08008a15   Thumb Code    18  trckernelport.o(i.prvIsNewTCB)
    prvTraceError                            0x08008bf9   Thumb Code    38  trcstreamingrecorder.o(i.prvTraceError)
    prvTraceGetCurrentTaskHandle             0x08008c4d   Thumb Code     4  trckernelport.o(i.prvTraceGetCurrentTaskHandle)
    prvTraceGetObjectNumberHigh16            0x08008c51   Thumb Code    10  trckernelport.o(i.prvTraceGetObjectNumberHigh16)
    prvTraceGetQueueNumber                   0x08008c5b   Thumb Code     4  trckernelport.o(i.prvTraceGetQueueNumber)
    prvTraceGetTaskNumberHigh16              0x08008c5f   Thumb Code    10  trckernelport.o(i.prvTraceGetTaskNumberHigh16)
    prvTraceSaveObjectData                   0x08008c69   Thumb Code    92  trcstreamingrecorder.o(i.prvTraceSaveObjectData)
    prvTraceSaveSymbol                       0x08008ccd   Thumb Code   126  trcstreamingrecorder.o(i.prvTraceSaveSymbol)
    prvTraceSetObjectNumberHigh16            0x08008d55   Thumb Code    26  trckernelport.o(i.prvTraceSetObjectNumberHigh16)
    prvTraceSetTaskNumberHigh16              0x08008d6f   Thumb Code    26  trckernelport.o(i.prvTraceSetTaskNumberHigh16)
    prvTraceStoreEvent                       0x08008d89   Thumb Code   120  trcstreamingrecorder.o(i.prvTraceStoreEvent)
    prvTraceStoreEvent1                      0x08008e09   Thumb Code    84  trcstreamingrecorder.o(i.prvTraceStoreEvent1)
    prvTraceStoreEvent2                      0x08008e65   Thumb Code    88  trcstreamingrecorder.o(i.prvTraceStoreEvent2)
    prvTraceStoreEvent3                      0x08008ec5   Thumb Code    92  trcstreamingrecorder.o(i.prvTraceStoreEvent3)
    prvTraceStoreSimpleStringEventHelper     0x08008f29   Thumb Code   196  trcstreamingrecorder.o(i.prvTraceStoreSimpleStringEventHelper)
    prvTraceStoreStringEvent                 0x08008ff5   Thumb Code    26  trcstreamingrecorder.o(i.prvTraceStoreStringEvent)
    prvTraceWarning                          0x08009139   Thumb Code    16  trcstreamingrecorder.o(i.prvTraceWarning)
    pvPortMalloc                             0x080091b9   Thumb Code   236  heap_4.o(i.pvPortMalloc)
    pvTaskIncrementMutexHeldCount            0x080092ad   Thumb Code    18  tasks.o(i.pvTaskIncrementMutexHeldCount)
    pxPortInitialiseStack                    0x080092c5   Thumb Code    40  port.o(i.pxPortInitialiseStack)
    residue_percep_zero16                    0x080092f1   Thumb Code   100  filters.o(i.residue_percep_zero16)
    sanitize_values32                        0x08009355   Thumb Code    52  filters.o(i.sanitize_values32)
    scal_quant                               0x08009389   Thumb Code    28  vq.o(i.scal_quant)
    scal_quant32                             0x080093a5   Thumb Code    26  vq.o(i.scal_quant32)
    signal_div                               0x080093bf   Thumb Code   162  filters.o(i.signal_div)
    signal_mul                               0x08009461   Thumb Code    46  filters.o(i.signal_mul)
    speex_bits_advance                       0x0800948f   Thumb Code    44  bits.o(i.speex_bits_advance)
    speex_bits_init                          0x080094bb   Thumb Code    40  bits.o(i.speex_bits_init)
    speex_bits_insert_terminator             0x080094e3   Thumb Code    34  bits.o(i.speex_bits_insert_terminator)
    speex_bits_pack                          0x08009505   Thumb Code   126  bits.o(i.speex_bits_pack)
    speex_bits_read_from                     0x08009583   Thumb Code    70  bits.o(i.speex_bits_read_from)
    speex_bits_remaining                     0x080095c9   Thumb Code    24  bits.o(i.speex_bits_remaining)
    speex_bits_reset                         0x080095e1   Thumb Code    16  bits.o(i.speex_bits_reset)
    speex_bits_unpack_unsigned               0x080095f1   Thumb Code    84  bits.o(i.speex_bits_unpack_unsigned)
    speex_bits_write                         0x08009645   Thumb Code    60  bits.o(i.speex_bits_write)
    speex_decode_int                         0x08009681   Thumb Code     6  speex.o(i.speex_decode_int)
    speex_decoder_ctl                        0x08009687   Thumb Code     6  speex.o(i.speex_decoder_ctl)
    speex_decoder_init                       0x0800968d   Thumb Code     4  speex.o(i.speex_decoder_init)
    speex_default_user_handler               0x08009691   Thumb Code    26  speex_callbacks.o(i.speex_default_user_handler)
    speex_encode_int                         0x080096ab   Thumb Code     6  speex.o(i.speex_encode_int)
    speex_encoder_ctl                        0x080096b1   Thumb Code     6  speex.o(i.speex_encoder_ctl)
    speex_encoder_init                       0x080096b7   Thumb Code     4  speex.o(i.speex_encoder_init)
    speex_inband_handler                     0x080096bb   Thumb Code    92  speex_callbacks.o(i.speex_inband_handler)
    split_cb_search_shape_sign               0x0800974b   Thumb Code  1434  cb_search.o(i.split_cb_search_shape_sign)
    split_cb_shape_sign_unquant              0x08009f37   Thumb Code   186  cb_search.o(i.split_cb_shape_sign_unquant)
    syn_percep_zero16                        0x0800a233   Thumb Code   102  filters.o(i.syn_percep_zero16)
    uxListRemove                             0x0800a2bf   Thumb Code    36  list.o(i.uxListRemove)
    uxQueueGetQueueNumber                    0x0800a2e3   Thumb Code     4  queue.o(i.uxQueueGetQueueNumber)
    uxTaskGetTaskNumber                      0x0800a2e7   Thumb Code     8  tasks.o(i.uxTaskGetTaskNumber)
    vListInitialise                          0x0800a2ef   Thumb Code    22  list.o(i.vListInitialise)
    vListInitialiseItem                      0x0800a305   Thumb Code     6  list.o(i.vListInitialiseItem)
    vListInsert                              0x0800a30b   Thumb Code    48  list.o(i.vListInsert)
    vListInsertEnd                           0x0800a33b   Thumb Code    24  list.o(i.vListInsertEnd)
    vPortEnterCritical                       0x0800a355   Thumb Code    54  port.o(i.vPortEnterCritical)
    vPortExitCritical                        0x0800a395   Thumb Code    34  port.o(i.vPortExitCritical)
    vPortFree                                0x0800a3bd   Thumb Code   116  heap_4.o(i.vPortFree)
    vPortSetupTimerInterrupt                 0x0800a439   Thumb Code    26  port.o(i.vPortSetupTimerInterrupt)
    vPortValidateInterruptPriority           0x0800a459   Thumb Code    74  port.o(i.vPortValidateInterruptPriority)
    vQueueSetQueueNumber                     0x0800a4ad   Thumb Code     4  queue.o(i.vQueueSetQueueNumber)
    vTaskDelay                               0x0800a4b1   Thumb Code    90  tasks.o(i.vTaskDelay)
    vTaskMissedYield                         0x0800a519   Thumb Code     8  tasks.o(i.vTaskMissedYield)
    vTaskPlaceOnEventList                    0x0800a525   Thumb Code    44  tasks.o(i.vTaskPlaceOnEventList)
    vTaskPriorityInherit                     0x0800a555   Thumb Code   200  tasks.o(i.vTaskPriorityInherit)
    vTaskSetTaskNumber                       0x0800a629   Thumb Code     8  tasks.o(i.vTaskSetTaskNumber)
    vTaskSetTimeOutState                     0x0800a631   Thumb Code    30  tasks.o(i.vTaskSetTimeOutState)
    vTaskStartScheduler                      0x0800a655   Thumb Code    86  tasks.o(i.vTaskStartScheduler)
    vTaskSuspendAll                          0x0800a6bd   Thumb Code    10  tasks.o(i.vTaskSuspendAll)
    vTaskSwitchContext                       0x0800a6cd   Thumb Code   124  tasks.o(i.vTaskSwitchContext)
    vTracePrint                              0x0800a755   Thumb Code     4  trcstreamingrecorder.o(i.vTracePrint)
    vTracePrintF                             0x0800a759   Thumb Code    74  trcstreamingrecorder.o(i.vTracePrintF)
    vq_nbest                                 0x0800a7a3   Thumb Code   144  vq.o(i.vq_nbest)
    vq_nbest_sign                            0x0800a833   Thumb Code   166  vq.o(i.vq_nbest_sign)
    writeToRTT                               0x0800a8d9   Thumb Code    34  trcstreamingport.o(i.writeToRTT)
    xPortStartScheduler                      0x0800a8fd   Thumb Code   208  port.o(i.xPortStartScheduler)
    xPortSysTickHandler                      0x0800a9e1   Thumb Code    38  port.o(i.xPortSysTickHandler)
    xQueueGenericCreate                      0x0800aa0d   Thumb Code   124  queue.o(i.xQueueGenericCreate)
    xQueueGenericReceive                     0x0800aa8d   Thumb Code   794  queue.o(i.xQueueGenericReceive)
    xQueueGenericReset                       0x0800adb1   Thumb Code   132  queue.o(i.xQueueGenericReset)
    xQueueGenericSend                        0x0800ae39   Thumb Code   666  queue.o(i.xQueueGenericSend)
    xQueueGiveFromISR                        0x0800b0dd   Thumb Code     6  queue.o(i.xQueueGiveFromISR)
    xTaskCheckForTimeOut                     0x0800b0e5   Thumb Code   102  tasks.o(i.xTaskCheckForTimeOut)
    xTaskCreate                              0x0800b151   Thumb Code    86  tasks.o(i.xTaskCreate)
    xTaskGetCurrentTaskHandle                0x0800b1a9   Thumb Code     6  tasks.o(i.xTaskGetCurrentTaskHandle)
    xTaskGetSchedulerState                   0x0800b1b5   Thumb Code    22  tasks.o(i.xTaskGetSchedulerState)
    xTaskIncrementTick                       0x0800b1d1   Thumb Code   246  tasks.o(i.xTaskIncrementTick)
    xTaskPriorityDisinherit                  0x0800b2d9   Thumb Code   208  tasks.o(i.xTaskPriorityDisinherit)
    xTaskRemoveFromEventList                 0x0800b3b5   Thumb Code   130  tasks.o(i.xTaskRemoveFromEventList)
    xTaskResumeAll                           0x0800b445   Thumb Code   208  tasks.o(i.xTaskResumeAll)
    xTraceGetLastError                       0x0800b525   Thumb Code    88  trcstreamingrecorder.o(i.xTraceGetLastError)
    _fp_init                                 0x0800b7a5   Thumb Code    10  fpinit.o(x$fpl$fpinit)
    __fplib_config_fpu_vfp                   0x0800b7ad   Thumb Code     0  fpinit.o(x$fpl$fpinit)
    __fplib_config_pureend_doubles           0x0800b7ad   Thumb Code     0  fpinit.o(x$fpl$fpinit)
    AHBPrescTable                            0x0800b7b6   Data          16  system_stm32f4xx.o(.constdata)
    APBPrescTable                            0x0800b7c6   Data           8  system_stm32f4xx.o(.constdata)
    male_voice                               0x0800b7d4   Data        6000  freertos.o(.constdata)
    memtblsize                               0x0800cfd0   Data          12  malloc.o(.constdata)
    memblksize                               0x0800cfdc   Data          12  malloc.o(.constdata)
    memsize                                  0x0800cfe8   Data          12  malloc.o(.constdata)
    exc_5_64_table                           0x0800cff4   Data         320  exc_5_64_table.o(.constdata)
    exc_5_256_table                          0x0800d134   Data        1280  exc_5_256_table.o(.constdata)
    exc_8_128_table                          0x0800d634   Data        1024  exc_8_128_table.o(.constdata)
    exc_10_16_table                          0x0800da34   Data         160  exc_10_16_table.o(.constdata)
    exc_10_32_table                          0x0800dad4   Data         320  exc_10_32_table.o(.constdata)
    exc_20_32_table                          0x0800dc14   Data         640  exc_20_32_table.o(.constdata)
    shift_filt                               0x0800de94   Data          42  filters.o(.constdata)
    gain_cdbk_nb                             0x0800defe   Data         512  gain_table.o(.constdata)
    gain_cdbk_lbr                            0x0800e0fe   Data         128  gain_table_lbr.o(.constdata)
    cdbk_nb                                  0x0800e17e   Data         640  lsp_tables_nb.o(.constdata)
    cdbk_nb_low1                             0x0800e3fe   Data         320  lsp_tables_nb.o(.constdata)
    cdbk_nb_low2                             0x0800e53e   Data         320  lsp_tables_nb.o(.constdata)
    cdbk_nb_high1                            0x0800e67e   Data         320  lsp_tables_nb.o(.constdata)
    cdbk_nb_high2                            0x0800e7be   Data         320  lsp_tables_nb.o(.constdata)
    speex_nb_mode                            0x0800ebf4   Data          52  modes.o(.constdata)
    attenuation                              0x0800ecce   Data          20  nb_celp.o(.constdata)
    lag_window                               0x0800ed04   Data          22  window.o(.constdata)
    lpc_window                               0x0800ed1a   Data         400  window.o(.constdata)
    Region$$Table$$Base                      0x0800ef28   Number         0  anon$$obj.o(Region$$Table)
    Region$$Table$$Limit                     0x0800ef48   Number         0  anon$$obj.o(Region$$Table)
    mem3base                                 0x10000000   Data       61440  malloc.o(.ARM.__AT_0x10000000)
    mem3mapbase                              0x1000f000   Data        3840  malloc.o(.ARM.__AT_0x1000F000)
    uwTick                                   0x20000000   Data           4  stm32f4xx_hal.o(.data)
    SystemCoreClock                          0x20000004   Data           4  system_stm32f4xx.o(.data)
    quality                                  0x2000000c   Data           4  main.o(.data)
    complexity                               0x20000010   Data           4  main.o(.data)
    vbr                                      0x20000014   Data           4  main.o(.data)
    enh                                      0x20000018   Data           4  main.o(.data)
    enc_state                                0x2000001c   Data           4  main.o(.data)
    dec_state                                0x20000020   Data           4  main.o(.data)
    dec_in_buffer_1_dec_busy                 0x20000024   Data           1  main.o(.data)
    Start_Decoding                           0x2000002c   Data           1  freertos.o(.data)
    Playing_buf                              0x2000002d   Data           1  freertos.o(.data)
    defaultTaskHandle                        0x20000030   Data           4  freertos.o(.data)
    myTask02Handle                           0x20000034   Data           4  freertos.o(.data)
    myTaskSpeexEncHandle                     0x20000038   Data           4  freertos.o(.data)
    myTaskSpeexDecHandle                     0x2000003c   Data           4  freertos.o(.data)
    myTaskUIHandle                           0x20000040   Data           4  freertos.o(.data)
    myTaskCanBusSendHandle                   0x20000044   Data           4  freertos.o(.data)
    myTaskCanRecvPreProcessHandle            0x20000048   Data           4  freertos.o(.data)
    myBinarySemDMAFinishedHandle             0x2000004c   Data           4  freertos.o(.data)
    myBinarySemADCCpltHandle                 0x20000050   Data           4  freertos.o(.data)
    myBinarySemADCHalfCpltHandle             0x20000054   Data           4  freertos.o(.data)
    myBinarySemTestHandle                    0x20000058   Data           4  freertos.o(.data)
    myBinarySemDecInBufferReadyHandle        0x2000005c   Data           4  freertos.o(.data)
    myBinarySemEncodCpltHandle               0x20000060   Data           4  freertos.o(.data)
    myBinarySemCanRecvCpltHandle             0x20000064   Data           4  freertos.o(.data)
    can_recv_buf                             0x20000069   Data           8  can.o(.data)
    mallco_dev                               0x20000074   Data          36  malloc.o(.data)
    trcWarningChannel                        0x200000b0   Data           4  trckernelport.o(.data)
    CurrentFilterMask                        0x200000b8   Data           2  trcstreamingrecorder.o(.data)
    CurrentFilterGroup                       0x200000ba   Data           2  trcstreamingrecorder.o(.data)
    RecorderEnabled                          0x200000cc   Data           4  trcstreamingrecorder.o(.data)
    isPendingContextSwitch                   0x200000d8   Data           4  trcstreamingrecorder.o(.data)
    uiTraceTickCount                         0x200000dc   Data           4  trcstreamingrecorder.o(.data)
    timestampFrequency                       0x200000e0   Data           4  trcstreamingrecorder.o(.data)
    DroppedEventCounter                      0x200000e4   Data           4  trcstreamingrecorder.o(.data)
    TotalBytesRemaining_LowWaterMark         0x200000e8   Data           4  trcstreamingrecorder.o(.data)
    TotalBytesRemaining                      0x200000ec   Data           4  trcstreamingrecorder.o(.data)
    EventBuffer                              0x200000f0   Data           4  trcstreamingrecorder.o(.data)
    NoRoomForSymbol                          0x200000f4   Data           4  trcstreamingrecorder.o(.data)
    NoRoomForObjectData                      0x200000f8   Data           4  trcstreamingrecorder.o(.data)
    LongestSymbolName                        0x200000fc   Data           4  trcstreamingrecorder.o(.data)
    MaxBytesTruncated                        0x20000100   Data           4  trcstreamingrecorder.o(.data)
    pxCurrentTCB                             0x20000108   Data           4  tasks.o(.data)
    buffer                                   0x20000168   Data         640  main.o(.bss)
    SPEEX_ENC_IN_BUFFER                      0x200003e8   Data         320  main.o(.bss)
    SPEEX_DEC_OUT_Buffer_1_U                 0x20000528   Data         320  main.o(.bss)
    SPEEX_DEC_OUT_Buffer_2_U                 0x20000668   Data         320  main.o(.bss)
    bits                                     0x200007a8   Data          36  main.o(.bss)
    decBits                                  0x200007cc   Data          36  main.o(.bss)
    dec_in_buffer_1                          0x200007f0   Data          20  main.o(.bss)
    dec_in_buffer_2                          0x20000804   Data          20  main.o(.bss)
    SPEEX_DEC_OUT_Buffer_1                   0x20000818   Data         320  main.o(.bss)
    SPEEX_DEC_OUT_Buffer_2                   0x20000958   Data         320  main.o(.bss)
    out_bytes                                0x20000a98   Data          20  main.o(.bss)
    can_bus_encoded_buf                      0x20000aac   Data          20  main.o(.bss)
    can_bus_buf                              0x20000ac0   Data          20  main.o(.bss)
    hadc1                                    0x20000ad4   Data          72  adc.o(.bss)
    hdma_adc1                                0x20000b1c   Data          96  adc.o(.bss)
    hdac                                     0x20000b7c   Data          20  dac.o(.bss)
    hdma_dac1                                0x20000b90   Data          96  dac.o(.bss)
    huart1                                   0x20000bf0   Data          64  usart.o(.bss)
    hdma_usart1_tx                           0x20000c30   Data          96  usart.o(.bss)
    hdma_memtomem_dma2_stream1               0x20000c90   Data          96  dma.o(.bss)
    hdma_memtomem_dma2_stream2               0x20000cf0   Data          96  dma.o(.bss)
    htim2                                    0x20000d50   Data          60  tim.o(.bss)
    htim3                                    0x20000d8c   Data          60  tim.o(.bss)
    htim5                                    0x20000dc8   Data          60  tim.o(.bss)
    htim1                                    0x20000e04   Data          60  stm32f4xx_hal_timebase_tim.o(.bss)
    TxMessage                                0x20000e40   Data          28  can.o(.bss)
    RxMessage                                0x20000e5c   Data          36  can.o(.bss)
    hcan1                                    0x20000e80   Data          68  can.o(.bss)
    mem1base                                 0x20000ee0   Data       81920  malloc.o(.bss)
    mem1mapbase                              0x20014ee0   Data        5120  malloc.o(.bss)
    PageInfo                                 0x20016940   Data          16  trcstreamingrecorder.o(.bss)
    _SEGGER_RTT                              0x20016950   Data         168  segger_rtt.o(.bss)
    __libspace_start                         0x2001a738   Data          96  libspace.o(.bss)
    __temporary_stack_top$libspace           0x2001a798   Data           0  libspace.o(.bss)
    mem2base                                 0x68000000   Data       983040  malloc.o(.ARM.__AT_0x68000000)
    mem2mapbase                              0x680f0000   Data       61440  malloc.o(.ARM.__AT_0x680F0000)



==============================================================================

Memory Map of the image

  Image Entry point : 0x08000189

  Load Region LR_IROM1 (Base: 0x08000000, Size: 0x0000f0b0, Max: 0x00100000, ABSOLUTE, COMPRESSED[0x0000ef90])

    Execution Region ER_IROM1 (Base: 0x08000000, Size: 0x0000ef48, Max: 0x00100000, ABSOLUTE)

    Base Addr    Size         Type   Attr      Idx    E Section Name        Object

    0x08000000   0x00000188   Data   RO            3    RESET               startup_stm32f407xx.o
    0x08000188   0x00000008   Code   RO         7318  * !!!main             c_w.l(__main.o)
    0x08000190   0x00000034   Code   RO         7587    !!!scatter          c_w.l(__scatter.o)
    0x080001c4   0x0000005a   Code   RO         7585    !!dczerorl2         c_w.l(__dczerorl2.o)
    0x0800021e   0x00000002   PAD
    0x08000220   0x0000001c   Code   RO         7589    !!handler_zi        c_w.l(__scatter_zi.o)
    0x0800023c   0x00000002   Code   RO         7458    .ARM.Collect$$libinit$$00000000  c_w.l(libinit.o)
    0x0800023e   0x00000004   Code   RO         7461    .ARM.Collect$$libinit$$00000001  c_w.l(libinit2.o)
    0x08000242   0x00000000   Code   RO         7464    .ARM.Collect$$libinit$$00000004  c_w.l(libinit2.o)
    0x08000242   0x00000000   Code   RO         7467    .ARM.Collect$$libinit$$0000000A  c_w.l(libinit2.o)
    0x08000242   0x00000000   Code   RO         7469    .ARM.Collect$$libinit$$0000000C  c_w.l(libinit2.o)
    0x08000242   0x00000000   Code   RO         7471    .ARM.Collect$$libinit$$0000000E  c_w.l(libinit2.o)
    0x08000242   0x00000000   Code   RO         7474    .ARM.Collect$$libinit$$00000011  c_w.l(libinit2.o)
    0x08000242   0x00000000   Code   RO         7476    .ARM.Collect$$libinit$$00000013  c_w.l(libinit2.o)
    0x08000242   0x00000000   Code   RO         7478    .ARM.Collect$$libinit$$00000015  c_w.l(libinit2.o)
    0x08000242   0x00000000   Code   RO         7480    .ARM.Collect$$libinit$$00000017  c_w.l(libinit2.o)
    0x08000242   0x00000000   Code   RO         7482    .ARM.Collect$$libinit$$00000019  c_w.l(libinit2.o)
    0x08000242   0x00000000   Code   RO         7484    .ARM.Collect$$libinit$$0000001B  c_w.l(libinit2.o)
    0x08000242   0x00000000   Code   RO         7486    .ARM.Collect$$libinit$$0000001D  c_w.l(libinit2.o)
    0x08000242   0x00000000   Code   RO         7488    .ARM.Collect$$libinit$$0000001F  c_w.l(libinit2.o)
    0x08000242   0x00000000   Code   RO         7490    .ARM.Collect$$libinit$$00000021  c_w.l(libinit2.o)
    0x08000242   0x00000000   Code   RO         7492    .ARM.Collect$$libinit$$00000023  c_w.l(libinit2.o)
    0x08000242   0x00000000   Code   RO         7494    .ARM.Collect$$libinit$$00000025  c_w.l(libinit2.o)
    0x08000242   0x00000000   Code   RO         7498    .ARM.Collect$$libinit$$0000002C  c_w.l(libinit2.o)
    0x08000242   0x00000000   Code   RO         7500    .ARM.Collect$$libinit$$0000002E  c_w.l(libinit2.o)
    0x08000242   0x00000000   Code   RO         7502    .ARM.Collect$$libinit$$00000030  c_w.l(libinit2.o)
    0x08000242   0x00000000   Code   RO         7504    .ARM.Collect$$libinit$$00000032  c_w.l(libinit2.o)
    0x08000242   0x00000002   Code   RO         7505    .ARM.Collect$$libinit$$00000033  c_w.l(libinit2.o)
    0x08000244   0x00000002   Code   RO         7525    .ARM.Collect$$libshutdown$$00000000  c_w.l(libshutdown.o)
    0x08000246   0x00000000   Code   RO         7538    .ARM.Collect$$libshutdown$$00000002  c_w.l(libshutdown2.o)
    0x08000246   0x00000000   Code   RO         7540    .ARM.Collect$$libshutdown$$00000004  c_w.l(libshutdown2.o)
    0x08000246   0x00000000   Code   RO         7543    .ARM.Collect$$libshutdown$$00000007  c_w.l(libshutdown2.o)
    0x08000246   0x00000000   Code   RO         7546    .ARM.Collect$$libshutdown$$0000000A  c_w.l(libshutdown2.o)
    0x08000246   0x00000000   Code   RO         7548    .ARM.Collect$$libshutdown$$0000000C  c_w.l(libshutdown2.o)
    0x08000246   0x00000000   Code   RO         7551    .ARM.Collect$$libshutdown$$0000000F  c_w.l(libshutdown2.o)
    0x08000246   0x00000002   Code   RO         7552    .ARM.Collect$$libshutdown$$00000010  c_w.l(libshutdown2.o)
    0x08000248   0x00000000   Code   RO         7348    .ARM.Collect$$rtentry$$00000000  c_w.l(__rtentry.o)
    0x08000248   0x00000000   Code   RO         7393    .ARM.Collect$$rtentry$$00000002  c_w.l(__rtentry2.o)
    0x08000248   0x00000006   Code   RO         7405    .ARM.Collect$$rtentry$$00000004  c_w.l(__rtentry4.o)
    0x0800024e   0x00000000   Code   RO         7395    .ARM.Collect$$rtentry$$00000009  c_w.l(__rtentry2.o)
    0x0800024e   0x00000004   Code   RO         7396    .ARM.Collect$$rtentry$$0000000A  c_w.l(__rtentry2.o)
    0x08000252   0x00000000   Code   RO         7398    .ARM.Collect$$rtentry$$0000000C  c_w.l(__rtentry2.o)
    0x08000252   0x00000008   Code   RO         7399    .ARM.Collect$$rtentry$$0000000D  c_w.l(__rtentry2.o)
    0x0800025a   0x00000002   Code   RO         7459    .ARM.Collect$$rtexit$$00000000  c_w.l(rtexit.o)
    0x0800025c   0x00000000   Code   RO         7507    .ARM.Collect$$rtexit$$00000002  c_w.l(rtexit2.o)
    0x0800025c   0x00000004   Code   RO         7508    .ARM.Collect$$rtexit$$00000003  c_w.l(rtexit2.o)
    0x08000260   0x00000006   Code   RO         7509    .ARM.Collect$$rtexit$$00000004  c_w.l(rtexit2.o)
    0x08000266   0x00000002   PAD
    0x08000268   0x000000ba   Code   RO         6503    .emb_text           port.o
    0x08000322   0x00000002   PAD
    0x08000324   0x00000040   Code   RO            4    .text               startup_stm32f407xx.o
    0x08000364   0x00000048   Code   RO         7306    .text               c_w.l(strcpy.o)
    0x080003ac   0x0000008a   Code   RO         7310    .text               c_w.l(rt_memcpy_v6.o)
    0x08000436   0x00000064   Code   RO         7312    .text               c_w.l(rt_memcpy_w.o)
    0x0800049a   0x00000010   Code   RO         7314    .text               c_w.l(aeabi_memset.o)
    0x080004aa   0x00000006   Code   RO         7316    .text               c_w.l(heapauxi.o)
    0x080004b0   0x00000044   Code   RO         7351    .text               c_w.l(rt_memclr.o)
    0x080004f4   0x0000004e   Code   RO         7412    .text               c_w.l(rt_memclr_w.o)
    0x08000542   0x00000002   PAD
    0x08000544   0x00000008   Code   RO         7446    .text               c_w.l(libspace.o)
    0x0800054c   0x0000004a   Code   RO         7449    .text               c_w.l(sys_stackheap_outer.o)
    0x08000596   0x00000012   Code   RO         7451    .text               c_w.l(exit.o)
    0x080005a8   0x0000000c   Code   RO         7517    .text               c_w.l(sys_exit.o)
    0x080005b4   0x00000002   Code   RO         7528    .text               c_w.l(use_no_semi.o)
    0x080005b6   0x00000000   Code   RO         7530    .text               c_w.l(indicate_semi.o)
    0x080005b6   0x00000062   Code   RO         1156    i.ADC_DMAConvCplt   stm32f4xx_hal_adc.o
    0x08000618   0x00000016   Code   RO         1157    i.ADC_DMAError      stm32f4xx_hal_adc.o
    0x0800062e   0x0000000a   Code   RO         1158    i.ADC_DMAHalfConvCplt  stm32f4xx_hal_adc.o
    0x08000638   0x0000012c   Code   RO         1159    i.ADC_Init          stm32f4xx_hal_adc.o
    0x08000764   0x00000002   Code   RO         3020    i.BusFault_Handler  stm32f4xx_it.o
    0x08000766   0x00000002   PAD
    0x08000768   0x0000000c   Code   RO         3021    i.CAN1_RX0_IRQHandler  stm32f4xx_it.o
    0x08000774   0x00000044   Code   RO         3789    i.CAN1_Send_Msg     can.o
    0x080007b8   0x00000044   Code   RO         3790    i.CAN1_USER_CONFIG  can.o
    0x080007fc   0x00000124   Code   RO         2608    i.CAN_Receive_IT    stm32f4xx_hal_can.o
    0x08000920   0x00000010   Code   RO         2817    i.DAC_DMAConvCpltCh1  stm32f4xx_hal_dac.o
    0x08000930   0x00000010   Code   RO         2733    i.DAC_DMAConvCpltCh2  stm32f4xx_hal_dac_ex.o
    0x08000940   0x00000018   Code   RO         2818    i.DAC_DMAErrorCh1   stm32f4xx_hal_dac.o
    0x08000958   0x00000018   Code   RO         2734    i.DAC_DMAErrorCh2   stm32f4xx_hal_dac_ex.o
    0x08000970   0x0000000a   Code   RO         2819    i.DAC_DMAHalfConvCpltCh1  stm32f4xx_hal_dac.o
    0x0800097a   0x0000000a   Code   RO         2735    i.DAC_DMAHalfConvCpltCh2  stm32f4xx_hal_dac_ex.o
    0x08000984   0x0000000c   Code   RO         3022    i.DMA1_Stream5_IRQHandler  stm32f4xx_it.o
    0x08000990   0x00000020   Code   RO         3023    i.DMA2_Stream0_IRQHandler  stm32f4xx_it.o
    0x080009b0   0x00000020   Code   RO         3024    i.DMA2_Stream1_IRQHandler  stm32f4xx_it.o
    0x080009d0   0x00000030   Code   RO         3025    i.DMA2_Stream2_IRQHandler  stm32f4xx_it.o
    0x08000a00   0x0000000c   Code   RO         3026    i.DMA2_Stream7_IRQHandler  stm32f4xx_it.o
    0x08000a0c   0x00000028   Code   RO         2176    i.DMA_CalcBaseAndBitshift  stm32f4xx_hal_dma.o
    0x08000a34   0x00000054   Code   RO         2177    i.DMA_CheckFifoParam  stm32f4xx_hal_dma.o
    0x08000a88   0x00000028   Code   RO         2178    i.DMA_SetConfig     stm32f4xx_hal_dma.o
    0x08000ab0   0x00000002   Code   RO         3027    i.DebugMon_Handler  stm32f4xx_it.o
    0x08000ab2   0x00000002   PAD
    0x08000ab4   0x0000014c   Code   RO         1161    i.HAL_ADC_ConfigChannel  stm32f4xx_hal_adc.o
    0x08000c00   0x00000058   Code   RO         3242    i.HAL_ADC_ConvCpltCallback  main.o
    0x08000c58   0x0000003c   Code   RO         3243    i.HAL_ADC_ConvHalfCpltCallback  main.o
    0x08000c94   0x00000002   Code   RO         1165    i.HAL_ADC_ErrorCallback  stm32f4xx_hal_adc.o
    0x08000c96   0x00000054   Code   RO         1170    i.HAL_ADC_Init      stm32f4xx_hal_adc.o
    0x08000cea   0x00000002   PAD
    0x08000cec   0x00000090   Code   RO         3485    i.HAL_ADC_MspInit   adc.o
    0x08000d7c   0x00000104   Code   RO         1177    i.HAL_ADC_Start_DMA  stm32f4xx_hal_adc.o
    0x08000e80   0x00000058   Code   RO         1180    i.HAL_ADC_Stop_DMA  stm32f4xx_hal_adc.o
    0x08000ed8   0x000000f8   Code   RO         2609    i.HAL_CAN_ConfigFilter  stm32f4xx_hal_can.o
    0x08000fd0   0x00000002   Code   RO         2611    i.HAL_CAN_ErrorCallback  stm32f4xx_hal_can.o
    0x08000fd2   0x00000002   PAD
    0x08000fd4   0x00000234   Code   RO         2614    i.HAL_CAN_IRQHandler  stm32f4xx_hal_can.o
    0x08001208   0x0000014c   Code   RO         2615    i.HAL_CAN_Init      stm32f4xx_hal_can.o
    0x08001354   0x0000005c   Code   RO         3792    i.HAL_CAN_MspInit   can.o
    0x080013b0   0x000000b8   Code   RO         2619    i.HAL_CAN_Receive_IT  stm32f4xx_hal_can.o
    0x08001468   0x00000124   Code   RO         3382    i.HAL_CAN_RxCpltCallback  freertos.o
    0x0800158c   0x000001b8   Code   RO         2622    i.HAL_CAN_Transmit  stm32f4xx_hal_can.o
    0x08001744   0x00000002   Code   RO         2624    i.HAL_CAN_TxCpltCallback  stm32f4xx_hal_can.o
    0x08001746   0x00000002   Code   RO         2736    i.HAL_DACEx_ConvCpltCallbackCh2  stm32f4xx_hal_dac_ex.o
    0x08001748   0x00000002   Code   RO         2737    i.HAL_DACEx_ConvHalfCpltCallbackCh2  stm32f4xx_hal_dac_ex.o
    0x0800174a   0x00000002   Code   RO         2741    i.HAL_DACEx_ErrorCallbackCh2  stm32f4xx_hal_dac_ex.o
    0x0800174c   0x00000042   Code   RO         2820    i.HAL_DAC_ConfigChannel  stm32f4xx_hal_dac.o
    0x0800178e   0x00000002   PAD
    0x08001790   0x00000044   Code   RO         3244    i.HAL_DAC_ConvCpltCallbackCh1  main.o
    0x080017d4   0x00000002   Code   RO         3245    i.HAL_DAC_ConvHalfCpltCallbackCh1  main.o
    0x080017d6   0x00000002   Code   RO         2825    i.HAL_DAC_ErrorCallbackCh1  stm32f4xx_hal_dac.o
    0x080017d8   0x00000028   Code   RO         2830    i.HAL_DAC_Init      stm32f4xx_hal_dac.o
    0x08001800   0x00000098   Code   RO         3527    i.HAL_DAC_MspInit   dac.o
    0x08001898   0x00000100   Code   RO         2835    i.HAL_DAC_Start_DMA  stm32f4xx_hal_dac.o
    0x08001998   0x0000008e   Code   RO         2179    i.HAL_DMA_Abort     stm32f4xx_hal_dma.o
    0x08001a26   0x00000024   Code   RO         2180    i.HAL_DMA_Abort_IT  stm32f4xx_hal_dma.o
    0x08001a4a   0x00000002   PAD
    0x08001a4c   0x000001a8   Code   RO         2184    i.HAL_DMA_IRQHandler  stm32f4xx_hal_dma.o
    0x08001bf4   0x000000d4   Code   RO         2185    i.HAL_DMA_Init      stm32f4xx_hal_dma.o
    0x08001cc8   0x00000078   Code   RO         2189    i.HAL_DMA_Start_IT  stm32f4xx_hal_dma.o
    0x08001d40   0x000001c0   Code   RO         2113    i.HAL_GPIO_Init     stm32f4xx_hal_gpio.o
    0x08001f00   0x0000000a   Code   RO         2115    i.HAL_GPIO_ReadPin  stm32f4xx_hal_gpio.o
    0x08001f0a   0x00000008   Code   RO         2116    i.HAL_GPIO_TogglePin  stm32f4xx_hal_gpio.o
    0x08001f12   0x0000000a   Code   RO         2117    i.HAL_GPIO_WritePin  stm32f4xx_hal_gpio.o
    0x08001f1c   0x0000000c   Code   RO         1339    i.HAL_GetTick       stm32f4xx_hal.o
    0x08001f28   0x00000010   Code   RO         1341    i.HAL_IncTick       stm32f4xx_hal.o
    0x08001f38   0x00000034   Code   RO         1342    i.HAL_Init          stm32f4xx_hal.o
    0x08001f6c   0x00000074   Code   RO         3718    i.HAL_InitTick      stm32f4xx_hal_timebase_tim.o
    0x08001fe0   0x00000058   Code   RO         2996    i.HAL_MspInit       stm32f4xx_hal_msp.o
    0x08002038   0x00000016   Code   RO          728    i.HAL_NVIC_EnableIRQ  stm32f4xx_hal_cortex.o
    0x0800204e   0x00000002   PAD
    0x08002050   0x00000040   Code   RO          734    i.HAL_NVIC_SetPriority  stm32f4xx_hal_cortex.o
    0x08002090   0x00000024   Code   RO          735    i.HAL_NVIC_SetPriorityGrouping  stm32f4xx_hal_cortex.o
    0x080020b4   0x00000174   Code   RO           14    i.HAL_RCC_ClockConfig  stm32f4xx_hal_rcc.o
    0x08002228   0x00000040   Code   RO           18    i.HAL_RCC_GetClockConfig  stm32f4xx_hal_rcc.o
    0x08002268   0x0000000c   Code   RO           19    i.HAL_RCC_GetHCLKFreq  stm32f4xx_hal_rcc.o
    0x08002274   0x00000030   Code   RO           21    i.HAL_RCC_GetPCLK1Freq  stm32f4xx_hal_rcc.o
    0x080022a4   0x00000030   Code   RO           22    i.HAL_RCC_GetPCLK2Freq  stm32f4xx_hal_rcc.o
    0x080022d4   0x00000070   Code   RO           23    i.HAL_RCC_GetSysClockFreq  stm32f4xx_hal_rcc.o
    0x08002344   0x00000314   Code   RO           26    i.HAL_RCC_OscConfig  stm32f4xx_hal_rcc.o
    0x08002658   0x00000018   Code   RO          737    i.HAL_SYSTICK_CLKSourceConfig  stm32f4xx_hal_cortex.o
    0x08002670   0x00000028   Code   RO          739    i.HAL_SYSTICK_Config  stm32f4xx_hal_cortex.o
    0x08002698   0x00000002   Code   RO          858    i.HAL_TIMEx_BreakCallback  stm32f4xx_hal_tim_ex.o
    0x0800269a   0x00000002   Code   RO          859    i.HAL_TIMEx_CommutationCallback  stm32f4xx_hal_tim_ex.o
    0x0800269c   0x00000050   Code   RO          875    i.HAL_TIMEx_MasterConfigSynchronization  stm32f4xx_hal_tim_ex.o
    0x080026ec   0x00000036   Code   RO         1481    i.HAL_TIM_Base_Init  stm32f4xx_hal_tim.o
    0x08002722   0x00000002   PAD
    0x08002724   0x00000088   Code   RO         3665    i.HAL_TIM_Base_MspInit  tim.o
    0x080027ac   0x00000018   Code   RO         1486    i.HAL_TIM_Base_Start_IT  stm32f4xx_hal_tim.o
    0x080027c4   0x000000f0   Code   RO         1490    i.HAL_TIM_ConfigClockSource  stm32f4xx_hal_tim.o
    0x080028b4   0x00000002   Code   RO         1510    i.HAL_TIM_IC_CaptureCallback  stm32f4xx_hal_tim.o
    0x080028b6   0x00000166   Code   RO         1523    i.HAL_TIM_IRQHandler  stm32f4xx_hal_tim.o
    0x08002a1c   0x00000002   Code   RO         1526    i.HAL_TIM_OC_DelayElapsedCallback  stm32f4xx_hal_tim.o
    0x08002a1e   0x00000002   Code   RO         1553    i.HAL_TIM_PWM_PulseFinishedCallback  stm32f4xx_hal_tim.o
    0x08002a20   0x00000014   Code   RO         3246    i.HAL_TIM_PeriodElapsedCallback  main.o
    0x08002a34   0x00000002   Code   RO         1564    i.HAL_TIM_TriggerCallback  stm32f4xx_hal_tim.o
    0x08002a36   0x00000002   Code   RO         2303    i.HAL_UART_ErrorCallback  stm32f4xx_hal_uart.o
    0x08002a38   0x00000110   Code   RO         2306    i.HAL_UART_IRQHandler  stm32f4xx_hal_uart.o
    0x08002b48   0x00000062   Code   RO         2307    i.HAL_UART_Init     stm32f4xx_hal_uart.o
    0x08002baa   0x00000002   PAD
    0x08002bac   0x000000ac   Code   RO         3569    i.HAL_UART_MspInit  usart.o
    0x08002c58   0x00000002   Code   RO         2313    i.HAL_UART_RxCpltCallback  stm32f4xx_hal_uart.o
    0x08002c5a   0x00000002   PAD
    0x08002c5c   0x00000080   Code   RO         2316    i.HAL_UART_Transmit_DMA  stm32f4xx_hal_uart.o
    0x08002cdc   0x00000002   Code   RO         2318    i.HAL_UART_TxCpltCallback  stm32f4xx_hal_uart.o
    0x08002cde   0x00000002   Code   RO         2319    i.HAL_UART_TxHalfCpltCallback  stm32f4xx_hal_uart.o
    0x08002ce0   0x00000002   Code   RO         3028    i.HardFault_Handler  stm32f4xx_it.o
    0x08002ce2   0x00000002   PAD
    0x08002ce4   0x00000060   Code   RO         3758    i.KEY_Init          key.o
    0x08002d44   0x000000c8   Code   RO         3759    i.KEY_Scan          key.o
    0x08002e0c   0x00000070   Code   RO         3486    i.MX_ADC1_Init      adc.o
    0x08002e7c   0x00000058   Code   RO         3793    i.MX_CAN1_Init      can.o
    0x08002ed4   0x00000050   Code   RO         3528    i.MX_DAC_Init       dac.o
    0x08002f24   0x00000118   Code   RO         3634    i.MX_DMA_Init       dma.o
    0x0800303c   0x00000100   Code   RO         3383    i.MX_FREERTOS_Init  freertos.o
    0x0800313c   0x000000b0   Code   RO         3610    i.MX_GPIO_Init      gpio.o
    0x080031ec   0x00000074   Code   RO         3666    i.MX_TIM2_Init      tim.o
    0x08003260   0x00000078   Code   RO         3667    i.MX_TIM3_Init      tim.o
    0x080032d8   0x00000074   Code   RO         3668    i.MX_TIM5_Init      tim.o
    0x0800334c   0x0000004c   Code   RO         3570    i.MX_USART1_UART_Init  usart.o
    0x08003398   0x00000002   Code   RO         3029    i.MemManage_Handler  stm32f4xx_it.o
    0x0800339a   0x00000002   PAD
    0x0800339c   0x00000128   Code   RO         6995    i.MyWrapper         queue.o
    0x080034c4   0x00000002   Code   RO         3030    i.NMI_Handler       stm32f4xx_it.o
    0x080034c6   0x00000020   Code   RO          741    i.NVIC_SetPriority  stm32f4xx_hal_cortex.o
    0x080034e6   0x00000002   PAD
    0x080034e8   0x00000038   Code   RO         5883    i.SEGGER_RTT_Write  segger_rtt.o
    0x08003520   0x0000005c   Code   RO         5884    i.SEGGER_RTT_WriteNoLock  segger_rtt.o
    0x0800357c   0x00000020   Code   RO         3384    i.StartDefaultTask  freertos.o
    0x0800359c   0x00000028   Code   RO         3385    i.StartTask02       freertos.o
    0x080035c4   0x000000a0   Code   RO         3386    i.StartTaskCanBusSend  freertos.o
    0x08003664   0x00000044   Code   RO         3387    i.StartTaskCanRecvPreProcess  freertos.o
    0x080036a8   0x000000e8   Code   RO         3388    i.StartTaskSpeexDec  freertos.o
    0x08003790   0x00000068   Code   RO         3389    i.StartTaskSpeexEnc  freertos.o
    0x080037f8   0x00000298   Code   RO         3390    i.StartTaskUI       freertos.o
    0x08003a90   0x00000004   Code   RO         3031    i.SysTick_Handler   stm32f4xx_it.o
    0x08003a94   0x000000a0   Code   RO         3247    i.SystemClock_Config  main.o
    0x08003b34   0x00000054   Code   RO         2959    i.SystemInit        system_stm32f4xx.o
    0x08003b88   0x0000000c   Code   RO         3032    i.TIM1_UP_TIM10_IRQHandler  stm32f4xx_it.o
    0x08003b94   0x0000000c   Code   RO         3033    i.TIM2_IRQHandler   stm32f4xx_it.o
    0x08003ba0   0x0000000c   Code   RO         3034    i.TIM3_IRQHandler   stm32f4xx_it.o
    0x08003bac   0x0000001c   Code   RO         3035    i.TIM5_IRQHandler   stm32f4xx_it.o
    0x08003bc8   0x000000c0   Code   RO         1565    i.TIM_Base_SetConfig  stm32f4xx_hal_tim.o
    0x08003c88   0x00000014   Code   RO         1572    i.TIM_ETR_SetConfig  stm32f4xx_hal_tim.o
    0x08003c9c   0x00000010   Code   RO         1573    i.TIM_ITRx_SetConfig  stm32f4xx_hal_tim.o
    0x08003cac   0x00000022   Code   RO         1579    i.TIM_TI1_ConfigInputStage  stm32f4xx_hal_tim.o
    0x08003cce   0x00000024   Code   RO         1581    i.TIM_TI2_ConfigInputStage  stm32f4xx_hal_tim.o
    0x08003cf2   0x00000010   Code   RO         2320    i.UART_DMAAbortOnError  stm32f4xx_hal_uart.o
    0x08003d02   0x0000004a   Code   RO         2321    i.UART_DMAError     stm32f4xx_hal_uart.o
    0x08003d4c   0x0000002e   Code   RO         2326    i.UART_DMATransmitCplt  stm32f4xx_hal_uart.o
    0x08003d7a   0x0000000a   Code   RO         2328    i.UART_DMATxHalfCplt  stm32f4xx_hal_uart.o
    0x08003d84   0x0000001c   Code   RO         2330    i.UART_EndRxTransfer  stm32f4xx_hal_uart.o
    0x08003da0   0x00000012   Code   RO         2331    i.UART_EndTxTransfer  stm32f4xx_hal_uart.o
    0x08003db2   0x0000008c   Code   RO         2332    i.UART_Receive_IT   stm32f4xx_hal_uart.o
    0x08003e3e   0x00000002   PAD
    0x08003e40   0x000002ac   Code   RO         2333    i.UART_SetConfig    stm32f4xx_hal_uart.o
    0x080040ec   0x00000062   Code   RO         2334    i.UART_Transmit_IT  stm32f4xx_hal_uart.o
    0x0800414e   0x00000002   PAD
    0x08004150   0x00000050   Code   RO         3036    i.USART1_IRQHandler  stm32f4xx_it.o
    0x080041a0   0x00000002   Code   RO         3037    i.UsageFault_Handler  stm32f4xx_it.o
    0x080041a2   0x00000002   PAD
    0x080041a4   0x00000068   Code   RO         5888    i._DoInit           segger_rtt.o
    0x0800420c   0x00000002   Code   RO         3248    i._Error_Handler    main.o
    0x0800420e   0x00000016   Code   RO         5889    i._GetAvailWriteSpace  segger_rtt.o
    0x08004224   0x0000005a   Code   RO         5891    i._WriteBlocking    segger_rtt.o
    0x0800427e   0x00000042   Code   RO         5892    i._WriteNoCheck     segger_rtt.o
    0x080042c0   0x00000002   Code   RO         3249    i._speex_fatal      main.o
    0x080042c2   0x00000074   Code   RO         4542    i._spx_autocorr     lpc.o
    0x08004336   0x000000a0   Code   RO         4543    i._spx_lpc          lpc.o
    0x080043d6   0x0000002e   Code   RO         4205    i.bw_lpc            filters.o
    0x08004404   0x00000064   Code   RO         4563    i.cheb_poly_eva     lsp.o
    0x08004468   0x00000102   Code   RO         4206    i.compute_impulse_response  filters.o
    0x0800456a   0x0000005e   Code   RO         4843    i.compute_quant_weights  quant_lsp.o
    0x080045c8   0x00000080   Code   RO         4207    i.compute_rms       filters.o
    0x08004648   0x000000d6   Code   RO         4208    i.compute_rms16     filters.o
    0x0800471e   0x0000008c   Code   RO         4091    i.compute_weighted_codebook  cb_search.o
    0x080047aa   0x00000002   PAD
    0x080047ac   0x00000098   Code   RO         4209    i.filter_mem16      filters.o
    0x08004844   0x0000007c   Code   RO         4210    i.fir_mem16         filters.o
    0x080048c0   0x000000de   Code   RO         4617    i.forced_pitch_quant  ltp.o
    0x0800499e   0x00000046   Code   RO         4618    i.forced_pitch_unquant  ltp.o
    0x080049e4   0x000000d0   Code   RO         4211    i.highpass          filters.o
    0x08004ab4   0x00000080   Code   RO         4212    i.iir_mem16         filters.o
    0x08004b34   0x00000046   Code   RO         4619    i.inner_prod        ltp.o
    0x08004b7a   0x00000002   PAD
    0x08004b7c   0x00000124   Code   RO         4213    i.interp_pitch      filters.o
    0x08004ca0   0x00000202   Code   RO         4564    i.lpc_to_lsp        lsp.o
    0x08004ea2   0x000000ae   Code   RO         4565    i.lsp_interpolate   lsp.o
    0x08004f50   0x00000066   Code   RO         4844    i.lsp_quant         quant_lsp.o
    0x08004fb6   0x00000002   PAD
    0x08004fb8   0x000000e4   Code   RO         4846    i.lsp_quant_lbr     quant_lsp.o
    0x0800509c   0x00000144   Code   RO         4847    i.lsp_quant_nb      quant_lsp.o
    0x080051e0   0x00000318   Code   RO         4566    i.lsp_to_lpc        lsp.o
    0x080054f8   0x000000a4   Code   RO         4849    i.lsp_unquant_lbr   quant_lsp.o
    0x0800559c   0x00000100   Code   RO         4850    i.lsp_unquant_nb    quant_lsp.o
    0x0800569c   0x00000082   Code   RO         4851    i.lsp_weight_quant  quant_lsp.o
    0x0800571e   0x00000002   PAD
    0x08005720   0x000000b8   Code   RO         3251    i.main              main.o
    0x080057d8   0x0000000c   Code   RO         6615    i.makeFreeRtosPriority  cmsis_os.o
    0x080057e4   0x000002fa   Code   RO         4214    i.multicomb         filters.o
    0x08005ade   0x00000002   PAD
    0x08005ae0   0x00000058   Code   RO         3844    i.my_mem_free       malloc.o
    0x08005b38   0x0000003c   Code   RO         3845    i.my_mem_init       malloc.o
    0x08005b74   0x0000008c   Code   RO         3846    i.my_mem_malloc     malloc.o
    0x08005c00   0x00000038   Code   RO         3847    i.my_mem_perused    malloc.o
    0x08005c38   0x00000018   Code   RO         3848    i.myfree            malloc.o
    0x08005c50   0x00000020   Code   RO         3849    i.mymalloc          malloc.o
    0x08005c70   0x00000010   Code   RO         3850    i.mymemcpy          malloc.o
    0x08005c80   0x0000000c   Code   RO         3851    i.mymemset          malloc.o
    0x08005c8c   0x0000003c   Code   RO         3852    i.myrealloc         malloc.o
    0x08005cc8   0x00000a5a   Code   RO         4746    i.nb_decode         nb_celp.o
    0x08006722   0x00000002   PAD
    0x08006724   0x00000164   Code   RO         4747    i.nb_decode_lost    nb_celp.o
    0x08006888   0x00000198   Code   RO         4748    i.nb_decoder_ctl    nb_celp.o
    0x08006a20   0x00000018   Code   RO         4749    i.nb_decoder_destroy  nb_celp.o
    0x08006a38   0x000000b8   Code   RO         4750    i.nb_decoder_init   nb_celp.o
    0x08006af0   0x00000b94   Code   RO         4751    i.nb_encode         nb_celp.o
    0x08007684   0x00000206   Code   RO         4752    i.nb_encoder_ctl    nb_celp.o
    0x0800788a   0x00000018   Code   RO         4753    i.nb_encoder_destroy  nb_celp.o
    0x080078a2   0x00000002   PAD
    0x080078a4   0x000000a8   Code   RO         4754    i.nb_encoder_init   nb_celp.o
    0x0800794c   0x0000002e   Code   RO         5105    i.nb_mode_query     speex.o
    0x0800797a   0x0000005a   Code   RO         4092    i.noise_codebook_quant  cb_search.o
    0x080079d4   0x00000038   Code   RO         4093    i.noise_codebook_unquant  cb_search.o
    0x08007a0c   0x00000042   Code   RO         4215    i.normalize16       filters.o
    0x08007a4e   0x000002e2   Code   RO         4620    i.open_loop_nbest_pitch  ltp.o
    0x08007d30   0x0000000e   Code   RO         6617    i.osDelay           cmsis_os.o
    0x08007d3e   0x0000000a   Code   RO         6620    i.osKernelStart     cmsis_os.o
    0x08007d48   0x00000026   Code   RO         6646    i.osSemaphoreCreate  cmsis_os.o
    0x08007d6e   0x00000014   Code   RO         6653    i.osSystickHandler  cmsis_os.o
    0x08007d82   0x0000002e   Code   RO         6654    i.osThreadCreate    cmsis_os.o
    0x08007db0   0x000003f8   Code   RO         4621    i.pitch_gain_search_3tap  ltp.o
    0x080081a8   0x000000d0   Code   RO         4622    i.pitch_gain_search_3tap_vq  ltp.o
    0x08008278   0x00000254   Code   RO         4623    i.pitch_search_3tap  ltp.o
    0x080084cc   0x0000015c   Code   RO         4624    i.pitch_unquant_3tap  ltp.o
    0x08008628   0x00000070   Code   RO         6070    i.prvAddCurrentTaskToDelayedList  tasks.o
    0x08008698   0x00000124   Code   RO         6071    i.prvAddNewTaskToReadyList  tasks.o
    0x080087bc   0x00000054   Code   RO         6072    i.prvCheckTasksWaitingTermination  tasks.o
    0x08008810   0x00000026   Code   RO         6997    i.prvCopyDataFromQueue  queue.o
    0x08008836   0x0000006c   Code   RO         6998    i.prvCopyDataToQueue  queue.o
    0x080088a2   0x00000014   Code   RO         6073    i.prvDeleteTCB      tasks.o
    0x080088b6   0x00000002   PAD
    0x080088b8   0x0000004c   Code   RO         7186    i.prvHeapInit       heap_4.o
    0x08008904   0x00000028   Code   RO         6074    i.prvIdleTask       tasks.o
    0x0800892c   0x0000009c   Code   RO         6075    i.prvInitialiseNewTask  tasks.o
    0x080089c8   0x0000004c   Code   RO         7187    i.prvInsertBlockIntoFreeList  heap_4.o
    0x08008a14   0x00000018   Code   RO         5445    i.prvIsNewTCB       trckernelport.o
    0x08008a2c   0x0000001a   Code   RO         6999    i.prvIsQueueEmpty   queue.o
    0x08008a46   0x00000002   PAD
    0x08008a48   0x00000020   Code   RO         6077    i.prvResetNextTaskUnblockTime  tasks.o
    0x08008a68   0x00000168   Code   RO         5610    i.prvSetRecorderEnabled  trcstreamingrecorder.o
    0x08008bd0   0x00000028   Code   RO         6504    i.prvTaskExitError  port.o
    0x08008bf8   0x00000054   Code   RO         5613    i.prvTraceError     trcstreamingrecorder.o
    0x08008c4c   0x00000004   Code   RO         5446    i.prvTraceGetCurrentTaskHandle  trckernelport.o
    0x08008c50   0x0000000a   Code   RO         5448    i.prvTraceGetObjectNumberHigh16  trckernelport.o
    0x08008c5a   0x00000004   Code   RO         5451    i.prvTraceGetQueueNumber  trckernelport.o
    0x08008c5e   0x0000000a   Code   RO         5452    i.prvTraceGetTaskNumberHigh16  trckernelport.o
    0x08008c68   0x00000064   Code   RO         5615    i.prvTraceSaveObjectData  trcstreamingrecorder.o
    0x08008ccc   0x00000088   Code   RO         5616    i.prvTraceSaveSymbol  trcstreamingrecorder.o
    0x08008d54   0x0000001a   Code   RO         5455    i.prvTraceSetObjectNumberHigh16  trckernelport.o
    0x08008d6e   0x0000001a   Code   RO         5457    i.prvTraceSetTaskNumberHigh16  trckernelport.o
    0x08008d88   0x00000080   Code   RO         5617    i.prvTraceStoreEvent  trcstreamingrecorder.o
    0x08008e08   0x0000005c   Code   RO         5619    i.prvTraceStoreEvent1  trcstreamingrecorder.o
    0x08008e64   0x00000060   Code   RO         5620    i.prvTraceStoreEvent2  trcstreamingrecorder.o
    0x08008ec4   0x00000064   Code   RO         5621    i.prvTraceStoreEvent3  trcstreamingrecorder.o
    0x08008f28   0x000000cc   Code   RO         5622    i.prvTraceStoreSimpleStringEventHelper  trcstreamingrecorder.o
    0x08008ff4   0x0000001a   Code   RO         5623    i.prvTraceStoreStringEvent  trcstreamingrecorder.o
    0x0800900e   0x00000002   PAD
    0x08009010   0x00000100   Code   RO         5624    i.prvTraceStoreStringEventHelper  trcstreamingrecorder.o
    0x08009110   0x00000028   Code   RO         5625    i.prvTraceStoreWarnings  trcstreamingrecorder.o
    0x08009138   0x00000014   Code   RO         5626    i.prvTraceWarning   trcstreamingrecorder.o
    0x0800914c   0x0000006a   Code   RO         7000    i.prvUnlockQueue    queue.o
    0x080091b6   0x00000002   PAD
    0x080091b8   0x000000f4   Code   RO         7188    i.pvPortMalloc      heap_4.o
    0x080092ac   0x00000018   Code   RO         6079    i.pvTaskIncrementMutexHeldCount  tasks.o
    0x080092c4   0x0000002c   Code   RO         6505    i.pxPortInitialiseStack  port.o
    0x080092f0   0x00000064   Code   RO         4218    i.residue_percep_zero16  filters.o
    0x08009354   0x00000034   Code   RO         4219    i.sanitize_values32  filters.o
    0x08009388   0x0000001c   Code   RO         5400    i.scal_quant        vq.o
    0x080093a4   0x0000001a   Code   RO         5401    i.scal_quant32      vq.o
    0x080093be   0x000000a2   Code   RO         4220    i.signal_div        filters.o
    0x08009460   0x0000002e   Code   RO         4221    i.signal_mul        filters.o
    0x0800948e   0x0000002c   Code   RO         3927    i.speex_bits_advance  bits.o
    0x080094ba   0x00000028   Code   RO         3929    i.speex_bits_init   bits.o
    0x080094e2   0x00000022   Code   RO         3931    i.speex_bits_insert_terminator  bits.o
    0x08009504   0x0000007e   Code   RO         3933    i.speex_bits_pack   bits.o
    0x08009582   0x00000046   Code   RO         3936    i.speex_bits_read_from  bits.o
    0x080095c8   0x00000018   Code   RO         3938    i.speex_bits_remaining  bits.o
    0x080095e0   0x00000010   Code   RO         3939    i.speex_bits_reset  bits.o
    0x080095f0   0x00000054   Code   RO         3943    i.speex_bits_unpack_unsigned  bits.o
    0x08009644   0x0000003c   Code   RO         3944    i.speex_bits_write  bits.o
    0x08009680   0x00000006   Code   RO         5106    i.speex_decode_int  speex.o
    0x08009686   0x00000006   Code   RO         5108    i.speex_decoder_ctl  speex.o
    0x0800968c   0x00000004   Code   RO         5110    i.speex_decoder_init  speex.o
    0x08009690   0x0000001a   Code   RO         5198    i.speex_default_user_handler  speex_callbacks.o
    0x080096aa   0x00000006   Code   RO         5111    i.speex_encode_int  speex.o
    0x080096b0   0x00000006   Code   RO         5113    i.speex_encoder_ctl  speex.o
    0x080096b6   0x00000004   Code   RO         5115    i.speex_encoder_init  speex.o
    0x080096ba   0x0000005c   Code   RO         5199    i.speex_inband_handler  speex_callbacks.o
    0x08009716   0x00000002   PAD
    0x08009718   0x00000028   Code   RO         4755    i.speex_rand        nb_celp.o
    0x08009740   0x0000000a   Code   RO         3946    i.speex_realloc     bits.o
    0x0800974a   0x0000059a   Code   RO         4094    i.split_cb_search_shape_sign  cb_search.o
    0x08009ce4   0x00000252   Code   RO         4095    i.split_cb_search_shape_sign_N1  cb_search.o
    0x08009f36   0x000000ba   Code   RO         4096    i.split_cb_shape_sign_unquant  cb_search.o
    0x08009ff0   0x000000c8   Code   RO         4567    i.spx_acos          lsp.o
    0x0800a0b8   0x0000007e   Code   RO         4222    i.spx_sqrt          filters.o
    0x0800a136   0x0000007e   Code   RO         4625    i.spx_sqrt          ltp.o
    0x0800a1b4   0x0000007e   Code   RO         4756    i.spx_sqrt          nb_celp.o
    0x0800a232   0x00000066   Code   RO         4223    i.syn_percep_zero16  filters.o
    0x0800a298   0x00000026   Code   RO         4097    i.target_update     cb_search.o
    0x0800a2be   0x00000024   Code   RO         7259    i.uxListRemove      list.o
    0x0800a2e2   0x00000004   Code   RO         7002    i.uxQueueGetQueueNumber  queue.o
    0x0800a2e6   0x00000008   Code   RO         6083    i.uxTaskGetTaskNumber  tasks.o
    0x0800a2ee   0x00000016   Code   RO         7260    i.vListInitialise   list.o
    0x0800a304   0x00000006   Code   RO         7261    i.vListInitialiseItem  list.o
    0x0800a30a   0x00000030   Code   RO         7262    i.vListInsert       list.o
    0x0800a33a   0x00000018   Code   RO         7263    i.vListInsertEnd    list.o
    0x0800a352   0x00000002   PAD
    0x0800a354   0x00000040   Code   RO         6507    i.vPortEnterCritical  port.o
    0x0800a394   0x00000028   Code   RO         6508    i.vPortExitCritical  port.o
    0x0800a3bc   0x0000007c   Code   RO         7189    i.vPortFree         heap_4.o
    0x0800a438   0x00000020   Code   RO         6509    i.vPortSetupTimerInterrupt  port.o
    0x0800a458   0x00000054   Code   RO         6510    i.vPortValidateInterruptPriority  port.o
    0x0800a4ac   0x00000004   Code   RO         7008    i.vQueueSetQueueNumber  queue.o
    0x0800a4b0   0x00000068   Code   RO         6087    i.vTaskDelay        tasks.o
    0x0800a518   0x0000000c   Code   RO         6091    i.vTaskMissedYield  tasks.o
    0x0800a524   0x00000030   Code   RO         6093    i.vTaskPlaceOnEventList  tasks.o
    0x0800a554   0x000000d4   Code   RO         6095    i.vTaskPriorityInherit  tasks.o
    0x0800a628   0x00000008   Code   RO         6098    i.vTaskSetTaskNumber  tasks.o
    0x0800a630   0x00000024   Code   RO         6099    i.vTaskSetTimeOutState  tasks.o
    0x0800a654   0x00000068   Code   RO         6100    i.vTaskStartScheduler  tasks.o
    0x0800a6bc   0x00000010   Code   RO         6102    i.vTaskSuspendAll   tasks.o
    0x0800a6cc   0x00000088   Code   RO         6103    i.vTaskSwitchContext  tasks.o
    0x0800a754   0x00000004   Code   RO         5630    i.vTracePrint       trcstreamingrecorder.o
    0x0800a758   0x0000004a   Code   RO         5631    i.vTracePrintF      trcstreamingrecorder.o
    0x0800a7a2   0x00000090   Code   RO         5402    i.vq_nbest          vq.o
    0x0800a832   0x000000a6   Code   RO         5403    i.vq_nbest_sign     vq.o
    0x0800a8d8   0x00000022   Code   RO         6039    i.writeToRTT        trcstreamingport.o
    0x0800a8fa   0x00000002   PAD
    0x0800a8fc   0x000000e4   Code   RO         6511    i.xPortStartScheduler  port.o
    0x0800a9e0   0x0000002c   Code   RO         6512    i.xPortSysTickHandler  port.o
    0x0800aa0c   0x00000080   Code   RO         7011    i.xQueueGenericCreate  queue.o
    0x0800aa8c   0x00000324   Code   RO         7012    i.xQueueGenericReceive  queue.o
    0x0800adb0   0x00000088   Code   RO         7013    i.xQueueGenericReset  queue.o
    0x0800ae38   0x000002a4   Code   RO         7014    i.xQueueGenericSend  queue.o
    0x0800b0dc   0x00000006   Code   RO         7016    i.xQueueGiveFromISR  queue.o
    0x0800b0e2   0x00000002   PAD
    0x0800b0e4   0x0000006c   Code   RO         6104    i.xTaskCheckForTimeOut  tasks.o
    0x0800b150   0x00000056   Code   RO         6105    i.xTaskCreate       tasks.o
    0x0800b1a6   0x00000002   PAD
    0x0800b1a8   0x0000000c   Code   RO         6108    i.xTaskGetCurrentTaskHandle  tasks.o
    0x0800b1b4   0x0000001c   Code   RO         6109    i.xTaskGetSchedulerState  tasks.o
    0x0800b1d0   0x00000108   Code   RO         6112    i.xTaskIncrementTick  tasks.o
    0x0800b2d8   0x000000dc   Code   RO         6115    i.xTaskPriorityDisinherit  tasks.o
    0x0800b3b4   0x00000090   Code   RO         6116    i.xTaskRemoveFromEventList  tasks.o
    0x0800b444   0x000000e0   Code   RO         6118    i.xTaskResumeAll    tasks.o
    0x0800b524   0x00000280   Code   RO         5639    i.xTraceGetLastError  trcstreamingrecorder.o
    0x0800b7a4   0x0000000a   Code   RO         7515    x$fpl$fpinit        fz_wm.l(fpinit.o)
    0x0800b7ae   0x00000008   Data   RO         2191    .constdata          stm32f4xx_hal_dma.o
    0x0800b7b6   0x00000010   Data   RO         2960    .constdata          system_stm32f4xx.o
    0x0800b7c6   0x00000008   Data   RO         2961    .constdata          system_stm32f4xx.o
    0x0800b7ce   0x00000002   PAD
    0x0800b7d0   0x00001800   Data   RO         3391    .constdata          freertos.o
    0x0800cfd0   0x00000024   Data   RO         3859    .constdata          malloc.o
    0x0800cff4   0x00000140   Data   RO         4163    .constdata          exc_5_64_table.o
    0x0800d134   0x00000500   Data   RO         4170    .constdata          exc_5_256_table.o
    0x0800d634   0x00000400   Data   RO         4177    .constdata          exc_8_128_table.o
    0x0800da34   0x000000a0   Data   RO         4184    .constdata          exc_10_16_table.o
    0x0800dad4   0x00000140   Data   RO         4191    .constdata          exc_10_32_table.o
    0x0800dc14   0x00000280   Data   RO         4198    .constdata          exc_20_32_table.o
    0x0800de94   0x0000006a   Data   RO         4224    .constdata          filters.o
    0x0800defe   0x00000200   Data   RO         4339    .constdata          gain_table.o
    0x0800e0fe   0x00000080   Data   RO         4346    .constdata          gain_table_lbr.o
    0x0800e17e   0x00000280   Data   RO         4603    .constdata          lsp_tables_nb.o
    0x0800e3fe   0x00000140   Data   RO         4604    .constdata          lsp_tables_nb.o
    0x0800e53e   0x00000140   Data   RO         4605    .constdata          lsp_tables_nb.o
    0x0800e67e   0x00000140   Data   RO         4606    .constdata          lsp_tables_nb.o
    0x0800e7be   0x00000140   Data   RO         4607    .constdata          lsp_tables_nb.o
    0x0800e8fe   0x00000002   PAD
    0x0800e900   0x0000000c   Data   RO         4684    .constdata          modes.o
    0x0800e90c   0x0000000c   Data   RO         4685    .constdata          modes.o
    0x0800e918   0x0000000c   Data   RO         4686    .constdata          modes.o
    0x0800e924   0x0000000c   Data   RO         4687    .constdata          modes.o
    0x0800e930   0x00000014   Data   RO         4688    .constdata          modes.o
    0x0800e944   0x00000014   Data   RO         4689    .constdata          modes.o
    0x0800e958   0x00000014   Data   RO         4690    .constdata          modes.o
    0x0800e96c   0x00000014   Data   RO         4691    .constdata          modes.o
    0x0800e980   0x00000014   Data   RO         4692    .constdata          modes.o
    0x0800e994   0x00000014   Data   RO         4693    .constdata          modes.o
    0x0800e9a8   0x00000038   Data   RO         4694    .constdata          modes.o
    0x0800e9e0   0x00000038   Data   RO         4695    .constdata          modes.o
    0x0800ea18   0x00000038   Data   RO         4696    .constdata          modes.o
    0x0800ea50   0x00000038   Data   RO         4697    .constdata          modes.o
    0x0800ea88   0x00000038   Data   RO         4698    .constdata          modes.o
    0x0800eac0   0x00000038   Data   RO         4699    .constdata          modes.o
    0x0800eaf8   0x00000038   Data   RO         4700    .constdata          modes.o
    0x0800eb30   0x00000038   Data   RO         4701    .constdata          modes.o
    0x0800eb68   0x0000008c   Data   RO         4702    .constdata          modes.o
    0x0800ebf4   0x00000034   Data   RO         4703    .constdata          modes.o
    0x0800ec28   0x000000dc   Data   RO         4757    .constdata          nb_celp.o
    0x0800ed04   0x00000016   Data   RO         5430    .constdata          window.o
    0x0800ed1a   0x00000190   Data   RO         5431    .constdata          window.o
    0x0800eeaa   0x00000002   PAD
    0x0800eeac   0x00000070   Data   RO         3392    .conststring        freertos.o
    0x0800ef1c   0x0000000b   Data   RO         4704    .conststring        modes.o
    0x0800ef27   0x00000001   PAD
    0x0800ef28   0x00000020   Data   RO         7583    Region$$Table       anon$$obj.o


    Execution Region RW_IRAM1 (Base: 0x20000000, Size: 0x0001ad98, Max: 0x00020000, ABSOLUTE, COMPRESSED[0x00000048])

    Base Addr    Size         Type   Attr      Idx    E Section Name        Object

    0x20000000   0x00000004   Data   RW         1348    .data               stm32f4xx_hal.o
    0x20000004   0x00000004   Data   RW         2962    .data               system_stm32f4xx.o
    0x20000008   0x00000001   Data   RW         3039    .data               stm32f4xx_it.o
    0x20000009   0x00000003   PAD
    0x2000000c   0x00000018   Data   RW         3265    .data               main.o
    0x20000024   0x00000001   Data   RW         3266    .data               main.o
    0x20000025   0x00000003   PAD
    0x20000028   0x00000040   Data   RW         3393    .data               freertos.o
    0x20000068   0x00000001   Data   RW         3760    .data               key.o
    0x20000069   0x00000008   Data   RW         3795    .data               can.o
    0x20000071   0x00000003   PAD
    0x20000074   0x00000024   Data   RW         3860    .data               malloc.o
    0x20000098   0x0000001c   Data   RW         5464    .data               trckernelport.o
    0x200000b4   0x00000054   Data   RW         5644    .data               trcstreamingrecorder.o
    0x20000108   0x0000003c   Data   RW         6121    .data               tasks.o
    0x20000144   0x0000000c   Data   RW         6513    .data               port.o
    0x20000150   0x00000018   Data   RW         7194    .data               heap_4.o
    0x20000168   0x00000688   Zero   RW         3252    .bss                main.o
    0x200007f0   0x00000014   Zero   RW         3254    .bss                main.o
    0x20000804   0x00000014   Zero   RW         3255    .bss                main.o
    0x20000818   0x00000140   Zero   RW         3257    .bss                main.o
    0x20000958   0x00000140   Zero   RW         3258    .bss                main.o
    0x20000a98   0x00000014   Zero   RW         3259    .bss                main.o
    0x20000aac   0x00000014   Zero   RW         3261    .bss                main.o
    0x20000ac0   0x00000014   Zero   RW         3262    .bss                main.o
    0x20000ad4   0x000000a8   Zero   RW         3487    .bss                adc.o
    0x20000b7c   0x00000074   Zero   RW         3529    .bss                dac.o
    0x20000bf0   0x000000a0   Zero   RW         3571    .bss                usart.o
    0x20000c90   0x000000c0   Zero   RW         3635    .bss                dma.o
    0x20000d50   0x000000b4   Zero   RW         3669    .bss                tim.o
    0x20000e04   0x0000003c   Zero   RW         3721    .bss                stm32f4xx_hal_timebase_tim.o
    0x20000e40   0x00000084   Zero   RW         3794    .bss                can.o
    0x20000ec4   0x0000001c   PAD
    0x20000ee0   0x00014000   Zero   RW         3857    .bss                malloc.o
    0x20014ee0   0x00001400   Zero   RW         3858    .bss                malloc.o
    0x200162e0   0x00000670   Zero   RW         5643    .bss                trcstreamingrecorder.o
    0x20016950   0x000000f8   Zero   RW         5893    .bss                segger_rtt.o
    0x20016a48   0x000000f0   Zero   RW         6120    .bss                tasks.o
    0x20016b38   0x00003c00   Zero   RW         7193    .bss                heap_4.o
    0x2001a738   0x00000060   Zero   RW         7447    .bss                c_w.l(libspace.o)
    0x2001a798   0x00000200   Zero   RW            2    HEAP                startup_stm32f407xx.o
    0x2001a998   0x00000400   Zero   RW            1    STACK               startup_stm32f407xx.o



  Load Region LR$$.ARM.__AT_0x10000000 (Base: 0x10000000, Size: 0x00000000, Max: 0x0000f000, ABSOLUTE)

    Execution Region ER$$.ARM.__AT_0x10000000 (Base: 0x10000000, Size: 0x0000f000, Max: 0x0000f000, ABSOLUTE, UNINIT)

    Base Addr    Size         Type   Attr      Idx    E Section Name        Object

    0x10000000   0x0000f000   Zero   RW         3853    .ARM.__AT_0x10000000  malloc.o



  Load Region LR$$.ARM.__AT_0x1000F000 (Base: 0x1000f000, Size: 0x00000000, Max: 0x00000f00, ABSOLUTE)

    Execution Region ER$$.ARM.__AT_0x1000F000 (Base: 0x1000f000, Size: 0x00000f00, Max: 0x00000f00, ABSOLUTE, UNINIT)

    Base Addr    Size         Type   Attr      Idx    E Section Name        Object

    0x1000f000   0x00000f00   Zero   RW         3854    .ARM.__AT_0x1000F000  malloc.o



  Load Region LR$$.ARM.__AT_0x68000000 (Base: 0x68000000, Size: 0x00000000, Max: 0x000f0000, ABSOLUTE)

    Execution Region ER$$.ARM.__AT_0x68000000 (Base: 0x68000000, Size: 0x000f0000, Max: 0x000f0000, ABSOLUTE, UNINIT)

    Base Addr    Size         Type   Attr      Idx    E Section Name        Object

    0x68000000   0x000f0000   Zero   RW         3855    .ARM.__AT_0x68000000  malloc.o



  Load Region LR$$.ARM.__AT_0x680F0000 (Base: 0x680f0000, Size: 0x00000000, Max: 0x0000f000, ABSOLUTE)

    Execution Region ER$$.ARM.__AT_0x680F0000 (Base: 0x680f0000, Size: 0x0000f000, Max: 0x0000f000, ABSOLUTE, UNINIT)

    Base Addr    Size         Type   Attr      Idx    E Section Name        Object

    0x680f0000   0x0000f000   Zero   RW         3856    .ARM.__AT_0x680F0000  malloc.o


==============================================================================

Image component sizes


      Code (inc. data)   RO Data    RW Data    ZI Data      Debug   Object Name

       256         62          0          0        168       1783   adc.o
       508          0          0          0          0      10507   bits.o
       316         46          0          8        132       3101   can.o
      2538         10          0          0          0      18575   cb_search.o
       140          0          0          0          0      14260   cmsis_os.o
       232         62          0          0        116       1753   dac.o
       280         30          0          0        192       1282   dma.o
         0          0        160          0          0        470   exc_10_16_table.o
         0          0        320          0          0        470   exc_10_32_table.o
         0          0        640          0          0        470   exc_20_32_table.o
         0          0       1280          0          0        470   exc_5_256_table.o
         0          0        320          0          0        469   exc_5_64_table.o
         0          0       1024          0          0        470   exc_8_128_table.o
      2966         26        106          0          0      20301   filters.o
      1848        238       6256         64          0      10744   freertos.o
         0          0        512          0          0        455   gain_table.o
         0          0        128          0          0        464   gain_table_lbr.o
       176         12          0          0          0        999   gpio.o
       520         30          0         24      15360       7623   heap_4.o
       296         28          0          1          0       1726   key.o
         0          0          0          0          0       1472   kiss_fft.o
       136          0          0          0          0       3650   list.o
       276          0          0          0          0       2263   lpc.o
      1780         12          0          0          0       9236   lsp.o
         0          0       1920          0          0        668   lsp_tables_nb.o
      3394          6          0          0          0      16974   ltp.o
       586         86          0         25       2412      11272   main.o
       488         44         36         36    1196800       8037   malloc.o
         0          0        819          0          0       7191   modes.o
      7462        374        220          0          0      33022   nb_celp.o
       762         82          0         12          0      12117   port.o
      1298         64          0          0          0       7769   quant_lsp.o
      2332         88          0          0          0      15181   queue.o
       430         42          0          0        248       9478   segger_rtt.o
        78          0          0          0          0       4832   speex.o
       118          0          0          0          0       3060   speex_callbacks.o
        64         26        392          0       1536        860   startup_stm32f407xx.o
        80         16          0          4          0       3288   stm32f4xx_hal.o
      1196         54          0          0          0       7210   stm32f4xx_hal_adc.o
      2064         32          0          0          0       8364   stm32f4xx_hal_can.o
       218         14          0          0          0      31125   stm32f4xx_hal_cortex.o
       414         26          0          0          0       5458   stm32f4xx_hal_dac.o
        56          0          0          0          0       4121   stm32f4xx_hal_dac_ex.o
      1098         20          8          0          0       7554   stm32f4xx_hal_dma.o
       476         46          0          0          0       3900   stm32f4xx_hal_gpio.o
        88          0          0          0          0        542   stm32f4xx_hal_msp.o
      1444         90          0          0          0     707825   stm32f4xx_hal_rcc.o
       982         44          0          0          0      10371   stm32f4xx_hal_tim.o
        84          0          0          0          0       2534   stm32f4xx_hal_tim_ex.o
       116         16          0          0         60       1500   stm32f4xx_hal_timebase_tim.o
      1620         26          0          0          0      11597   stm32f4xx_hal_uart.o
       308        100          0          1          0      32108   stm32f4xx_it.o
        84         18         24          4          0       1207   system_stm32f4xx.o
      2530        216          0         60        240      33321   tasks.o
       488         84          0          0        180       3136   tim.o
       104          6          0         28          0       5987   trckernelport.o
        34          0          0          0          0       1337   trcstreamingport.o
      2360        706          0         84       1648      27664   trcstreamingrecorder.o
       248         60          0          0        160       1837   usart.o
       364          0          0          0          0       4287   vq.o
         0          0        422          0          0        620   window.o

    ----------------------------------------------------------------------
     45802       2942      14626        360    1219280    1160367   Object Totals
         0          0         32          0          0          0   (incl. Generated)
        66          0          7          9         28          0   (incl. Padding)

    ----------------------------------------------------------------------

      Code (inc. data)   RO Data    RW Data    ZI Data      Debug   Library Member Name

        90          0          0          0          0          0   __dczerorl2.o
         8          0          0          0          0         68   __main.o
         0          0          0          0          0          0   __rtentry.o
        12          0          0          0          0          0   __rtentry2.o
         6          0          0          0          0          0   __rtentry4.o
        52          8          0          0          0          0   __scatter.o
        28          0          0          0          0          0   __scatter_zi.o
        16          0          0          0          0         68   aeabi_memset.o
        18          0          0          0          0         80   exit.o
         6          0          0          0          0        152   heapauxi.o
         0          0          0          0          0          0   indicate_semi.o
         2          0          0          0          0          0   libinit.o
         6          0          0          0          0          0   libinit2.o
         2          0          0          0          0          0   libshutdown.o
         2          0          0          0          0          0   libshutdown2.o
         8          4          0          0         96         68   libspace.o
        68          0          0          0          0         68   rt_memclr.o
        78          0          0          0          0         80   rt_memclr_w.o
       138          0          0          0          0         68   rt_memcpy_v6.o
       100          0          0          0          0         80   rt_memcpy_w.o
         2          0          0          0          0          0   rtexit.o
        10          0          0          0          0          0   rtexit2.o
        72          0          0          0          0         80   strcpy.o
        12          4          0          0          0         68   sys_exit.o
        74          0          0          0          0         80   sys_stackheap_outer.o
         2          0          0          0          0         68   use_no_semi.o
        10          0          0          0          0        116   fpinit.o

    ----------------------------------------------------------------------
       828         16          0          0         96       1144   Library Totals
         6          0          0          0          0          0   (incl. Padding)

    ----------------------------------------------------------------------

      Code (inc. data)   RO Data    RW Data    ZI Data      Debug   Library Name

       812         16          0          0         96       1028   c_w.l
        10          0          0          0          0        116   fz_wm.l

    ----------------------------------------------------------------------
       828         16          0          0         96       1144   Library Totals

    ----------------------------------------------------------------------

==============================================================================


      Code (inc. data)   RO Data    RW Data    ZI Data      Debug   

     46630       2958      14626        360    1219376    1128843   Grand Totals
     46630       2958      14626         72    1219376    1128843   ELF Image Totals (compressed)
     46630       2958      14626         72          0          0   ROM Totals

==============================================================================

    Total RO  Size (Code + RO Data)                61256 (  59.82kB)
    Total RW  Size (RW Data + ZI Data)           1219736 (1191.15kB)
    Total ROM Size (Code + RO Data + RW Data)      61328 (  59.89kB)

==============================================================================

